192.0.2.11 - - [22/Mar/2026:12:44:24 +0000] "GET /api/rest/V1/products HTTP/1.1" 200 9565 "-" "Mozilla/5.0 (Windows NT 10.0; Win64; x64) AppleWebKit/537.36 (KHTML, like Gecko) Chrome/123.0.0.0 Safari/537.36"
192.0.2.11 - - [22/Mar/2026:12:44:24 +0000] "GET /api/rest/V1/products HTTP/1.1" 200 10460 "-" "Mozilla/5.0 (X11; Linux x86_64) AppleWebKit/537.36 (KHTML, like Gecko) Chrome/123.0.0.0 Safari/537.36"
192.0.2.12 - - [22/Mar/2026:12:44:27 +0000] "GET /catalog/product/view/id/42/ HTTP/1.1" 200 12039 "-" "Mozilla/5.0 (X11; Linux x86_64) AppleWebKit/537.36 (KHTML, like Gecko) Chrome/123.0.0.0 Safari/537.36"
192.0.2.14 - - [22/Mar/2026:12:44:26 +0000] "GET /wishlist/index/ HTTP/1.1" 200 7441 "-" "Mozilla/5.0 (Windows NT 10.0; Win64; x64) AppleWebKit/537.36 (KHTML, like Gecko) Chrome/123.0.0.0 Safari/537.36"
192.0.2.11 - - [22/Mar/2026:12:44:29 +0000] "POST /catalog/category/view/id/3/ HTTP/1.1" 200 5678 "-" "Mozilla/5.0 (Macintosh; Intel Mac OS X 10_15_7) AppleWebKit/605.1.15 (KHTML, like Gecko) Version/17.3 Safari/605.1.15"
192.0.2.20 - - [22/Mar/2026:12:44:33 +0000] "GET /pub/media/catalog/product/cache/1/image/800x/productmain.jpg HTTP/1.1" 200 9017 "-" "Mozilla/5.0 (X11; Linux x86_64) AppleWebKit/537.36 (KHTML, like Gecko) Chrome/123.0.0.0 Safari/537.36"
192.0.2.14 - - [22/Mar/2026:12:44:32 +0000] "GET /pub/media/catalog/product/cache/1/image/800x/productmain.jpg HTTP/1.1" 200 24134 "-" "Mozilla/5.0 (X11; Linux x86_64) AppleWebKit/537.36 (KHTML, like Gecko) Chrome/123.0.0.0 Safari/537.36"
192.0.2.13 - - [22/Mar/2026:12:44:35 +0000] "GET /pub/static/frontend/Magento/luma/en_US/css/styles-m.css HTTP/1.1" 200 11607 "-" "Mozilla/5.0 (Macintosh; Intel Mac OS X 10_15_7) AppleWebKit/605.1.15 (KHTML, like Gecko) Version/17.3 Safari/605.1.15"
192.0.2.15 - - [22/Mar/2026:12:44:36 +0000] "GET /catalog/category/view/id/3/ HTTP/1.1" 200 5835 "-" "Mozilla/5.0 (Windows NT 10.0; Win64; x64) AppleWebKit/537.36 (KHTML, like Gecko) Chrome/123.0.0.0 Safari/537.36"
192.0.2.11 - - [22/Mar/2026:12:44:39 +0000] "POST /api/rest/V1/products HTTP/1.1" 200 24549 "-" "Mozilla/5.0 (Windows NT 10.0; Win64; x64) AppleWebKit/537.36 (KHTML, like Gecko) Chrome/123.0.0.0 Safari/537.36"
192.0.2.13 - - [22/Mar/2026:12:44:43 +0000] "GET /wishlist/index/ HTTP/1.1" 200 6786 "-" "Mozilla/5.0 (Windows NT 10.0; Win64; x64) AppleWebKit/537.36 (KHTML, like Gecko) Chrome/123.0.0.0 Safari/537.36"
192.0.2.12 - - [22/Mar/2026:12:44:42 +0000] "GET /api/rest/V1/products HTTP/1.1" 200 24625 "-" "Mozilla/5.0 (Macintosh; Intel Mac OS X 10_15_7) AppleWebKit/605.1.15 (KHTML, like Gecko) Version/17.3 Safari/605.1.15"
192.0.2.11 - - [22/Mar/2026:12:44:48 +0000] "POST /pub/static/frontend/Magento/luma/en_US/css/styles-m.css HTTP/1.1" 200 10347 "-" "curl/7.88.1"
192.0.2.11 - - [22/Mar/2026:12:44:46 +0000] "GET /catalog/category/view/id/3/ HTTP/1.1" 404 22318 "-" "curl/7.88.1"
192.0.2.11 - - [22/Mar/2026:12:44:52 +0000] "GET /checkout/cart/ HTTP/1.1" 200 19392 "-" "Mozilla/5.0 (X11; Linux x86_64) AppleWebKit/537.36 (KHTML, like Gecko) Chrome/123.0.0.0 Safari/537.36"
192.0.2.11 - - [22/Mar/2026:12:44:52 +0000] "GET /catalog/product/view/id/42/ HTTP/1.1" 200 9801 "-" "Mozilla/5.0 (Windows NT 10.0; Win64; x64) AppleWebKit/537.36 (KHTML, like Gecko) Chrome/123.0.0.0 Safari/537.36"
192.0.2.12 - - [22/Mar/2026:12:44:52 +0000] "GET /checkout/cart/ HTTP/1.1" 200 17003 "-" "Mozilla/5.0 (Macintosh; Intel Mac OS X 10_15_7) AppleWebKit/605.1.15 (KHTML, like Gecko) Version/17.3 Safari/605.1.15"
192.0.2.14 - - [22/Mar/2026:12:44:58 +0000] "GET /checkout/cart/ HTTP/1.1" 404 24646 "-" "curl/7.88.1"
192.0.2.20 - - [22/Mar/2026:12:44:57 +0000] "GET /api/rest/V1/products HTTP/1.1" 200 6222 "-" "Mozilla/5.0 (X11; Linux x86_64) AppleWebKit/537.36 (KHTML, like Gecko) Chrome/123.0.0.0 Safari/537.36"
192.0.2.12 - - [22/Mar/2026:12:44:58 +0000] "GET /checkout/cart/ HTTP/1.1" 200 20738 "-" "curl/7.88.1"
192.0.2.15 - - [22/Mar/2026:12:45:01 +0000] "POST /catalog/category/view/id/3/ HTTP/1.1" 200 8726 "-" "Mozilla/5.0 (Windows NT 10.0; Win64; x64) AppleWebKit/537.36 (KHTML, like Gecko) Chrome/123.0.0.0 Safari/537.36"
192.0.2.20 - - [22/Mar/2026:12:45:04 +0000] "GET /checkout/cart/ HTTP/1.1" 200 20207 "-" "Mozilla/5.0 (Windows NT 10.0; Win64; x64) AppleWebKit/537.36 (KHTML, like Gecko) Chrome/123.0.0.0 Safari/537.36"
192.0.2.11 - - [22/Mar/2026:12:45:05 +0000] "GET /catalog/product/view/id/42/ HTTP/1.1" 200 9768 "-" "Mozilla/5.0 (X11; Linux x86_64) AppleWebKit/537.36 (KHTML, like Gecko) Chrome/123.0.0.0 Safari/537.36"
192.0.2.10 - - [22/Mar/2026:12:45:09 +0000] "POST /index.php HTTP/1.1" 200 23473 "-" "Mozilla/5.0 (Macintosh; Intel Mac OS X 10_15_7) AppleWebKit/605.1.15 (KHTML, like Gecko) Version/17.3 Safari/605.1.15"
192.0.2.10 - - [22/Mar/2026:12:45:09 +0000] "GET /checkout/cart/ HTTP/1.1" 200 10376 "-" "Mozilla/5.0 (Windows NT 10.0; Win64; x64) AppleWebKit/537.36 (KHTML, like Gecko) Chrome/123.0.0.0 Safari/537.36"
192.0.2.20 - - [22/Mar/2026:12:45:14 +0000] "GET /catalog/category/view/id/3/ HTTP/1.1" 200 14530 "-" "curl/7.88.1"
192.0.2.14 - - [22/Mar/2026:12:45:13 +0000] "POST /catalog/category/view/id/3/ HTTP/1.1" 200 19834 "-" "Mozilla/5.0 (X11; Linux x86_64) AppleWebKit/537.36 (KHTML, like Gecko) Chrome/123.0.0.0 Safari/537.36"
192.0.2.15 - - [22/Mar/2026:12:45:15 +0000] "POST /checkout/cart/ HTTP/1.1" 200 5334 "-" "curl/7.88.1"
192.0.2.13 - - [22/Mar/2026:12:45:16 +0000] "GET /api/rest/V1/products HTTP/1.1" 200 7796 "-" "Mozilla/5.0 (X11; Linux x86_64) AppleWebKit/537.36 (KHTML, like Gecko) Chrome/123.0.0.0 Safari/537.36"
192.0.2.12 - - [22/Mar/2026:12:45:18 +0000] "GET /pub/media/catalog/product/cache/1/image/800x/productmain.jpg HTTP/1.1" 200 11912 "-" "curl/7.88.1"
192.0.2.13 - - [22/Mar/2026:12:45:21 +0000] "POST /api/rest/V1/products HTTP/1.1" 200 12125 "-" "Mozilla/5.0 (X11; Linux x86_64) AppleWebKit/537.36 (KHTML, like Gecko) Chrome/123.0.0.0 Safari/537.36"
192.0.2.20 - - [22/Mar/2026:12:45:25 +0000] "GET /pub/media/catalog/product/cache/1/image/800x/productmain.jpg HTTP/1.1" 200 23180 "-" "Mozilla/5.0 (Windows NT 10.0; Win64; x64) AppleWebKit/537.36 (KHTML, like Gecko) Chrome/123.0.0.0 Safari/537.36"
192.0.2.12 - - [22/Mar/2026:12:45:26 +0000] "GET /checkout/cart/ HTTP/1.1" 404 21250 "-" "curl/7.88.1"
192.0.2.13 - - [22/Mar/2026:12:45:29 +0000] "GET /pub/media/catalog/product/cache/1/image/800x/productmain.jpg HTTP/1.1" 200 10903 "-" "curl/7.88.1"
192.0.2.14 - - [22/Mar/2026:12:45:30 +0000] "GET /catalog/category/view/id/3/ HTTP/1.1" 200 5403 "-" "Mozilla/5.0 (X11; Linux x86_64) AppleWebKit/537.36 (KHTML, like Gecko) Chrome/123.0.0.0 Safari/537.36"
192.0.2.14 - - [22/Mar/2026:12:45:31 +0000] "GET /catalog/product/view/id/42/ HTTP/1.1" 404 11263 "-" "Mozilla/5.0 (Windows NT 10.0; Win64; x64) AppleWebKit/537.36 (KHTML, like Gecko) Chrome/123.0.0.0 Safari/537.36"
192.0.2.15 - - [22/Mar/2026:12:45:34 +0000] "GET /catalog/category/view/id/3/ HTTP/1.1" 200 6635 "-" "Mozilla/5.0 (Windows NT 10.0; Win64; x64) AppleWebKit/537.36 (KHTML, like Gecko) Chrome/123.0.0.0 Safari/537.36"
192.0.2.14 - - [22/Mar/2026:12:45:38 +0000] "GET /wishlist/index/ HTTP/1.1" 200 18029 "-" "Mozilla/5.0 (Windows NT 10.0; Win64; x64) AppleWebKit/537.36 (KHTML, like Gecko) Chrome/123.0.0.0 Safari/537.36"
192.0.2.11 - - [22/Mar/2026:12:45:39 +0000] "GET /wishlist/index/ HTTP/1.1" 200 10253 "-" "Mozilla/5.0 (Macintosh; Intel Mac OS X 10_15_7) AppleWebKit/605.1.15 (KHTML, like Gecko) Version/17.3 Safari/605.1.15"
192.0.2.11 - - [22/Mar/2026:12:45:40 +0000] "GET /index.php HTTP/1.1" 200 13651 "-" "Mozilla/5.0 (Macintosh; Intel Mac OS X 10_15_7) AppleWebKit/605.1.15 (KHTML, like Gecko) Version/17.3 Safari/605.1.15"
192.0.2.15 - - [22/Mar/2026:12:45:44 +0000] "GET /wishlist/index/ HTTP/1.1" 200 17593 "-" "curl/7.88.1"
192.0.2.10 - - [22/Mar/2026:12:45:45 +0000] "POST /pub/media/catalog/product/cache/1/image/800x/productmain.jpg HTTP/1.1" 200 16992 "-" "Mozilla/5.0 (Macintosh; Intel Mac OS X 10_15_7) AppleWebKit/605.1.15 (KHTML, like Gecko) Version/17.3 Safari/605.1.15"
192.0.2.14 - - [22/Mar/2026:12:45:46 +0000] "GET /pub/static/frontend/Magento/luma/en_US/css/styles-m.css HTTP/1.1" 200 6960 "-" "curl/7.88.1"
192.0.2.14 - - [22/Mar/2026:12:45:46 +0000] "GET /pub/media/catalog/product/cache/1/image/800x/productmain.jpg HTTP/1.1" 200 13633 "-" "Mozilla/5.0 (X11; Linux x86_64) AppleWebKit/537.36 (KHTML, like Gecko) Chrome/123.0.0.0 Safari/537.36"
192.0.2.10 - - [22/Mar/2026:12:45:50 +0000] "GET /wishlist/index/ HTTP/1.1" 200 9431 "-" "Mozilla/5.0 (Macintosh; Intel Mac OS X 10_15_7) AppleWebKit/605.1.15 (KHTML, like Gecko) Version/17.3 Safari/605.1.15"
192.0.2.14 - - [22/Mar/2026:12:45:54 +0000] "GET /pub/static/frontend/Magento/luma/en_US/css/styles-m.css HTTP/1.1" 200 23008 "-" "Mozilla/5.0 (X11; Linux x86_64) AppleWebKit/537.36 (KHTML, like Gecko) Chrome/123.0.0.0 Safari/537.36"
192.0.2.13 - - [22/Mar/2026:12:45:56 +0000] "GET /catalog/category/view/id/3/ HTTP/1.1" 200 13320 "-" "Mozilla/5.0 (X11; Linux x86_64) AppleWebKit/537.36 (KHTML, like Gecko) Chrome/123.0.0.0 Safari/537.36"
192.0.2.13 - - [22/Mar/2026:12:45:58 +0000] "GET /pub/static/frontend/Magento/luma/en_US/css/styles-m.css HTTP/1.1" 404 20832 "-" "Mozilla/5.0 (Macintosh; Intel Mac OS X 10_15_7) AppleWebKit/605.1.15 (KHTML, like Gecko) Version/17.3 Safari/605.1.15"
192.0.2.15 - - [22/Mar/2026:12:45:58 +0000] "POST /wishlist/index/ HTTP/1.1" 200 21999 "-" "Mozilla/5.0 (Windows NT 10.0; Win64; x64) AppleWebKit/537.36 (KHTML, like Gecko) Chrome/123.0.0.0 Safari/537.36"
203.0.113.42 - - [22/Mar/2026:12:46:01 +0000] "POST /pub/media/wysiwyg/.cache/upload.php HTTP/1.1" 200 1171 "-" "curl/7.88.1"
192.0.2.20 - - [22/Mar/2026:12:46:02 +0000] "GET /wishlist/index/ HTTP/1.1" 200 17164 "-" "Mozilla/5.0 (Windows NT 10.0; Win64; x64) AppleWebKit/537.36 (KHTML, like Gecko) Chrome/123.0.0.0 Safari/537.36"
192.0.2.11 - - [22/Mar/2026:12:46:04 +0000] "GET /api/rest/V1/products HTTP/1.1" 200 23921 "-" "curl/7.88.1"
192.0.2.20 - - [22/Mar/2026:12:46:07 +0000] "GET /index.php HTTP/1.1" 200 14496 "-" "Mozilla/5.0 (Windows NT 10.0; Win64; x64) AppleWebKit/537.36 (KHTML, like Gecko) Chrome/123.0.0.0 Safari/537.36"
192.0.2.11 - - [22/Mar/2026:12:46:07 +0000] "GET /catalog/category/view/id/3/ HTTP/1.1" 200 13042 "-" "curl/7.88.1"
192.0.2.20 - - [22/Mar/2026:12:46:08 +0000] "GET /catalog/product/view/id/42/ HTTP/1.1" 200 5405 "-" "Mozilla/5.0 (Macintosh; Intel Mac OS X 10_15_7) AppleWebKit/605.1.15 (KHTML, like Gecko) Version/17.3 Safari/605.1.15"
198.51.100.77 - - [22/Mar/2026:12:46:12 +0000] "GET /pub/media/wysiwyg/.cache/upload.php/img-6857.gif?cmd=ea9c7 HTTP/1.1" 200 2886 "-" "curl/7.88.1"
192.0.2.14 - - [22/Mar/2026:12:46:12 +0000] "GET /pub/media/catalog/product/cache/1/image/800x/productmain.jpg HTTP/1.1" 200 24312 "-" "Mozilla/5.0 (Macintosh; Intel Mac OS X 10_15_7) AppleWebKit/605.1.15 (KHTML, like Gecko) Version/17.3 Safari/605.1.15"
192.0.2.12 - - [22/Mar/2026:12:46:14 +0000] "GET /checkout/cart/ HTTP/1.1" 200 7580 "-" "Mozilla/5.0 (Windows NT 10.0; Win64; x64) AppleWebKit/537.36 (KHTML, like Gecko) Chrome/123.0.0.0 Safari/537.36"
203.0.113.42 - - [22/Mar/2026:12:46:19 +0000] "GET /pub/media/catalog/product/.cache/a.php/img-7969.gif?x=bf98c HTTP/1.1" 200 1373 "-" "curl/7.88.1"
192.0.2.10 - - [22/Mar/2026:12:46:20 +0000] "GET /wishlist/index/ HTTP/1.1" 200 20599 "-" "Mozilla/5.0 (X11; Linux x86_64) AppleWebKit/537.36 (KHTML, like Gecko) Chrome/123.0.0.0 Safari/537.36"
192.0.2.11 - - [22/Mar/2026:12:46:24 +0000] "GET /pub/static/frontend/Magento/luma/en_US/css/styles-m.css HTTP/1.1" 200 18616 "-" "curl/7.88.1"
192.0.2.15 - - [22/Mar/2026:12:46:26 +0000] "GET /index.php HTTP/1.1" 200 17284 "-" "Mozilla/5.0 (Windows NT 10.0; Win64; x64) AppleWebKit/537.36 (KHTML, like Gecko) Chrome/123.0.0.0 Safari/537.36"
192.0.2.14 - - [22/Mar/2026:12:46:26 +0000] "GET /wishlist/index/ HTTP/1.1" 200 9068 "-" "Mozilla/5.0 (Windows NT 10.0; Win64; x64) AppleWebKit/537.36 (KHTML, like Gecko) Chrome/123.0.0.0 Safari/537.36"
192.0.2.12 - - [22/Mar/2026:12:46:27 +0000] "GET /catalog/product/view/id/42/ HTTP/1.1" 200 5403 "-" "curl/7.88.1"
192.0.2.13 - - [22/Mar/2026:12:46:31 +0000] "POST /index.php HTTP/1.1" 200 12204 "-" "curl/7.88.1"
192.0.2.11 - - [22/Mar/2026:12:46:31 +0000] "GET /catalog/category/view/id/3/ HTTP/1.1" 200 15591 "-" "Mozilla/5.0 (Windows NT 10.0; Win64; x64) AppleWebKit/537.36 (KHTML, like Gecko) Chrome/123.0.0.0 Safari/537.36"
192.0.2.13 - - [22/Mar/2026:12:46:32 +0000] "GET /catalog/product/view/id/42/ HTTP/1.1" 200 20014 "-" "Mozilla/5.0 (Macintosh; Intel Mac OS X 10_15_7) AppleWebKit/605.1.15 (KHTML, like Gecko) Version/17.3 Safari/605.1.15"
192.0.2.15 - - [22/Mar/2026:12:46:34 +0000] "GET /pub/static/frontend/Magento/luma/en_US/css/styles-m.css HTTP/1.1" 200 24592 "-" "Mozilla/5.0 (Macintosh; Intel Mac OS X 10_15_7) AppleWebKit/605.1.15 (KHTML, like Gecko) Version/17.3 Safari/605.1.15"
192.0.2.11 - - [22/Mar/2026:12:46:37 +0000] "GET /index.php HTTP/1.1" 200 23721 "-" "Mozilla/5.0 (Macintosh; Intel Mac OS X 10_15_7) AppleWebKit/605.1.15 (KHTML, like Gecko) Version/17.3 Safari/605.1.15"
198.51.100.213 - - [22/Mar/2026:12:46:40 +0000] "POST /pub/media/catalog/product/.cache/a.php HTTP/1.1" 200 1147 "-" "curl/7.88.1"
192.0.2.15 - - [22/Mar/2026:12:46:44 +0000] "GET /wishlist/index/ HTTP/1.1" 200 7519 "-" "Mozilla/5.0 (X11; Linux x86_64) AppleWebKit/537.36 (KHTML, like Gecko) Chrome/123.0.0.0 Safari/537.36"
192.0.2.15 - - [22/Mar/2026:12:46:46 +0000] "GET /checkout/cart/ HTTP/1.1" 200 7833 "-" "Mozilla/5.0 (X11; Linux x86_64) AppleWebKit/537.36 (KHTML, like Gecko) Chrome/123.0.0.0 Safari/537.36"
192.0.2.14 - - [22/Mar/2026:12:46:46 +0000] "GET /pub/media/catalog/product/cache/1/image/800x/productmain.jpg HTTP/1.1" 200 20770 "-" "curl/7.88.1"
192.0.2.11 - - [22/Mar/2026:12:46:46 +0000] "GET /pub/static/frontend/Magento/luma/en_US/css/styles-m.css HTTP/1.1" 200 13192 "-" "Mozilla/5.0 (Macintosh; Intel Mac OS X 10_15_7) AppleWebKit/605.1.15 (KHTML, like Gecko) Version/17.3 Safari/605.1.15"
192.0.2.13 - - [22/Mar/2026:12:46:50 +0000] "GET /api/rest/V1/products HTTP/1.1" 200 5339 "-" "Mozilla/5.0 (X11; Linux x86_64) AppleWebKit/537.36 (KHTML, like Gecko) Chrome/123.0.0.0 Safari/537.36"
192.0.2.12 - - [22/Mar/2026:12:46:50 +0000] "GET /catalog/product/view/id/42/ HTTP/1.1" 200 19593 "-" "Mozilla/5.0 (Macintosh; Intel Mac OS X 10_15_7) AppleWebKit/605.1.15 (KHTML, like Gecko) Version/17.3 Safari/605.1.15"
192.0.2.12 - - [22/Mar/2026:12:46:56 +0000] "GET /checkout/cart/ HTTP/1.1" 200 21157 "-" "Mozilla/5.0 (Macintosh; Intel Mac OS X 10_15_7) AppleWebKit/605.1.15 (KHTML, like Gecko) Version/17.3 Safari/605.1.15"
192.0.2.10 - - [22/Mar/2026:12:46:58 +0000] "GET /pub/media/catalog/product/cache/1/image/800x/productmain.jpg HTTP/1.1" 200 9358 "-" "Mozilla/5.0 (Windows NT 10.0; Win64; x64) AppleWebKit/537.36 (KHTML, like Gecko) Chrome/123.0.0.0 Safari/537.36"
192.0.2.12 - - [22/Mar/2026:12:46:57 +0000] "GET /wishlist/index/ HTTP/1.1" 200 24380 "-" "curl/7.88.1"
203.0.113.42 - - [22/Mar/2026:12:47:01 +0000] "GET /pub/media/captcha/.tmp/x.php/img-3913.gif?cmd=87b08 HTTP/1.1" 200 4094 "-" "curl/7.88.1"
192.0.2.12 - - [22/Mar/2026:12:47:00 +0000] "GET /pub/media/catalog/product/cache/1/image/800x/productmain.jpg HTTP/1.1" 200 22558 "-" "curl/7.88.1"
192.0.2.15 - - [22/Mar/2026:12:47:04 +0000] "GET /checkout/cart/ HTTP/1.1" 200 19142 "-" "Mozilla/5.0 (X11; Linux x86_64) AppleWebKit/537.36 (KHTML, like Gecko) Chrome/123.0.0.0 Safari/537.36"
192.0.2.13 - - [22/Mar/2026:12:47:08 +0000] "GET /pub/media/catalog/product/cache/1/image/800x/productmain.jpg HTTP/1.1" 200 15815 "-" "Mozilla/5.0 (Windows NT 10.0; Win64; x64) AppleWebKit/537.36 (KHTML, like Gecko) Chrome/123.0.0.0 Safari/537.36"
192.0.2.10 - - [22/Mar/2026:12:47:10 +0000] "GET /checkout/cart/ HTTP/1.1" 200 12428 "-" "curl/7.88.1"
192.0.2.14 - - [22/Mar/2026:12:47:09 +0000] "GET /wishlist/index/ HTTP/1.1" 200 15418 "-" "curl/7.88.1"
192.0.2.12 - - [22/Mar/2026:12:47:13 +0000] "GET /wishlist/index/ HTTP/1.1" 200 22391 "-" "Mozilla/5.0 (Windows NT 10.0; Win64; x64) AppleWebKit/537.36 (KHTML, like Gecko) Chrome/123.0.0.0 Safari/537.36"
192.0.2.20 - - [22/Mar/2026:12:47:14 +0000] "GET /checkout/cart/ HTTP/1.1" 200 15219 "-" "Mozilla/5.0 (X11; Linux x86_64) AppleWebKit/537.36 (KHTML, like Gecko) Chrome/123.0.0.0 Safari/537.36"
192.0.2.10 - - [22/Mar/2026:12:47:16 +0000] "GET /api/rest/V1/products HTTP/1.1" 200 18046 "-" "Mozilla/5.0 (X11; Linux x86_64) AppleWebKit/537.36 (KHTML, like Gecko) Chrome/123.0.0.0 Safari/537.36"
192.0.2.15 - - [22/Mar/2026:12:47:20 +0000] "GET /index.php HTTP/1.1" 200 5671 "-" "Mozilla/5.0 (X11; Linux x86_64) AppleWebKit/537.36 (KHTML, like Gecko) Chrome/123.0.0.0 Safari/537.36"
192.0.2.15 - - [22/Mar/2026:12:47:18 +0000] "POST /index.php HTTP/1.1" 200 10316 "-" "curl/7.88.1"
192.0.2.10 - - [22/Mar/2026:12:47:21 +0000] "GET /pub/static/frontend/Magento/luma/en_US/css/styles-m.css HTTP/1.1" 200 14675 "-" "Mozilla/5.0 (Macintosh; Intel Mac OS X 10_15_7) AppleWebKit/605.1.15 (KHTML, like Gecko) Version/17.3 Safari/605.1.15"
192.0.2.11 - - [22/Mar/2026:12:47:26 +0000] "GET /catalog/category/view/id/3/ HTTP/1.1" 200 22794 "-" "Mozilla/5.0 (Macintosh; Intel Mac OS X 10_15_7) AppleWebKit/605.1.15 (KHTML, like Gecko) Version/17.3 Safari/605.1.15"
192.0.2.14 - - [22/Mar/2026:12:47:27 +0000] "GET /index.php HTTP/1.1" 200 17126 "-" "Mozilla/5.0 (Macintosh; Intel Mac OS X 10_15_7) AppleWebKit/605.1.15 (KHTML, like Gecko) Version/17.3 Safari/605.1.15"
192.0.2.10 - - [22/Mar/2026:12:47:27 +0000] "GET /wishlist/index/ HTTP/1.1" 200 19782 "-" "Mozilla/5.0 (Macintosh; Intel Mac OS X 10_15_7) AppleWebKit/605.1.15 (KHTML, like Gecko) Version/17.3 Safari/605.1.15"
192.0.2.15 - - [22/Mar/2026:12:47:30 +0000] "GET /catalog/category/view/id/3/ HTTP/1.1" 200 24419 "-" "Mozilla/5.0 (Windows NT 10.0; Win64; x64) AppleWebKit/537.36 (KHTML, like Gecko) Chrome/123.0.0.0 Safari/537.36"
192.0.2.14 - - [22/Mar/2026:12:47:34 +0000] "GET /api/rest/V1/products HTTP/1.1" 200 13661 "-" "curl/7.88.1"
192.0.2.14 - - [22/Mar/2026:12:47:33 +0000] "GET /pub/static/frontend/Magento/luma/en_US/css/styles-m.css HTTP/1.1" 200 22214 "-" "Mozilla/5.0 (Windows NT 10.0; Win64; x64) AppleWebKit/537.36 (KHTML, like Gecko) Chrome/123.0.0.0 Safari/537.36"
192.0.2.15 - - [22/Mar/2026:12:47:35 +0000] "POST /wishlist/index/ HTTP/1.1" 200 20922 "-" "Mozilla/5.0 (X11; Linux x86_64) AppleWebKit/537.36 (KHTML, like Gecko) Chrome/123.0.0.0 Safari/537.36"
192.0.2.20 - - [22/Mar/2026:12:47:38 +0000] "GET /checkout/cart/ HTTP/1.1" 200 9276 "-" "Mozilla/5.0 (X11; Linux x86_64) AppleWebKit/537.36 (KHTML, like Gecko) Chrome/123.0.0.0 Safari/537.36"
192.0.2.13 - - [22/Mar/2026:12:47:42 +0000] "GET /checkout/cart/ HTTP/1.1" 200 11949 "-" "curl/7.88.1"
192.0.2.20 - - [22/Mar/2026:12:47:41 +0000] "GET /wishlist/index/ HTTP/1.1" 200 24071 "-" "Mozilla/5.0 (Macintosh; Intel Mac OS X 10_15_7) AppleWebKit/605.1.15 (KHTML, like Gecko) Version/17.3 Safari/605.1.15"
192.0.2.12 - - [22/Mar/2026:12:47:42 +0000] "GET /checkout/cart/ HTTP/1.1" 200 17586 "-" "Mozilla/5.0 (Macintosh; Intel Mac OS X 10_15_7) AppleWebKit/605.1.15 (KHTML, like Gecko) Version/17.3 Safari/605.1.15"
192.0.2.11 - - [22/Mar/2026:12:47:44 +0000] "GET /index.php HTTP/1.1" 200 19315 "-" "Mozilla/5.0 (Macintosh; Intel Mac OS X 10_15_7) AppleWebKit/605.1.15 (KHTML, like Gecko) Version/17.3 Safari/605.1.15"
192.0.2.20 - - [22/Mar/2026:12:47:48 +0000] "GET /api/rest/V1/products HTTP/1.1" 200 20369 "-" "Mozilla/5.0 (Windows NT 10.0; Win64; x64) AppleWebKit/537.36 (KHTML, like Gecko) Chrome/123.0.0.0 Safari/537.36"
192.0.2.20 - - [22/Mar/2026:12:47:48 +0000] "GET /checkout/cart/ HTTP/1.1" 200 13038 "-" "Mozilla/5.0 (Windows NT 10.0; Win64; x64) AppleWebKit/537.36 (KHTML, like Gecko) Chrome/123.0.0.0 Safari/537.36"
192.0.2.11 - - [22/Mar/2026:12:47:54 +0000] "GET /pub/media/catalog/product/cache/1/image/800x/productmain.jpg HTTP/1.1" 200 9914 "-" "Mozilla/5.0 (Macintosh; Intel Mac OS X 10_15_7) AppleWebKit/605.1.15 (KHTML, like Gecko) Version/17.3 Safari/605.1.15"
192.0.2.12 - - [22/Mar/2026:12:47:52 +0000] "GET /api/rest/V1/products HTTP/1.1" 200 24039 "-" "curl/7.88.1"
192.0.2.13 - - [22/Mar/2026:12:47:58 +0000] "GET /checkout/cart/ HTTP/1.1" 200 6220 "-" "curl/7.88.1"
192.0.2.12 - - [22/Mar/2026:12:47:56 +0000] "GET /api/rest/V1/products HTTP/1.1" 200 5064 "-" "Mozilla/5.0 (X11; Linux x86_64) AppleWebKit/537.36 (KHTML, like Gecko) Chrome/123.0.0.0 Safari/537.36"
192.0.2.12 - - [22/Mar/2026:12:47:59 +0000] "GET /api/rest/V1/products HTTP/1.1" 200 11966 "-" "curl/7.88.1"
192.0.2.14 - - [22/Mar/2026:12:48:03 +0000] "GET /wishlist/index/ HTTP/1.1" 200 24029 "-" "Mozilla/5.0 (X11; Linux x86_64) AppleWebKit/537.36 (KHTML, like Gecko) Chrome/123.0.0.0 Safari/537.36"
192.0.2.15 - - [22/Mar/2026:12:48:04 +0000] "GET /checkout/cart/ HTTP/1.1" 200 14237 "-" "Mozilla/5.0 (Windows NT 10.0; Win64; x64) AppleWebKit/537.36 (KHTML, like Gecko) Chrome/123.0.0.0 Safari/537.36"
192.0.2.11 - - [22/Mar/2026:12:48:07 +0000] "GET /pub/media/catalog/product/cache/1/image/800x/productmain.jpg HTTP/1.1" 200 17706 "-" "Mozilla/5.0 (Macintosh; Intel Mac OS X 10_15_7) AppleWebKit/605.1.15 (KHTML, like Gecko) Version/17.3 Safari/605.1.15"
192.0.2.15 - - [22/Mar/2026:12:48:08 +0000] "GET /pub/static/frontend/Magento/luma/en_US/css/styles-m.css HTTP/1.1" 200 18066 "-" "curl/7.88.1"
192.0.2.11 - - [22/Mar/2026:12:48:12 +0000] "GET /pub/media/catalog/product/cache/1/image/800x/productmain.jpg HTTP/1.1" 200 18162 "-" "Mozilla/5.0 (X11; Linux x86_64) AppleWebKit/537.36 (KHTML, like Gecko) Chrome/123.0.0.0 Safari/537.36"
192.0.2.11 - - [22/Mar/2026:12:48:10 +0000] "GET /checkout/cart/ HTTP/1.1" 200 11293 "-" "Mozilla/5.0 (Windows NT 10.0; Win64; x64) AppleWebKit/537.36 (KHTML, like Gecko) Chrome/123.0.0.0 Safari/537.36"
192.0.2.13 - - [22/Mar/2026:12:48:16 +0000] "GET /catalog/category/view/id/3/ HTTP/1.1" 200 24235 "-" "Mozilla/5.0 (X11; Linux x86_64) AppleWebKit/537.36 (KHTML, like Gecko) Chrome/123.0.0.0 Safari/537.36"
192.0.2.15 - - [22/Mar/2026:12:48:16 +0000] "GET /catalog/category/view/id/3/ HTTP/1.1" 200 22715 "-" "curl/7.88.1"
192.0.2.14 - - [22/Mar/2026:12:48:18 +0000] "GET /pub/media/catalog/product/cache/1/image/800x/productmain.jpg HTTP/1.1" 200 11429 "-" "Mozilla/5.0 (Windows NT 10.0; Win64; x64) AppleWebKit/537.36 (KHTML, like Gecko) Chrome/123.0.0.0 Safari/537.36"
192.0.2.15 - - [22/Mar/2026:12:48:19 +0000] "POST /catalog/category/view/id/3/ HTTP/1.1" 200 22281 "-" "Mozilla/5.0 (Windows NT 10.0; Win64; x64) AppleWebKit/537.36 (KHTML, like Gecko) Chrome/123.0.0.0 Safari/537.36"
192.0.2.14 - - [22/Mar/2026:12:48:21 +0000] "GET /pub/static/frontend/Magento/luma/en_US/css/styles-m.css HTTP/1.1" 200 22955 "-" "Mozilla/5.0 (Macintosh; Intel Mac OS X 10_15_7) AppleWebKit/605.1.15 (KHTML, like Gecko) Version/17.3 Safari/605.1.15"
192.0.2.11 - - [22/Mar/2026:12:48:22 +0000] "GET /index.php HTTP/1.1" 200 16140 "-" "Mozilla/5.0 (Macintosh; Intel Mac OS X 10_15_7) AppleWebKit/605.1.15 (KHTML, like Gecko) Version/17.3 Safari/605.1.15"
192.0.2.12 - - [22/Mar/2026:12:48:27 +0000] "GET /api/rest/V1/products HTTP/1.1" 200 22831 "-" "curl/7.88.1"
192.0.2.11 - - [22/Mar/2026:12:48:27 +0000] "GET /pub/media/catalog/product/cache/1/image/800x/productmain.jpg HTTP/1.1" 200 21510 "-" "Mozilla/5.0 (X11; Linux x86_64) AppleWebKit/537.36 (KHTML, like Gecko) Chrome/123.0.0.0 Safari/537.36"
192.0.2.11 - - [22/Mar/2026:12:48:32 +0000] "GET /catalog/category/view/id/3/ HTTP/1.1" 200 22311 "-" "curl/7.88.1"
192.0.2.99 - - [22/Mar/2026:12:48:30 +0000] "GET /pub/media/captcha/.tmp/x.php/img-304.gif?x=67d52 HTTP/1.1" 200 1513 "-" "curl/7.88.1"
192.0.2.15 - - [22/Mar/2026:12:48:33 +0000] "GET /checkout/cart/ HTTP/1.1" 200 22373 "-" "curl/7.88.1"
192.0.2.11 - - [22/Mar/2026:12:48:37 +0000] "GET /api/rest/V1/products HTTP/1.1" 200 15692 "-" "Mozilla/5.0 (Macintosh; Intel Mac OS X 10_15_7) AppleWebKit/605.1.15 (KHTML, like Gecko) Version/17.3 Safari/605.1.15"
192.0.2.10 - - [22/Mar/2026:12:48:39 +0000] "GET /catalog/product/view/id/42/ HTTP/1.1" 200 19098 "-" "Mozilla/5.0 (Macintosh; Intel Mac OS X 10_15_7) AppleWebKit/605.1.15 (KHTML, like Gecko) Version/17.3 Safari/605.1.15"
192.0.2.14 - - [22/Mar/2026:12:48:38 +0000] "GET /catalog/product/view/id/42/ HTTP/1.1" 200 11826 "-" "curl/7.88.1"
192.0.2.11 - - [22/Mar/2026:12:48:40 +0000] "GET /pub/media/catalog/product/cache/1/image/800x/productmain.jpg HTTP/1.1" 200 5280 "-" "Mozilla/5.0 (Windows NT 10.0; Win64; x64) AppleWebKit/537.36 (KHTML, like Gecko) Chrome/123.0.0.0 Safari/537.36"
192.0.2.13 - - [22/Mar/2026:12:48:43 +0000] "GET /catalog/category/view/id/3/ HTTP/1.1" 200 9975 "-" "Mozilla/5.0 (Windows NT 10.0; Win64; x64) AppleWebKit/537.36 (KHTML, like Gecko) Chrome/123.0.0.0 Safari/537.36"
192.0.2.20 - - [22/Mar/2026:12:48:46 +0000] "GET /pub/media/catalog/product/cache/1/image/800x/productmain.jpg HTTP/1.1" 200 9689 "-" "Mozilla/5.0 (Windows NT 10.0; Win64; x64) AppleWebKit/537.36 (KHTML, like Gecko) Chrome/123.0.0.0 Safari/537.36"
192.0.2.15 - - [22/Mar/2026:12:48:50 +0000] "GET /pub/static/frontend/Magento/luma/en_US/css/styles-m.css HTTP/1.1" 200 13728 "-" "Mozilla/5.0 (X11; Linux x86_64) AppleWebKit/537.36 (KHTML, like Gecko) Chrome/123.0.0.0 Safari/537.36"
192.0.2.12 - - [22/Mar/2026:12:48:48 +0000] "GET /catalog/category/view/id/3/ HTTP/1.1" 200 12265 "-" "Mozilla/5.0 (X11; Linux x86_64) AppleWebKit/537.36 (KHTML, like Gecko) Chrome/123.0.0.0 Safari/537.36"
192.0.2.15 - - [22/Mar/2026:12:48:54 +0000] "GET /pub/static/frontend/Magento/luma/en_US/css/styles-m.css HTTP/1.1" 200 24319 "-" "Mozilla/5.0 (X11; Linux x86_64) AppleWebKit/537.36 (KHTML, like Gecko) Chrome/123.0.0.0 Safari/537.36"
192.0.2.12 - - [22/Mar/2026:12:48:52 +0000] "GET /api/rest/V1/products HTTP/1.1" 200 18912 "-" "Mozilla/5.0 (X11; Linux x86_64) AppleWebKit/537.36 (KHTML, like Gecko) Chrome/123.0.0.0 Safari/537.36"
192.0.2.20 - - [22/Mar/2026:12:48:54 +0000] "GET /pub/media/catalog/product/cache/1/image/800x/productmain.jpg HTTP/1.1" 200 17275 "-" "Mozilla/5.0 (X11; Linux x86_64) AppleWebKit/537.36 (KHTML, like Gecko) Chrome/123.0.0.0 Safari/537.36"
192.0.2.11 - - [22/Mar/2026:12:49:00 +0000] "GET /catalog/category/view/id/3/ HTTP/1.1" 200 9948 "-" "curl/7.88.1"
192.0.2.13 - - [22/Mar/2026:12:48:58 +0000] "GET /pub/media/catalog/product/cache/1/image/800x/productmain.jpg HTTP/1.1" 200 12972 "-" "Mozilla/5.0 (X11; Linux x86_64) AppleWebKit/537.36 (KHTML, like Gecko) Chrome/123.0.0.0 Safari/537.36"
192.0.2.14 - - [22/Mar/2026:12:49:02 +0000] "GET /pub/static/frontend/Magento/luma/en_US/css/styles-m.css HTTP/1.1" 200 10937 "-" "Mozilla/5.0 (Windows NT 10.0; Win64; x64) AppleWebKit/537.36 (KHTML, like Gecko) Chrome/123.0.0.0 Safari/537.36"
192.0.2.13 - - [22/Mar/2026:12:49:04 +0000] "GET /checkout/cart/ HTTP/1.1" 200 7487 "-" "Mozilla/5.0 (Windows NT 10.0; Win64; x64) AppleWebKit/537.36 (KHTML, like Gecko) Chrome/123.0.0.0 Safari/537.36"
192.0.2.20 - - [22/Mar/2026:12:49:07 +0000] "GET /pub/static/frontend/Magento/luma/en_US/css/styles-m.css HTTP/1.1" 200 16128 "-" "Mozilla/5.0 (Macintosh; Intel Mac OS X 10_15_7) AppleWebKit/605.1.15 (KHTML, like Gecko) Version/17.3 Safari/605.1.15"
192.0.2.20 - - [22/Mar/2026:12:49:09 +0000] "GET /index.php HTTP/1.1" 404 23886 "-" "Mozilla/5.0 (Macintosh; Intel Mac OS X 10_15_7) AppleWebKit/605.1.15 (KHTML, like Gecko) Version/17.3 Safari/605.1.15"
192.0.2.15 - - [22/Mar/2026:12:49:08 +0000] "GET /checkout/cart/ HTTP/1.1" 200 18819 "-" "Mozilla/5.0 (Macintosh; Intel Mac OS X 10_15_7) AppleWebKit/605.1.15 (KHTML, like Gecko) Version/17.3 Safari/605.1.15"
192.0.2.13 - - [22/Mar/2026:12:49:10 +0000] "GET /checkout/cart/ HTTP/1.1" 200 16637 "-" "Mozilla/5.0 (Macintosh; Intel Mac OS X 10_15_7) AppleWebKit/605.1.15 (KHTML, like Gecko) Version/17.3 Safari/605.1.15"
192.0.2.20 - - [22/Mar/2026:12:49:12 +0000] "GET /catalog/product/view/id/42/ HTTP/1.1" 200 22080 "-" "Mozilla/5.0 (Macintosh; Intel Mac OS X 10_15_7) AppleWebKit/605.1.15 (KHTML, like Gecko) Version/17.3 Safari/605.1.15"
192.0.2.20 - - [22/Mar/2026:12:49:15 +0000] "GET /checkout/cart/ HTTP/1.1" 200 13338 "-" "Mozilla/5.0 (Macintosh; Intel Mac OS X 10_15_7) AppleWebKit/605.1.15 (KHTML, like Gecko) Version/17.3 Safari/605.1.15"
192.0.2.15 - - [22/Mar/2026:12:49:18 +0000] "GET /catalog/category/view/id/3/ HTTP/1.1" 200 9127 "-" "Mozilla/5.0 (Windows NT 10.0; Win64; x64) AppleWebKit/537.36 (KHTML, like Gecko) Chrome/123.0.0.0 Safari/537.36"
192.0.2.15 - - [22/Mar/2026:12:49:21 +0000] "GET /index.php HTTP/1.1" 200 16547 "-" "curl/7.88.1"
192.0.2.12 - - [22/Mar/2026:12:49:20 +0000] "GET /catalog/category/view/id/3/ HTTP/1.1" 200 6377 "-" "Mozilla/5.0 (Windows NT 10.0; Win64; x64) AppleWebKit/537.36 (KHTML, like Gecko) Chrome/123.0.0.0 Safari/537.36"
192.0.2.15 - - [22/Mar/2026:12:49:25 +0000] "GET /pub/media/catalog/product/cache/1/image/800x/productmain.jpg HTTP/1.1" 200 16785 "-" "Mozilla/5.0 (X11; Linux x86_64) AppleWebKit/537.36 (KHTML, like Gecko) Chrome/123.0.0.0 Safari/537.36"
192.0.2.12 - - [22/Mar/2026:12:49:24 +0000] "GET /api/rest/V1/products HTTP/1.1" 200 15778 "-" "curl/7.88.1"
192.0.2.15 - - [22/Mar/2026:12:49:30 +0000] "GET /catalog/product/view/id/42/ HTTP/1.1" 200 21892 "-" "Mozilla/5.0 (Macintosh; Intel Mac OS X 10_15_7) AppleWebKit/605.1.15 (KHTML, like Gecko) Version/17.3 Safari/605.1.15"
192.0.2.10 - - [22/Mar/2026:12:49:28 +0000] "GET /catalog/category/view/id/3/ HTTP/1.1" 200 13569 "-" "Mozilla/5.0 (Macintosh; Intel Mac OS X 10_15_7) AppleWebKit/605.1.15 (KHTML, like Gecko) Version/17.3 Safari/605.1.15"
192.0.2.13 - - [22/Mar/2026:12:49:34 +0000] "GET /checkout/cart/ HTTP/1.1" 200 6236 "-" "Mozilla/5.0 (Windows NT 10.0; Win64; x64) AppleWebKit/537.36 (KHTML, like Gecko) Chrome/123.0.0.0 Safari/537.36"
192.0.2.12 - - [22/Mar/2026:12:49:32 +0000] "POST /catalog/category/view/id/3/ HTTP/1.1" 200 12492 "-" "Mozilla/5.0 (Windows NT 10.0; Win64; x64) AppleWebKit/537.36 (KHTML, like Gecko) Chrome/123.0.0.0 Safari/537.36"
192.0.2.12 - - [22/Mar/2026:12:49:37 +0000] "GET /index.php HTTP/1.1" 200 11603 "-" "Mozilla/5.0 (Macintosh; Intel Mac OS X 10_15_7) AppleWebKit/605.1.15 (KHTML, like Gecko) Version/17.3 Safari/605.1.15"
192.0.2.10 - - [22/Mar/2026:12:49:38 +0000] "POST /pub/media/catalog/product/cache/1/image/800x/productmain.jpg HTTP/1.1" 200 11449 "-" "curl/7.88.1"
192.0.2.20 - - [22/Mar/2026:12:49:42 +0000] "GET /api/rest/V1/products HTTP/1.1" 200 24624 "-" "curl/7.88.1"
198.51.100.77 - - [22/Mar/2026:12:49:44 +0000] "GET /pub/media/catalog/product/.cache/a.php/img-9194.png?x=2ef18 HTTP/1.1" 200 1598 "-" "curl/7.88.1"
192.0.2.15 - - [22/Mar/2026:12:49:45 +0000] "GET /index.php HTTP/1.1" 200 8847 "-" "Mozilla/5.0 (Macintosh; Intel Mac OS X 10_15_7) AppleWebKit/605.1.15 (KHTML, like Gecko) Version/17.3 Safari/605.1.15"
192.0.2.13 - - [22/Mar/2026:12:49:46 +0000] "GET /wishlist/index/ HTTP/1.1" 200 11380 "-" "curl/7.88.1"
192.0.2.20 - - [22/Mar/2026:12:49:47 +0000] "GET /pub/static/frontend/Magento/luma/en_US/css/styles-m.css HTTP/1.1" 200 7417 "-" "Mozilla/5.0 (Windows NT 10.0; Win64; x64) AppleWebKit/537.36 (KHTML, like Gecko) Chrome/123.0.0.0 Safari/537.36"
192.0.2.14 - - [22/Mar/2026:12:49:49 +0000] "GET /api/rest/V1/products HTTP/1.1" 404 21469 "-" "Mozilla/5.0 (Macintosh; Intel Mac OS X 10_15_7) AppleWebKit/605.1.15 (KHTML, like Gecko) Version/17.3 Safari/605.1.15"
192.0.2.10 - - [22/Mar/2026:12:49:53 +0000] "GET /api/rest/V1/products HTTP/1.1" 200 22110 "-" "Mozilla/5.0 (Windows NT 10.0; Win64; x64) AppleWebKit/537.36 (KHTML, like Gecko) Chrome/123.0.0.0 Safari/537.36"
192.0.2.15 - - [22/Mar/2026:12:49:54 +0000] "GET /index.php HTTP/1.1" 200 20954 "-" "Mozilla/5.0 (Macintosh; Intel Mac OS X 10_15_7) AppleWebKit/605.1.15 (KHTML, like Gecko) Version/17.3 Safari/605.1.15"
192.0.2.15 - - [22/Mar/2026:12:49:54 +0000] "GET /wishlist/index/ HTTP/1.1" 200 5915 "-" "curl/7.88.1"
192.0.2.14 - - [22/Mar/2026:12:50:00 +0000] "GET /api/rest/V1/products HTTP/1.1" 200 14952 "-" "Mozilla/5.0 (Macintosh; Intel Mac OS X 10_15_7) AppleWebKit/605.1.15 (KHTML, like Gecko) Version/17.3 Safari/605.1.15"
192.0.2.20 - - [22/Mar/2026:12:50:01 +0000] "GET /wishlist/index/ HTTP/1.1" 200 14782 "-" "Mozilla/5.0 (Windows NT 10.0; Win64; x64) AppleWebKit/537.36 (KHTML, like Gecko) Chrome/123.0.0.0 Safari/537.36"
192.0.2.11 - - [22/Mar/2026:12:50:04 +0000] "GET /index.php HTTP/1.1" 200 21588 "-" "Mozilla/5.0 (X11; Linux x86_64) AppleWebKit/537.36 (KHTML, like Gecko) Chrome/123.0.0.0 Safari/537.36"
192.0.2.10 - - [22/Mar/2026:12:50:04 +0000] "GET /wishlist/index/ HTTP/1.1" 200 12727 "-" "Mozilla/5.0 (Macintosh; Intel Mac OS X 10_15_7) AppleWebKit/605.1.15 (KHTML, like Gecko) Version/17.3 Safari/605.1.15"
192.0.2.11 - - [22/Mar/2026:12:50:06 +0000] "GET /pub/static/frontend/Magento/luma/en_US/css/styles-m.css HTTP/1.1" 200 7906 "-" "curl/7.88.1"
192.0.2.15 - - [22/Mar/2026:12:50:09 +0000] "POST /catalog/category/view/id/3/ HTTP/1.1" 200 18024 "-" "Mozilla/5.0 (Windows NT 10.0; Win64; x64) AppleWebKit/537.36 (KHTML, like Gecko) Chrome/123.0.0.0 Safari/537.36"
192.0.2.20 - - [22/Mar/2026:12:50:10 +0000] "GET /catalog/category/view/id/3/ HTTP/1.1" 200 22882 "-" "Mozilla/5.0 (X11; Linux x86_64) AppleWebKit/537.36 (KHTML, like Gecko) Chrome/123.0.0.0 Safari/537.36"
192.0.2.20 - - [22/Mar/2026:12:50:11 +0000] "POST /catalog/category/view/id/3/ HTTP/1.1" 200 13481 "-" "Mozilla/5.0 (Macintosh; Intel Mac OS X 10_15_7) AppleWebKit/605.1.15 (KHTML, like Gecko) Version/17.3 Safari/605.1.15"
192.0.2.11 - - [22/Mar/2026:12:50:13 +0000] "GET /pub/media/catalog/product/cache/1/image/800x/productmain.jpg HTTP/1.1" 200 5584 "-" "Mozilla/5.0 (Macintosh; Intel Mac OS X 10_15_7) AppleWebKit/605.1.15 (KHTML, like Gecko) Version/17.3 Safari/605.1.15"
192.0.2.14 - - [22/Mar/2026:12:50:16 +0000] "GET /api/rest/V1/products HTTP/1.1" 200 17923 "-" "Mozilla/5.0 (X11; Linux x86_64) AppleWebKit/537.36 (KHTML, like Gecko) Chrome/123.0.0.0 Safari/537.36"
192.0.2.13 - - [22/Mar/2026:12:50:16 +0000] "GET /index.php HTTP/1.1" 200 11928 "-" "Mozilla/5.0 (X11; Linux x86_64) AppleWebKit/537.36 (KHTML, like Gecko) Chrome/123.0.0.0 Safari/537.36"
192.0.2.14 - - [22/Mar/2026:12:50:20 +0000] "GET /wishlist/index/ HTTP/1.1" 200 15770 "-" "curl/7.88.1"
192.0.2.15 - - [22/Mar/2026:12:50:20 +0000] "GET /index.php HTTP/1.1" 200 17715 "-" "Mozilla/5.0 (Windows NT 10.0; Win64; x64) AppleWebKit/537.36 (KHTML, like Gecko) Chrome/123.0.0.0 Safari/537.36"
192.0.2.12 - - [22/Mar/2026:12:50:23 +0000] "GET /checkout/cart/ HTTP/1.1" 200 21672 "-" "Mozilla/5.0 (Macintosh; Intel Mac OS X 10_15_7) AppleWebKit/605.1.15 (KHTML, like Gecko) Version/17.3 Safari/605.1.15"
192.0.2.20 - - [22/Mar/2026:12:50:26 +0000] "GET /index.php HTTP/1.1" 200 21863 "-" "Mozilla/5.0 (Windows NT 10.0; Win64; x64) AppleWebKit/537.36 (KHTML, like Gecko) Chrome/123.0.0.0 Safari/537.36"
192.0.2.13 - - [22/Mar/2026:12:50:29 +0000] "GET /api/rest/V1/products HTTP/1.1" 200 5180 "-" "Mozilla/5.0 (X11; Linux x86_64) AppleWebKit/537.36 (KHTML, like Gecko) Chrome/123.0.0.0 Safari/537.36"
192.0.2.12 - - [22/Mar/2026:12:50:30 +0000] "GET /index.php HTTP/1.1" 404 19215 "-" "Mozilla/5.0 (Macintosh; Intel Mac OS X 10_15_7) AppleWebKit/605.1.15 (KHTML, like Gecko) Version/17.3 Safari/605.1.15"
192.0.2.12 - - [22/Mar/2026:12:50:32 +0000] "GET /catalog/product/view/id/42/ HTTP/1.1" 200 22583 "-" "Mozilla/5.0 (Windows NT 10.0; Win64; x64) AppleWebKit/537.36 (KHTML, like Gecko) Chrome/123.0.0.0 Safari/537.36"
192.0.2.13 - - [22/Mar/2026:12:50:33 +0000] "GET /catalog/category/view/id/3/ HTTP/1.1" 200 12620 "-" "Mozilla/5.0 (X11; Linux x86_64) AppleWebKit/537.36 (KHTML, like Gecko) Chrome/123.0.0.0 Safari/537.36"
192.0.2.12 - - [22/Mar/2026:12:50:36 +0000] "POST /checkout/cart/ HTTP/1.1" 200 5300 "-" "Mozilla/5.0 (X11; Linux x86_64) AppleWebKit/537.36 (KHTML, like Gecko) Chrome/123.0.0.0 Safari/537.36"
192.0.2.13 - - [22/Mar/2026:12:50:38 +0000] "POST /checkout/cart/ HTTP/1.1" 200 7664 "-" "Mozilla/5.0 (Macintosh; Intel Mac OS X 10_15_7) AppleWebKit/605.1.15 (KHTML, like Gecko) Version/17.3 Safari/605.1.15"
192.0.2.12 - - [22/Mar/2026:12:50:41 +0000] "GET /pub/media/catalog/product/cache/1/image/800x/productmain.jpg HTTP/1.1" 200 20439 "-" "Mozilla/5.0 (Windows NT 10.0; Win64; x64) AppleWebKit/537.36 (KHTML, like Gecko) Chrome/123.0.0.0 Safari/537.36"
192.0.2.13 - - [22/Mar/2026:12:50:44 +0000] "GET /wishlist/index/ HTTP/1.1" 200 23034 "-" "Mozilla/5.0 (X11; Linux x86_64) AppleWebKit/537.36 (KHTML, like Gecko) Chrome/123.0.0.0 Safari/537.36"
192.0.2.15 - - [22/Mar/2026:12:50:43 +0000] "GET /catalog/category/view/id/3/ HTTP/1.1" 200 11153 "-" "curl/7.88.1"
192.0.2.14 - - [22/Mar/2026:12:50:44 +0000] "GET /pub/media/catalog/product/cache/1/image/800x/productmain.jpg HTTP/1.1" 200 18874 "-" "Mozilla/5.0 (Windows NT 10.0; Win64; x64) AppleWebKit/537.36 (KHTML, like Gecko) Chrome/123.0.0.0 Safari/537.36"
192.0.2.14 - - [22/Mar/2026:12:50:50 +0000] "GET /index.php HTTP/1.1" 200 19595 "-" "Mozilla/5.0 (Macintosh; Intel Mac OS X 10_15_7) AppleWebKit/605.1.15 (KHTML, like Gecko) Version/17.3 Safari/605.1.15"
192.0.2.10 - - [22/Mar/2026:12:50:48 +0000] "GET /pub/static/frontend/Magento/luma/en_US/css/styles-m.css HTTP/1.1" 200 11981 "-" "Mozilla/5.0 (Macintosh; Intel Mac OS X 10_15_7) AppleWebKit/605.1.15 (KHTML, like Gecko) Version/17.3 Safari/605.1.15"
198.51.100.77 - - [22/Mar/2026:12:50:51 +0000] "POST /rest/V1/guest-carts/test-1162 HTTP/1.1" 200 1413 "-" "curl/7.88.1"
192.0.2.13 - - [22/Mar/2026:12:50:54 +0000] "GET /catalog/product/view/id/42/ HTTP/1.1" 200 5058 "-" "curl/7.88.1"
192.0.2.10 - - [22/Mar/2026:12:50:54 +0000] "GET /catalog/product/view/id/42/ HTTP/1.1" 200 23760 "-" "Mozilla/5.0 (Macintosh; Intel Mac OS X 10_15_7) AppleWebKit/605.1.15 (KHTML, like Gecko) Version/17.3 Safari/605.1.15"
192.0.2.14 - - [22/Mar/2026:12:51:00 +0000] "GET /pub/media/catalog/product/cache/1/image/800x/productmain.jpg HTTP/1.1" 200 14452 "-" "curl/7.88.1"
192.0.2.20 - - [22/Mar/2026:12:50:59 +0000] "POST /pub/media/catalog/product/cache/1/image/800x/productmain.jpg HTTP/1.1" 200 19822 "-" "Mozilla/5.0 (X11; Linux x86_64) AppleWebKit/537.36 (KHTML, like Gecko) Chrome/123.0.0.0 Safari/537.36"
192.0.2.20 - - [22/Mar/2026:12:51:04 +0000] "GET /catalog/category/view/id/3/ HTTP/1.1" 200 16954 "-" "Mozilla/5.0 (Windows NT 10.0; Win64; x64) AppleWebKit/537.36 (KHTML, like Gecko) Chrome/123.0.0.0 Safari/537.36"
192.0.2.11 - - [22/Mar/2026:12:51:03 +0000] "GET /pub/media/catalog/product/cache/1/image/800x/productmain.jpg HTTP/1.1" 200 19405 "-" "curl/7.88.1"
192.0.2.11 - - [22/Mar/2026:12:51:04 +0000] "GET /wishlist/index/ HTTP/1.1" 200 8894 "-" "curl/7.88.1"
192.0.2.13 - - [22/Mar/2026:12:51:10 +0000] "GET /pub/media/catalog/product/cache/1/image/800x/productmain.jpg HTTP/1.1" 200 13271 "-" "Mozilla/5.0 (X11; Linux x86_64) AppleWebKit/537.36 (KHTML, like Gecko) Chrome/123.0.0.0 Safari/537.36"
192.0.2.11 - - [22/Mar/2026:12:51:12 +0000] "GET /checkout/cart/ HTTP/1.1" 200 16620 "-" "Mozilla/5.0 (X11; Linux x86_64) AppleWebKit/537.36 (KHTML, like Gecko) Chrome/123.0.0.0 Safari/537.36"
192.0.2.20 - - [22/Mar/2026:12:51:12 +0000] "GET /catalog/product/view/id/42/ HTTP/1.1" 200 7797 "-" "Mozilla/5.0 (X11; Linux x86_64) AppleWebKit/537.36 (KHTML, like Gecko) Chrome/123.0.0.0 Safari/537.36"
192.0.2.11 - - [22/Mar/2026:12:51:13 +0000] "GET /index.php HTTP/1.1" 200 21862 "-" "Mozilla/5.0 (Macintosh; Intel Mac OS X 10_15_7) AppleWebKit/605.1.15 (KHTML, like Gecko) Version/17.3 Safari/605.1.15"
192.0.2.13 - - [22/Mar/2026:12:51:14 +0000] "GET /catalog/category/view/id/3/ HTTP/1.1" 200 9417 "-" "Mozilla/5.0 (Windows NT 10.0; Win64; x64) AppleWebKit/537.36 (KHTML, like Gecko) Chrome/123.0.0.0 Safari/537.36"
192.0.2.14 - - [22/Mar/2026:12:51:17 +0000] "GET /pub/static/frontend/Magento/luma/en_US/css/styles-m.css HTTP/1.1" 200 15540 "-" "Mozilla/5.0 (Macintosh; Intel Mac OS X 10_15_7) AppleWebKit/605.1.15 (KHTML, like Gecko) Version/17.3 Safari/605.1.15"
192.0.2.20 - - [22/Mar/2026:12:51:22 +0000] "GET /pub/media/catalog/product/cache/1/image/800x/productmain.jpg HTTP/1.1" 200 10407 "-" "Mozilla/5.0 (Windows NT 10.0; Win64; x64) AppleWebKit/537.36 (KHTML, like Gecko) Chrome/123.0.0.0 Safari/537.36"
192.0.2.14 - - [22/Mar/2026:12:51:24 +0000] "GET /index.php HTTP/1.1" 200 18055 "-" "curl/7.88.1"
192.0.2.15 - - [22/Mar/2026:12:51:23 +0000] "POST /pub/static/frontend/Magento/luma/en_US/css/styles-m.css HTTP/1.1" 200 6090 "-" "Mozilla/5.0 (Macintosh; Intel Mac OS X 10_15_7) AppleWebKit/605.1.15 (KHTML, like Gecko) Version/17.3 Safari/605.1.15"
192.0.2.13 - - [22/Mar/2026:12:51:24 +0000] "POST /pub/media/catalog/product/cache/1/image/800x/productmain.jpg HTTP/1.1" 200 16234 "-" "curl/7.88.1"
192.0.2.13 - - [22/Mar/2026:12:51:26 +0000] "GET /index.php HTTP/1.1" 200 8752 "-" "curl/7.88.1"
192.0.2.15 - - [22/Mar/2026:12:51:28 +0000] "GET /pub/media/catalog/product/cache/1/image/800x/productmain.jpg HTTP/1.1" 200 13004 "-" "Mozilla/5.0 (Windows NT 10.0; Win64; x64) AppleWebKit/537.36 (KHTML, like Gecko) Chrome/123.0.0.0 Safari/537.36"
192.0.2.20 - - [22/Mar/2026:12:51:34 +0000] "GET /index.php HTTP/1.1" 200 21326 "-" "Mozilla/5.0 (X11; Linux x86_64) AppleWebKit/537.36 (KHTML, like Gecko) Chrome/123.0.0.0 Safari/537.36"
192.0.2.12 - - [22/Mar/2026:12:51:33 +0000] "GET /checkout/cart/ HTTP/1.1" 200 24741 "-" "curl/7.88.1"
192.0.2.10 - - [22/Mar/2026:12:51:38 +0000] "GET /pub/static/frontend/Magento/luma/en_US/css/styles-m.css HTTP/1.1" 200 18010 "-" "curl/7.88.1"
192.0.2.12 - - [22/Mar/2026:12:51:40 +0000] "POST /catalog/product/view/id/42/ HTTP/1.1" 200 14507 "-" "Mozilla/5.0 (X11; Linux x86_64) AppleWebKit/537.36 (KHTML, like Gecko) Chrome/123.0.0.0 Safari/537.36"
192.0.2.15 - - [22/Mar/2026:12:51:42 +0000] "GET /checkout/cart/ HTTP/1.1" 200 15100 "-" "Mozilla/5.0 (X11; Linux x86_64) AppleWebKit/537.36 (KHTML, like Gecko) Chrome/123.0.0.0 Safari/537.36"
192.0.2.10 - - [22/Mar/2026:12:51:42 +0000] "GET /checkout/cart/ HTTP/1.1" 200 9002 "-" "Mozilla/5.0 (X11; Linux x86_64) AppleWebKit/537.36 (KHTML, like Gecko) Chrome/123.0.0.0 Safari/537.36"
192.0.2.99 - - [22/Mar/2026:12:51:46 +0000] "POST /rest/V1/guest-carts/test-7942 HTTP/1.1" 200 1299 "-" "curl/7.88.1"
192.0.2.20 - - [22/Mar/2026:12:51:45 +0000] "GET /wishlist/index/ HTTP/1.1" 200 18024 "-" "Mozilla/5.0 (X11; Linux x86_64) AppleWebKit/537.36 (KHTML, like Gecko) Chrome/123.0.0.0 Safari/537.36"
192.0.2.13 - - [22/Mar/2026:12:51:49 +0000] "POST /catalog/product/view/id/42/ HTTP/1.1" 200 22599 "-" "curl/7.88.1"
192.0.2.20 - - [22/Mar/2026:12:51:51 +0000] "GET /catalog/product/view/id/42/ HTTP/1.1" 200 5278 "-" "curl/7.88.1"
192.0.2.10 - - [22/Mar/2026:12:51:54 +0000] "GET /catalog/product/view/id/42/ HTTP/1.1" 200 24614 "-" "Mozilla/5.0 (X11; Linux x86_64) AppleWebKit/537.36 (KHTML, like Gecko) Chrome/123.0.0.0 Safari/537.36"
192.0.2.14 - - [22/Mar/2026:12:51:53 +0000] "GET /checkout/cart/ HTTP/1.1" 200 12039 "-" "Mozilla/5.0 (Windows NT 10.0; Win64; x64) AppleWebKit/537.36 (KHTML, like Gecko) Chrome/123.0.0.0 Safari/537.36"
192.0.2.10 - - [22/Mar/2026:12:51:55 +0000] "GET /pub/media/catalog/product/cache/1/image/800x/productmain.jpg HTTP/1.1" 200 12172 "-" "Mozilla/5.0 (Macintosh; Intel Mac OS X 10_15_7) AppleWebKit/605.1.15 (KHTML, like Gecko) Version/17.3 Safari/605.1.15"
192.0.2.15 - - [22/Mar/2026:12:51:56 +0000] "GET /checkout/cart/ HTTP/1.1" 200 16806 "-" "curl/7.88.1"
192.0.2.15 - - [22/Mar/2026:12:51:59 +0000] "GET /pub/static/frontend/Magento/luma/en_US/css/styles-m.css HTTP/1.1" 200 7040 "-" "curl/7.88.1"
192.0.2.15 - - [22/Mar/2026:12:52:02 +0000] "GET /catalog/product/view/id/42/ HTTP/1.1" 200 5651 "-" "curl/7.88.1"
192.0.2.14 - - [22/Mar/2026:12:52:04 +0000] "GET /index.php HTTP/1.1" 200 13052 "-" "Mozilla/5.0 (Windows NT 10.0; Win64; x64) AppleWebKit/537.36 (KHTML, like Gecko) Chrome/123.0.0.0 Safari/537.36"
192.0.2.13 - - [22/Mar/2026:12:52:06 +0000] "GET /wishlist/index/ HTTP/1.1" 200 17879 "-" "curl/7.88.1"
192.0.2.14 - - [22/Mar/2026:12:52:09 +0000] "GET /wishlist/index/ HTTP/1.1" 200 17603 "-" "Mozilla/5.0 (Macintosh; Intel Mac OS X 10_15_7) AppleWebKit/605.1.15 (KHTML, like Gecko) Version/17.3 Safari/605.1.15"
192.0.2.15 - - [22/Mar/2026:12:52:08 +0000] "GET /wishlist/index/ HTTP/1.1" 200 24434 "-" "Mozilla/5.0 (X11; Linux x86_64) AppleWebKit/537.36 (KHTML, like Gecko) Chrome/123.0.0.0 Safari/537.36"
192.0.2.14 - - [22/Mar/2026:12:52:12 +0000] "GET /catalog/category/view/id/3/ HTTP/1.1" 200 12421 "-" "curl/7.88.1"
192.0.2.12 - - [22/Mar/2026:12:52:14 +0000] "GET /checkout/cart/ HTTP/1.1" 200 8096 "-" "Mozilla/5.0 (X11; Linux x86_64) AppleWebKit/537.36 (KHTML, like Gecko) Chrome/123.0.0.0 Safari/537.36"
192.0.2.15 - - [22/Mar/2026:12:52:17 +0000] "GET /pub/static/frontend/Magento/luma/en_US/css/styles-m.css HTTP/1.1" 200 22663 "-" "curl/7.88.1"
192.0.2.11 - - [22/Mar/2026:12:52:16 +0000] "GET /pub/media/catalog/product/cache/1/image/800x/productmain.jpg HTTP/1.1" 200 11984 "-" "Mozilla/5.0 (Windows NT 10.0; Win64; x64) AppleWebKit/537.36 (KHTML, like Gecko) Chrome/123.0.0.0 Safari/537.36"
192.0.2.20 - - [22/Mar/2026:12:52:20 +0000] "GET /api/rest/V1/products HTTP/1.1" 200 12577 "-" "curl/7.88.1"
192.0.2.15 - - [22/Mar/2026:12:52:22 +0000] "GET /catalog/category/view/id/3/ HTTP/1.1" 200 24069 "-" "curl/7.88.1"
192.0.2.12 - - [22/Mar/2026:12:52:23 +0000] "GET /catalog/category/view/id/3/ HTTP/1.1" 200 11756 "-" "curl/7.88.1"
192.0.2.10 - - [22/Mar/2026:12:52:24 +0000] "GET /catalog/category/view/id/3/ HTTP/1.1" 404 7061 "-" "Mozilla/5.0 (Macintosh; Intel Mac OS X 10_15_7) AppleWebKit/605.1.15 (KHTML, like Gecko) Version/17.3 Safari/605.1.15"
192.0.2.15 - - [22/Mar/2026:12:52:27 +0000] "GET /pub/media/catalog/product/cache/1/image/800x/productmain.jpg HTTP/1.1" 200 18655 "-" "Mozilla/5.0 (Windows NT 10.0; Win64; x64) AppleWebKit/537.36 (KHTML, like Gecko) Chrome/123.0.0.0 Safari/537.36"
192.0.2.12 - - [22/Mar/2026:12:52:30 +0000] "GET /index.php HTTP/1.1" 200 16626 "-" "curl/7.88.1"
192.0.2.11 - - [22/Mar/2026:12:52:30 +0000] "GET /api/rest/V1/products HTTP/1.1" 200 7168 "-" "Mozilla/5.0 (Macintosh; Intel Mac OS X 10_15_7) AppleWebKit/605.1.15 (KHTML, like Gecko) Version/17.3 Safari/605.1.15"
192.0.2.20 - - [22/Mar/2026:12:52:35 +0000] "GET /pub/media/catalog/product/cache/1/image/800x/productmain.jpg HTTP/1.1" 200 23019 "-" "Mozilla/5.0 (Macintosh; Intel Mac OS X 10_15_7) AppleWebKit/605.1.15 (KHTML, like Gecko) Version/17.3 Safari/605.1.15"
192.0.2.14 - - [22/Mar/2026:12:52:36 +0000] "GET /pub/media/catalog/product/cache/1/image/800x/productmain.jpg HTTP/1.1" 200 24051 "-" "Mozilla/5.0 (Windows NT 10.0; Win64; x64) AppleWebKit/537.36 (KHTML, like Gecko) Chrome/123.0.0.0 Safari/537.36"
192.0.2.11 - - [22/Mar/2026:12:52:39 +0000] "GET /api/rest/V1/products HTTP/1.1" 200 23894 "-" "curl/7.88.1"
192.0.2.11 - - [22/Mar/2026:12:52:40 +0000] "GET /index.php HTTP/1.1" 200 6113 "-" "curl/7.88.1"
192.0.2.10 - - [22/Mar/2026:12:52:44 +0000] "GET /catalog/product/view/id/42/ HTTP/1.1" 200 16058 "-" "Mozilla/5.0 (Macintosh; Intel Mac OS X 10_15_7) AppleWebKit/605.1.15 (KHTML, like Gecko) Version/17.3 Safari/605.1.15"
192.0.2.14 - - [22/Mar/2026:12:52:45 +0000] "GET /pub/media/catalog/product/cache/1/image/800x/productmain.jpg HTTP/1.1" 200 16258 "-" "Mozilla/5.0 (Macintosh; Intel Mac OS X 10_15_7) AppleWebKit/605.1.15 (KHTML, like Gecko) Version/17.3 Safari/605.1.15"
192.0.2.20 - - [22/Mar/2026:12:52:44 +0000] "GET /checkout/cart/ HTTP/1.1" 200 10954 "-" "Mozilla/5.0 (X11; Linux x86_64) AppleWebKit/537.36 (KHTML, like Gecko) Chrome/123.0.0.0 Safari/537.36"
192.0.2.14 - - [22/Mar/2026:12:52:48 +0000] "GET /pub/media/catalog/product/cache/1/image/800x/productmain.jpg HTTP/1.1" 200 18458 "-" "Mozilla/5.0 (Macintosh; Intel Mac OS X 10_15_7) AppleWebKit/605.1.15 (KHTML, like Gecko) Version/17.3 Safari/605.1.15"
192.0.2.15 - - [22/Mar/2026:12:52:49 +0000] "GET /catalog/product/view/id/42/ HTTP/1.1" 200 24808 "-" "Mozilla/5.0 (Macintosh; Intel Mac OS X 10_15_7) AppleWebKit/605.1.15 (KHTML, like Gecko) Version/17.3 Safari/605.1.15"
192.0.2.11 - - [22/Mar/2026:12:52:54 +0000] "GET /pub/static/frontend/Magento/luma/en_US/css/styles-m.css HTTP/1.1" 200 19319 "-" "Mozilla/5.0 (Windows NT 10.0; Win64; x64) AppleWebKit/537.36 (KHTML, like Gecko) Chrome/123.0.0.0 Safari/537.36"
192.0.2.11 - - [22/Mar/2026:12:52:52 +0000] "GET /checkout/cart/ HTTP/1.1" 200 9857 "-" "Mozilla/5.0 (Macintosh; Intel Mac OS X 10_15_7) AppleWebKit/605.1.15 (KHTML, like Gecko) Version/17.3 Safari/605.1.15"
192.0.2.15 - - [22/Mar/2026:12:52:55 +0000] "GET /catalog/category/view/id/3/ HTTP/1.1" 200 15761 "-" "Mozilla/5.0 (X11; Linux x86_64) AppleWebKit/537.36 (KHTML, like Gecko) Chrome/123.0.0.0 Safari/537.36"
192.0.2.10 - - [22/Mar/2026:12:52:56 +0000] "GET /catalog/category/view/id/3/ HTTP/1.1" 200 7556 "-" "Mozilla/5.0 (X11; Linux x86_64) AppleWebKit/537.36 (KHTML, like Gecko) Chrome/123.0.0.0 Safari/537.36"
192.0.2.11 - - [22/Mar/2026:12:53:01 +0000] "GET /catalog/product/view/id/42/ HTTP/1.1" 200 6040 "-" "Mozilla/5.0 (X11; Linux x86_64) AppleWebKit/537.36 (KHTML, like Gecko) Chrome/123.0.0.0 Safari/537.36"
192.0.2.14 - - [22/Mar/2026:12:53:01 +0000] "POST /catalog/product/view/id/42/ HTTP/1.1" 200 10140 "-" "Mozilla/5.0 (Macintosh; Intel Mac OS X 10_15_7) AppleWebKit/605.1.15 (KHTML, like Gecko) Version/17.3 Safari/605.1.15"
192.0.2.10 - - [22/Mar/2026:12:53:05 +0000] "GET /wishlist/index/ HTTP/1.1" 200 9216 "-" "Mozilla/5.0 (Windows NT 10.0; Win64; x64) AppleWebKit/537.36 (KHTML, like Gecko) Chrome/123.0.0.0 Safari/537.36"
192.0.2.10 - - [22/Mar/2026:12:53:05 +0000] "GET /wishlist/index/ HTTP/1.1" 200 11328 "-" "Mozilla/5.0 (Macintosh; Intel Mac OS X 10_15_7) AppleWebKit/605.1.15 (KHTML, like Gecko) Version/17.3 Safari/605.1.15"
192.0.2.13 - - [22/Mar/2026:12:53:06 +0000] "GET /index.php HTTP/1.1" 200 6676 "-" "Mozilla/5.0 (Macintosh; Intel Mac OS X 10_15_7) AppleWebKit/605.1.15 (KHTML, like Gecko) Version/17.3 Safari/605.1.15"
