192.0.2.13 - - [22/Mar/2026:13:02:09 +0000] "POST /api/rest/V1/products HTTP/1.1" 200 6602 "-" "Mozilla/5.0 (Windows NT 10.0; Win64; x64) AppleWebKit/537.36 (KHTML, like Gecko) Chrome/123.0.0.0 Safari/537.36"
192.0.2.13 - - [22/Mar/2026:13:02:12 +0000] "GET /pub/media/catalog/product/cache/1/image/800x/productmain.jpg HTTP/1.1" 200 13088 "-" "curl/7.88.1"
192.0.2.11 - - [22/Mar/2026:13:02:15 +0000] "GET /catalog/product/view/id/42/ HTTP/1.1" 200 16137 "-" "Mozilla/5.0 (Windows NT 10.0; Win64; x64) AppleWebKit/537.36 (KHTML, like Gecko) Chrome/123.0.0.0 Safari/537.36"
192.0.2.13 - - [22/Mar/2026:13:02:15 +0000] "GET /catalog/product/view/id/42/ HTTP/1.1" 200 13566 "-" "curl/7.88.1"
192.0.2.12 - - [22/Mar/2026:13:02:20 +0000] "POST /catalog/category/view/id/3/ HTTP/1.1" 200 18726 "-" "Mozilla/5.0 (X11; Linux x86_64) AppleWebKit/537.36 (KHTML, like Gecko) Chrome/123.0.0.0 Safari/537.36"
192.0.2.20 - - [22/Mar/2026:13:02:22 +0000] "GET /checkout/cart/ HTTP/1.1" 200 12863 "-" "curl/7.88.1"
192.0.2.11 - - [22/Mar/2026:13:02:24 +0000] "GET /pub/media/catalog/product/cache/1/image/800x/productmain.jpg HTTP/1.1" 200 20569 "-" "Mozilla/5.0 (X11; Linux x86_64) AppleWebKit/537.36 (KHTML, like Gecko) Chrome/123.0.0.0 Safari/537.36"
192.0.2.13 - - [22/Mar/2026:13:02:23 +0000] "POST /catalog/category/view/id/3/ HTTP/1.1" 200 23191 "-" "Mozilla/5.0 (Macintosh; Intel Mac OS X 10_15_7) AppleWebKit/605.1.15 (KHTML, like Gecko) Version/17.3 Safari/605.1.15"
192.0.2.11 - - [22/Mar/2026:13:02:25 +0000] "POST /checkout/cart/ HTTP/1.1" 200 17207 "-" "Mozilla/5.0 (Windows NT 10.0; Win64; x64) AppleWebKit/537.36 (KHTML, like Gecko) Chrome/123.0.0.0 Safari/537.36"
192.0.2.14 - - [22/Mar/2026:13:02:27 +0000] "GET /pub/media/catalog/product/cache/1/image/800x/productmain.jpg HTTP/1.1" 200 20317 "-" "curl/7.88.1"
192.0.2.13 - - [22/Mar/2026:13:02:30 +0000] "GET /catalog/category/view/id/3/ HTTP/1.1" 200 17002 "-" "curl/7.88.1"
192.0.2.14 - - [22/Mar/2026:13:02:34 +0000] "POST /index.php HTTP/1.1" 200 14618 "-" "Mozilla/5.0 (Macintosh; Intel Mac OS X 10_15_7) AppleWebKit/605.1.15 (KHTML, like Gecko) Version/17.3 Safari/605.1.15"
192.0.2.11 - - [22/Mar/2026:13:02:36 +0000] "GET /api/rest/V1/products HTTP/1.1" 200 13486 "-" "Mozilla/5.0 (X11; Linux x86_64) AppleWebKit/537.36 (KHTML, like Gecko) Chrome/123.0.0.0 Safari/537.36"
192.0.2.11 - - [22/Mar/2026:13:02:35 +0000] "GET /pub/static/frontend/Magento/luma/en_US/css/styles-m.css HTTP/1.1" 200 14024 "-" "Mozilla/5.0 (Macintosh; Intel Mac OS X 10_15_7) AppleWebKit/605.1.15 (KHTML, like Gecko) Version/17.3 Safari/605.1.15"
192.0.2.10 - - [22/Mar/2026:13:02:38 +0000] "GET /index.php HTTP/1.1" 200 15187 "-" "Mozilla/5.0 (X11; Linux x86_64) AppleWebKit/537.36 (KHTML, like Gecko) Chrome/123.0.0.0 Safari/537.36"
192.0.2.11 - - [22/Mar/2026:13:02:39 +0000] "GET /api/rest/V1/products HTTP/1.1" 200 21958 "-" "Mozilla/5.0 (X11; Linux x86_64) AppleWebKit/537.36 (KHTML, like Gecko) Chrome/123.0.0.0 Safari/537.36"
192.0.2.15 - - [22/Mar/2026:13:02:43 +0000] "GET /index.php HTTP/1.1" 200 21424 "-" "Mozilla/5.0 (Macintosh; Intel Mac OS X 10_15_7) AppleWebKit/605.1.15 (KHTML, like Gecko) Version/17.3 Safari/605.1.15"
192.0.2.12 - - [22/Mar/2026:13:02:44 +0000] "GET /checkout/cart/ HTTP/1.1" 200 14384 "-" "Mozilla/5.0 (X11; Linux x86_64) AppleWebKit/537.36 (KHTML, like Gecko) Chrome/123.0.0.0 Safari/537.36"
203.0.113.42 - - [22/Mar/2026:13:02:45 +0000] "POST /rest/V1/guest-carts/test-2688 HTTP/1.1" 200 971 "-" "curl/7.88.1"
192.0.2.20 - - [22/Mar/2026:13:02:48 +0000] "GET /wishlist/index/ HTTP/1.1" 200 22227 "-" "Mozilla/5.0 (X11; Linux x86_64) AppleWebKit/537.36 (KHTML, like Gecko) Chrome/123.0.0.0 Safari/537.36"
192.0.2.15 - - [22/Mar/2026:13:02:52 +0000] "GET /checkout/cart/ HTTP/1.1" 200 10874 "-" "Mozilla/5.0 (Macintosh; Intel Mac OS X 10_15_7) AppleWebKit/605.1.15 (KHTML, like Gecko) Version/17.3 Safari/605.1.15"
192.0.2.15 - - [22/Mar/2026:13:02:53 +0000] "GET /catalog/category/view/id/3/ HTTP/1.1" 200 24603 "-" "Mozilla/5.0 (X11; Linux x86_64) AppleWebKit/537.36 (KHTML, like Gecko) Chrome/123.0.0.0 Safari/537.36"
192.0.2.10 - - [22/Mar/2026:13:02:56 +0000] "GET /catalog/category/view/id/3/ HTTP/1.1" 200 15934 "-" "Mozilla/5.0 (X11; Linux x86_64) AppleWebKit/537.36 (KHTML, like Gecko) Chrome/123.0.0.0 Safari/537.36"
192.0.2.10 - - [22/Mar/2026:13:02:57 +0000] "GET /api/rest/V1/products HTTP/1.1" 200 11682 "-" "Mozilla/5.0 (X11; Linux x86_64) AppleWebKit/537.36 (KHTML, like Gecko) Chrome/123.0.0.0 Safari/537.36"
192.0.2.20 - - [22/Mar/2026:13:02:58 +0000] "GET /wishlist/index/ HTTP/1.1" 200 14888 "-" "Mozilla/5.0 (Windows NT 10.0; Win64; x64) AppleWebKit/537.36 (KHTML, like Gecko) Chrome/123.0.0.0 Safari/537.36"
192.0.2.14 - - [22/Mar/2026:13:02:58 +0000] "GET /catalog/category/view/id/3/ HTTP/1.1" 200 11679 "-" "Mozilla/5.0 (Macintosh; Intel Mac OS X 10_15_7) AppleWebKit/605.1.15 (KHTML, like Gecko) Version/17.3 Safari/605.1.15"
192.0.2.20 - - [22/Mar/2026:13:03:02 +0000] "POST /catalog/category/view/id/3/ HTTP/1.1" 200 12719 "-" "Mozilla/5.0 (Macintosh; Intel Mac OS X 10_15_7) AppleWebKit/605.1.15 (KHTML, like Gecko) Version/17.3 Safari/605.1.15"
192.0.2.15 - - [22/Mar/2026:13:03:03 +0000] "GET /pub/media/catalog/product/cache/1/image/800x/productmain.jpg HTTP/1.1" 200 14378 "-" "Mozilla/5.0 (Macintosh; Intel Mac OS X 10_15_7) AppleWebKit/605.1.15 (KHTML, like Gecko) Version/17.3 Safari/605.1.15"
192.0.2.11 - - [22/Mar/2026:13:03:08 +0000] "POST /checkout/cart/ HTTP/1.1" 200 12462 "-" "Mozilla/5.0 (Windows NT 10.0; Win64; x64) AppleWebKit/537.36 (KHTML, like Gecko) Chrome/123.0.0.0 Safari/537.36"
192.0.2.11 - - [22/Mar/2026:13:03:06 +0000] "GET /api/rest/V1/products HTTP/1.1" 200 13638 "-" "Mozilla/5.0 (X11; Linux x86_64) AppleWebKit/537.36 (KHTML, like Gecko) Chrome/123.0.0.0 Safari/537.36"
192.0.2.20 - - [22/Mar/2026:13:03:10 +0000] "GET /catalog/product/view/id/42/ HTTP/1.1" 200 18099 "-" "Mozilla/5.0 (Macintosh; Intel Mac OS X 10_15_7) AppleWebKit/605.1.15 (KHTML, like Gecko) Version/17.3 Safari/605.1.15"
192.0.2.20 - - [22/Mar/2026:13:03:10 +0000] "GET /catalog/category/view/id/3/ HTTP/1.1" 404 21327 "-" "Mozilla/5.0 (Macintosh; Intel Mac OS X 10_15_7) AppleWebKit/605.1.15 (KHTML, like Gecko) Version/17.3 Safari/605.1.15"
192.0.2.10 - - [22/Mar/2026:13:03:14 +0000] "GET /api/rest/V1/products HTTP/1.1" 200 11668 "-" "curl/7.88.1"
192.0.2.12 - - [22/Mar/2026:13:03:18 +0000] "POST /catalog/product/view/id/42/ HTTP/1.1" 200 23191 "-" "curl/7.88.1"
192.0.2.12 - - [22/Mar/2026:13:03:19 +0000] "GET /catalog/product/view/id/42/ HTTP/1.1" 200 5248 "-" "Mozilla/5.0 (X11; Linux x86_64) AppleWebKit/537.36 (KHTML, like Gecko) Chrome/123.0.0.0 Safari/537.36"
192.0.2.10 - - [22/Mar/2026:13:03:21 +0000] "GET /pub/static/frontend/Magento/luma/en_US/css/styles-m.css HTTP/1.1" 200 14997 "-" "Mozilla/5.0 (Macintosh; Intel Mac OS X 10_15_7) AppleWebKit/605.1.15 (KHTML, like Gecko) Version/17.3 Safari/605.1.15"
192.0.2.11 - - [22/Mar/2026:13:03:24 +0000] "GET /pub/media/catalog/product/cache/1/image/800x/productmain.jpg HTTP/1.1" 200 20799 "-" "Mozilla/5.0 (X11; Linux x86_64) AppleWebKit/537.36 (KHTML, like Gecko) Chrome/123.0.0.0 Safari/537.36"
192.0.2.20 - - [22/Mar/2026:13:03:22 +0000] "GET /checkout/cart/ HTTP/1.1" 200 23650 "-" "Mozilla/5.0 (Windows NT 10.0; Win64; x64) AppleWebKit/537.36 (KHTML, like Gecko) Chrome/123.0.0.0 Safari/537.36"
192.0.2.11 - - [22/Mar/2026:13:03:28 +0000] "GET /pub/media/catalog/product/cache/1/image/800x/productmain.jpg HTTP/1.1" 200 14677 "-" "Mozilla/5.0 (Macintosh; Intel Mac OS X 10_15_7) AppleWebKit/605.1.15 (KHTML, like Gecko) Version/17.3 Safari/605.1.15"
192.0.2.12 - - [22/Mar/2026:13:03:30 +0000] "GET /index.php HTTP/1.1" 200 18772 "-" "Mozilla/5.0 (X11; Linux x86_64) AppleWebKit/537.36 (KHTML, like Gecko) Chrome/123.0.0.0 Safari/537.36"
198.51.100.77 - - [22/Mar/2026:13:03:32 +0000] "POST /rest/V1/guest-carts/test-1719 HTTP/1.1" 200 1431 "-" "curl/7.88.1"
192.0.2.13 - - [22/Mar/2026:13:03:32 +0000] "GET /api/rest/V1/products HTTP/1.1" 200 18235 "-" "Mozilla/5.0 (X11; Linux x86_64) AppleWebKit/537.36 (KHTML, like Gecko) Chrome/123.0.0.0 Safari/537.36"
192.0.2.14 - - [22/Mar/2026:13:03:33 +0000] "GET /catalog/product/view/id/42/ HTTP/1.1" 200 21639 "-" "Mozilla/5.0 (Windows NT 10.0; Win64; x64) AppleWebKit/537.36 (KHTML, like Gecko) Chrome/123.0.0.0 Safari/537.36"
192.0.2.11 - - [22/Mar/2026:13:03:37 +0000] "GET /pub/media/catalog/product/cache/1/image/800x/productmain.jpg HTTP/1.1" 200 23456 "-" "curl/7.88.1"
192.0.2.20 - - [22/Mar/2026:13:03:36 +0000] "GET /catalog/product/view/id/42/ HTTP/1.1" 200 24113 "-" "Mozilla/5.0 (Windows NT 10.0; Win64; x64) AppleWebKit/537.36 (KHTML, like Gecko) Chrome/123.0.0.0 Safari/537.36"
192.0.2.20 - - [22/Mar/2026:13:03:38 +0000] "GET /index.php HTTP/1.1" 200 8609 "-" "Mozilla/5.0 (Macintosh; Intel Mac OS X 10_15_7) AppleWebKit/605.1.15 (KHTML, like Gecko) Version/17.3 Safari/605.1.15"
192.0.2.20 - - [22/Mar/2026:13:03:42 +0000] "GET /catalog/product/view/id/42/ HTTP/1.1" 200 7560 "-" "Mozilla/5.0 (X11; Linux x86_64) AppleWebKit/537.36 (KHTML, like Gecko) Chrome/123.0.0.0 Safari/537.36"
192.0.2.20 - - [22/Mar/2026:13:03:45 +0000] "GET /catalog/category/view/id/3/ HTTP/1.1" 200 17068 "-" "Mozilla/5.0 (X11; Linux x86_64) AppleWebKit/537.36 (KHTML, like Gecko) Chrome/123.0.0.0 Safari/537.36"
192.0.2.12 - - [22/Mar/2026:13:03:48 +0000] "GET /api/rest/V1/products HTTP/1.1" 200 6132 "-" "Mozilla/5.0 (Windows NT 10.0; Win64; x64) AppleWebKit/537.36 (KHTML, like Gecko) Chrome/123.0.0.0 Safari/537.36"
192.0.2.11 - - [22/Mar/2026:13:03:50 +0000] "GET /catalog/product/view/id/42/ HTTP/1.1" 200 18759 "-" "curl/7.88.1"
192.0.2.13 - - [22/Mar/2026:13:03:52 +0000] "GET /pub/media/catalog/product/cache/1/image/800x/productmain.jpg HTTP/1.1" 200 14676 "-" "Mozilla/5.0 (Macintosh; Intel Mac OS X 10_15_7) AppleWebKit/605.1.15 (KHTML, like Gecko) Version/17.3 Safari/605.1.15"
192.0.2.20 - - [22/Mar/2026:13:03:50 +0000] "GET /catalog/product/view/id/42/ HTTP/1.1" 200 8611 "-" "Mozilla/5.0 (Windows NT 10.0; Win64; x64) AppleWebKit/537.36 (KHTML, like Gecko) Chrome/123.0.0.0 Safari/537.36"
192.0.2.15 - - [22/Mar/2026:13:03:52 +0000] "GET /wishlist/index/ HTTP/1.1" 200 7122 "-" "curl/7.88.1"
192.0.2.20 - - [22/Mar/2026:13:03:56 +0000] "GET /wishlist/index/ HTTP/1.1" 200 23125 "-" "Mozilla/5.0 (X11; Linux x86_64) AppleWebKit/537.36 (KHTML, like Gecko) Chrome/123.0.0.0 Safari/537.36"
192.0.2.15 - - [22/Mar/2026:13:03:57 +0000] "GET /index.php HTTP/1.1" 200 5368 "-" "curl/7.88.1"
192.0.2.15 - - [22/Mar/2026:13:04:02 +0000] "GET /index.php HTTP/1.1" 200 23024 "-" "Mozilla/5.0 (Windows NT 10.0; Win64; x64) AppleWebKit/537.36 (KHTML, like Gecko) Chrome/123.0.0.0 Safari/537.36"
192.0.2.13 - - [22/Mar/2026:13:04:02 +0000] "GET /wishlist/index/ HTTP/1.1" 200 24423 "-" "Mozilla/5.0 (X11; Linux x86_64) AppleWebKit/537.36 (KHTML, like Gecko) Chrome/123.0.0.0 Safari/537.36"
192.0.2.12 - - [22/Mar/2026:13:04:04 +0000] "GET /api/rest/V1/products HTTP/1.1" 200 11543 "-" "curl/7.88.1"
192.0.2.15 - - [22/Mar/2026:13:04:08 +0000] "GET /catalog/product/view/id/42/ HTTP/1.1" 200 5791 "-" "Mozilla/5.0 (Windows NT 10.0; Win64; x64) AppleWebKit/537.36 (KHTML, like Gecko) Chrome/123.0.0.0 Safari/537.36"
192.0.2.11 - - [22/Mar/2026:13:04:06 +0000] "GET /catalog/product/view/id/42/ HTTP/1.1" 200 12574 "-" "Mozilla/5.0 (Macintosh; Intel Mac OS X 10_15_7) AppleWebKit/605.1.15 (KHTML, like Gecko) Version/17.3 Safari/605.1.15"
192.0.2.10 - - [22/Mar/2026:13:04:09 +0000] "GET /wishlist/index/ HTTP/1.1" 200 13036 "-" "curl/7.88.1"
192.0.2.14 - - [22/Mar/2026:13:04:14 +0000] "GET /wishlist/index/ HTTP/1.1" 200 22581 "-" "Mozilla/5.0 (Windows NT 10.0; Win64; x64) AppleWebKit/537.36 (KHTML, like Gecko) Chrome/123.0.0.0 Safari/537.36"
192.0.2.10 - - [22/Mar/2026:13:04:12 +0000] "GET /catalog/product/view/id/42/ HTTP/1.1" 200 9005 "-" "Mozilla/5.0 (X11; Linux x86_64) AppleWebKit/537.36 (KHTML, like Gecko) Chrome/123.0.0.0 Safari/537.36"
192.0.2.14 - - [22/Mar/2026:13:04:15 +0000] "GET /pub/media/catalog/product/cache/1/image/800x/productmain.jpg HTTP/1.1" 200 22111 "-" "Mozilla/5.0 (Windows NT 10.0; Win64; x64) AppleWebKit/537.36 (KHTML, like Gecko) Chrome/123.0.0.0 Safari/537.36"
192.0.2.13 - - [22/Mar/2026:13:04:18 +0000] "GET /index.php HTTP/1.1" 200 7008 "-" "Mozilla/5.0 (Windows NT 10.0; Win64; x64) AppleWebKit/537.36 (KHTML, like Gecko) Chrome/123.0.0.0 Safari/537.36"
192.0.2.12 - - [22/Mar/2026:13:04:20 +0000] "GET /pub/media/catalog/product/cache/1/image/800x/productmain.jpg HTTP/1.1" 200 16891 "-" "Mozilla/5.0 (X11; Linux x86_64) AppleWebKit/537.36 (KHTML, like Gecko) Chrome/123.0.0.0 Safari/537.36"
192.0.2.14 - - [22/Mar/2026:13:04:20 +0000] "GET /api/rest/V1/products HTTP/1.1" 200 18020 "-" "Mozilla/5.0 (Macintosh; Intel Mac OS X 10_15_7) AppleWebKit/605.1.15 (KHTML, like Gecko) Version/17.3 Safari/605.1.15"
192.0.2.14 - - [22/Mar/2026:13:04:25 +0000] "GET /pub/media/catalog/product/cache/1/image/800x/productmain.jpg HTTP/1.1" 200 24816 "-" "Mozilla/5.0 (Macintosh; Intel Mac OS X 10_15_7) AppleWebKit/605.1.15 (KHTML, like Gecko) Version/17.3 Safari/605.1.15"
192.0.2.13 - - [22/Mar/2026:13:04:26 +0000] "GET /catalog/category/view/id/3/ HTTP/1.1" 200 23756 "-" "Mozilla/5.0 (Windows NT 10.0; Win64; x64) AppleWebKit/537.36 (KHTML, like Gecko) Chrome/123.0.0.0 Safari/537.36"
192.0.2.15 - - [22/Mar/2026:13:04:28 +0000] "GET /checkout/cart/ HTTP/1.1" 200 8319 "-" "Mozilla/5.0 (Macintosh; Intel Mac OS X 10_15_7) AppleWebKit/605.1.15 (KHTML, like Gecko) Version/17.3 Safari/605.1.15"
198.51.100.77 - - [22/Mar/2026:13:04:30 +0000] "POST /rest/V1/guest-carts/test-3143 HTTP/1.1" 500 1724 "-" "curl/7.88.1"
192.0.2.15 - - [22/Mar/2026:13:04:32 +0000] "GET /index.php HTTP/1.1" 200 19484 "-" "Mozilla/5.0 (Windows NT 10.0; Win64; x64) AppleWebKit/537.36 (KHTML, like Gecko) Chrome/123.0.0.0 Safari/537.36"
192.0.2.15 - - [22/Mar/2026:13:04:32 +0000] "GET /wishlist/index/ HTTP/1.1" 200 12901 "-" "Mozilla/5.0 (X11; Linux x86_64) AppleWebKit/537.36 (KHTML, like Gecko) Chrome/123.0.0.0 Safari/537.36"
192.0.2.11 - - [22/Mar/2026:13:04:36 +0000] "POST /pub/media/catalog/product/cache/1/image/800x/productmain.jpg HTTP/1.1" 200 22507 "-" "Mozilla/5.0 (Macintosh; Intel Mac OS X 10_15_7) AppleWebKit/605.1.15 (KHTML, like Gecko) Version/17.3 Safari/605.1.15"
192.0.2.12 - - [22/Mar/2026:13:04:36 +0000] "GET /catalog/product/view/id/42/ HTTP/1.1" 200 10183 "-" "curl/7.88.1"
192.0.2.11 - - [22/Mar/2026:13:04:41 +0000] "GET /index.php HTTP/1.1" 200 16852 "-" "Mozilla/5.0 (Macintosh; Intel Mac OS X 10_15_7) AppleWebKit/605.1.15 (KHTML, like Gecko) Version/17.3 Safari/605.1.15"
192.0.2.15 - - [22/Mar/2026:13:04:44 +0000] "POST /pub/media/catalog/product/cache/1/image/800x/productmain.jpg HTTP/1.1" 200 17014 "-" "Mozilla/5.0 (X11; Linux x86_64) AppleWebKit/537.36 (KHTML, like Gecko) Chrome/123.0.0.0 Safari/537.36"
192.0.2.13 - - [22/Mar/2026:13:04:45 +0000] "GET /checkout/cart/ HTTP/1.1" 200 14293 "-" "Mozilla/5.0 (X11; Linux x86_64) AppleWebKit/537.36 (KHTML, like Gecko) Chrome/123.0.0.0 Safari/537.36"
192.0.2.12 - - [22/Mar/2026:13:04:46 +0000] "GET /index.php HTTP/1.1" 200 14097 "-" "Mozilla/5.0 (Windows NT 10.0; Win64; x64) AppleWebKit/537.36 (KHTML, like Gecko) Chrome/123.0.0.0 Safari/537.36"
192.0.2.14 - - [22/Mar/2026:13:04:48 +0000] "GET /catalog/product/view/id/42/ HTTP/1.1" 200 12785 "-" "Mozilla/5.0 (Windows NT 10.0; Win64; x64) AppleWebKit/537.36 (KHTML, like Gecko) Chrome/123.0.0.0 Safari/537.36"
192.0.2.11 - - [22/Mar/2026:13:04:51 +0000] "GET /api/rest/V1/products HTTP/1.1" 200 16886 "-" "Mozilla/5.0 (X11; Linux x86_64) AppleWebKit/537.36 (KHTML, like Gecko) Chrome/123.0.0.0 Safari/537.36"
192.0.2.12 - - [22/Mar/2026:13:04:50 +0000] "GET /checkout/cart/ HTTP/1.1" 200 19578 "-" "Mozilla/5.0 (Windows NT 10.0; Win64; x64) AppleWebKit/537.36 (KHTML, like Gecko) Chrome/123.0.0.0 Safari/537.36"
192.0.2.11 - - [22/Mar/2026:13:04:55 +0000] "GET /checkout/cart/ HTTP/1.1" 200 17957 "-" "curl/7.88.1"
192.0.2.20 - - [22/Mar/2026:13:04:55 +0000] "GET /pub/static/frontend/Magento/luma/en_US/css/styles-m.css HTTP/1.1" 200 5697 "-" "curl/7.88.1"
192.0.2.99 - - [22/Mar/2026:13:04:58 +0000] "POST /rest/V1/guest-carts/test-3858 HTTP/1.1" 200 2764 "-" "curl/7.88.1"
192.0.2.12 - - [22/Mar/2026:13:04:59 +0000] "POST /checkout/cart/ HTTP/1.1" 200 11682 "-" "Mozilla/5.0 (Macintosh; Intel Mac OS X 10_15_7) AppleWebKit/605.1.15 (KHTML, like Gecko) Version/17.3 Safari/605.1.15"
192.0.2.13 - - [22/Mar/2026:13:05:01 +0000] "GET /catalog/product/view/id/42/ HTTP/1.1" 200 10325 "-" "Mozilla/5.0 (X11; Linux x86_64) AppleWebKit/537.36 (KHTML, like Gecko) Chrome/123.0.0.0 Safari/537.36"
192.0.2.10 - - [22/Mar/2026:13:05:03 +0000] "GET /catalog/product/view/id/42/ HTTP/1.1" 200 20874 "-" "Mozilla/5.0 (X11; Linux x86_64) AppleWebKit/537.36 (KHTML, like Gecko) Chrome/123.0.0.0 Safari/537.36"
192.0.2.15 - - [22/Mar/2026:13:05:06 +0000] "GET /index.php HTTP/1.1" 200 17284 "-" "Mozilla/5.0 (Macintosh; Intel Mac OS X 10_15_7) AppleWebKit/605.1.15 (KHTML, like Gecko) Version/17.3 Safari/605.1.15"
192.0.2.10 - - [22/Mar/2026:13:05:08 +0000] "GET /catalog/product/view/id/42/ HTTP/1.1" 200 12021 "-" "Mozilla/5.0 (Windows NT 10.0; Win64; x64) AppleWebKit/537.36 (KHTML, like Gecko) Chrome/123.0.0.0 Safari/537.36"
192.0.2.11 - - [22/Mar/2026:13:05:08 +0000] "GET /pub/media/catalog/product/cache/1/image/800x/productmain.jpg HTTP/1.1" 200 22514 "-" "Mozilla/5.0 (Macintosh; Intel Mac OS X 10_15_7) AppleWebKit/605.1.15 (KHTML, like Gecko) Version/17.3 Safari/605.1.15"
192.0.2.14 - - [22/Mar/2026:13:05:11 +0000] "GET /pub/media/catalog/product/cache/1/image/800x/productmain.jpg HTTP/1.1" 404 8434 "-" "Mozilla/5.0 (X11; Linux x86_64) AppleWebKit/537.36 (KHTML, like Gecko) Chrome/123.0.0.0 Safari/537.36"
192.0.2.12 - - [22/Mar/2026:13:05:13 +0000] "GET /checkout/cart/ HTTP/1.1" 200 12110 "-" "Mozilla/5.0 (Macintosh; Intel Mac OS X 10_15_7) AppleWebKit/605.1.15 (KHTML, like Gecko) Version/17.3 Safari/605.1.15"
192.0.2.10 - - [22/Mar/2026:13:05:14 +0000] "GET /wishlist/index/ HTTP/1.1" 200 12198 "-" "curl/7.88.1"
192.0.2.11 - - [22/Mar/2026:13:05:16 +0000] "GET /index.php HTTP/1.1" 200 13158 "-" "Mozilla/5.0 (X11; Linux x86_64) AppleWebKit/537.36 (KHTML, like Gecko) Chrome/123.0.0.0 Safari/537.36"
192.0.2.12 - - [22/Mar/2026:13:05:19 +0000] "GET /checkout/cart/ HTTP/1.1" 200 12765 "-" "curl/7.88.1"
192.0.2.10 - - [22/Mar/2026:13:05:24 +0000] "GET /checkout/cart/ HTTP/1.1" 404 12026 "-" "Mozilla/5.0 (Windows NT 10.0; Win64; x64) AppleWebKit/537.36 (KHTML, like Gecko) Chrome/123.0.0.0 Safari/537.36"
192.0.2.12 - - [22/Mar/2026:13:05:23 +0000] "GET /checkout/cart/ HTTP/1.1" 200 11653 "-" "Mozilla/5.0 (X11; Linux x86_64) AppleWebKit/537.36 (KHTML, like Gecko) Chrome/123.0.0.0 Safari/537.36"
192.0.2.14 - - [22/Mar/2026:13:05:26 +0000] "GET /index.php HTTP/1.1" 404 8665 "-" "Mozilla/5.0 (Windows NT 10.0; Win64; x64) AppleWebKit/537.36 (KHTML, like Gecko) Chrome/123.0.0.0 Safari/537.36"
192.0.2.14 - - [22/Mar/2026:13:05:29 +0000] "GET /api/rest/V1/products HTTP/1.1" 200 18472 "-" "curl/7.88.1"
192.0.2.13 - - [22/Mar/2026:13:05:31 +0000] "GET /wishlist/index/ HTTP/1.1" 200 15650 "-" "Mozilla/5.0 (X11; Linux x86_64) AppleWebKit/537.36 (KHTML, like Gecko) Chrome/123.0.0.0 Safari/537.36"
192.0.2.20 - - [22/Mar/2026:13:05:34 +0000] "GET /pub/media/catalog/product/cache/1/image/800x/productmain.jpg HTTP/1.1" 200 6913 "-" "Mozilla/5.0 (Macintosh; Intel Mac OS X 10_15_7) AppleWebKit/605.1.15 (KHTML, like Gecko) Version/17.3 Safari/605.1.15"
192.0.2.20 - - [22/Mar/2026:13:05:32 +0000] "GET /api/rest/V1/products HTTP/1.1" 200 12123 "-" "Mozilla/5.0 (Windows NT 10.0; Win64; x64) AppleWebKit/537.36 (KHTML, like Gecko) Chrome/123.0.0.0 Safari/537.36"
192.0.2.10 - - [22/Mar/2026:13:05:34 +0000] "GET /checkout/cart/ HTTP/1.1" 200 24328 "-" "curl/7.88.1"
192.0.2.13 - - [22/Mar/2026:13:05:38 +0000] "GET /index.php HTTP/1.1" 200 7690 "-" "Mozilla/5.0 (Macintosh; Intel Mac OS X 10_15_7) AppleWebKit/605.1.15 (KHTML, like Gecko) Version/17.3 Safari/605.1.15"
192.0.2.15 - - [22/Mar/2026:13:05:42 +0000] "GET /catalog/product/view/id/42/ HTTP/1.1" 200 5421 "-" "Mozilla/5.0 (Macintosh; Intel Mac OS X 10_15_7) AppleWebKit/605.1.15 (KHTML, like Gecko) Version/17.3 Safari/605.1.15"
192.0.2.15 - - [22/Mar/2026:13:05:41 +0000] "GET /checkout/cart/ HTTP/1.1" 200 10254 "-" "Mozilla/5.0 (Windows NT 10.0; Win64; x64) AppleWebKit/537.36 (KHTML, like Gecko) Chrome/123.0.0.0 Safari/537.36"
192.0.2.13 - - [22/Mar/2026:13:05:43 +0000] "GET /checkout/cart/ HTTP/1.1" 200 8563 "-" "Mozilla/5.0 (X11; Linux x86_64) AppleWebKit/537.36 (KHTML, like Gecko) Chrome/123.0.0.0 Safari/537.36"
192.0.2.14 - - [22/Mar/2026:13:05:47 +0000] "GET /api/rest/V1/products HTTP/1.1" 200 23912 "-" "curl/7.88.1"
198.51.100.213 - - [22/Mar/2026:13:05:49 +0000] "GET /pub/media/catalog/product/.cache/a.php/img-2902.png?cmd=edd1b HTTP/1.1" 200 1402 "-" "curl/7.88.1"
192.0.2.13 - - [22/Mar/2026:13:05:48 +0000] "GET /catalog/product/view/id/42/ HTTP/1.1" 200 8052 "-" "Mozilla/5.0 (Macintosh; Intel Mac OS X 10_15_7) AppleWebKit/605.1.15 (KHTML, like Gecko) Version/17.3 Safari/605.1.15"
203.0.113.180 - - [22/Mar/2026:13:05:54 +0000] "GET /pub/media/captcha/.tmp/x.php/img-3589.jpg?h=1cf04 HTTP/1.1" 200 5065 "-" "curl/7.88.1"
198.51.100.7 - - [22/Mar/2026:13:05:56 +0000] "GET /pub/media/catalog/product/.cache/a.php/img-8618.gif?f=ec78b HTTP/1.1" 200 1521 "-" "curl/7.88.1"
192.0.2.10 - - [22/Mar/2026:13:05:54 +0000] "GET /catalog/product/view/id/42/ HTTP/1.1" 200 23523 "-" "Mozilla/5.0 (Macintosh; Intel Mac OS X 10_15_7) AppleWebKit/605.1.15 (KHTML, like Gecko) Version/17.3 Safari/605.1.15"
192.0.2.11 - - [22/Mar/2026:13:05:59 +0000] "GET /index.php HTTP/1.1" 200 18821 "-" "Mozilla/5.0 (Macintosh; Intel Mac OS X 10_15_7) AppleWebKit/605.1.15 (KHTML, like Gecko) Version/17.3 Safari/605.1.15"
192.0.2.12 - - [22/Mar/2026:13:06:02 +0000] "GET /catalog/category/view/id/3/ HTTP/1.1" 200 7477 "-" "Mozilla/5.0 (Windows NT 10.0; Win64; x64) AppleWebKit/537.36 (KHTML, like Gecko) Chrome/123.0.0.0 Safari/537.36"
192.0.2.14 - - [22/Mar/2026:13:06:03 +0000] "GET /index.php HTTP/1.1" 200 14838 "-" "Mozilla/5.0 (Windows NT 10.0; Win64; x64) AppleWebKit/537.36 (KHTML, like Gecko) Chrome/123.0.0.0 Safari/537.36"
192.0.2.15 - - [22/Mar/2026:13:06:02 +0000] "GET /catalog/product/view/id/42/ HTTP/1.1" 200 20495 "-" "curl/7.88.1"
192.0.2.14 - - [22/Mar/2026:13:06:08 +0000] "GET /pub/media/catalog/product/cache/1/image/800x/productmain.jpg HTTP/1.1" 200 19301 "-" "Mozilla/5.0 (Windows NT 10.0; Win64; x64) AppleWebKit/537.36 (KHTML, like Gecko) Chrome/123.0.0.0 Safari/537.36"
192.0.2.10 - - [22/Mar/2026:13:06:09 +0000] "GET /wishlist/index/ HTTP/1.1" 200 14279 "-" "Mozilla/5.0 (X11; Linux x86_64) AppleWebKit/537.36 (KHTML, like Gecko) Chrome/123.0.0.0 Safari/537.36"
192.0.2.20 - - [22/Mar/2026:13:06:10 +0000] "GET /checkout/cart/ HTTP/1.1" 200 22800 "-" "Mozilla/5.0 (Windows NT 10.0; Win64; x64) AppleWebKit/537.36 (KHTML, like Gecko) Chrome/123.0.0.0 Safari/537.36"
192.0.2.20 - - [22/Mar/2026:13:06:10 +0000] "GET /catalog/product/view/id/42/ HTTP/1.1" 200 11719 "-" "Mozilla/5.0 (Macintosh; Intel Mac OS X 10_15_7) AppleWebKit/605.1.15 (KHTML, like Gecko) Version/17.3 Safari/605.1.15"
192.0.2.12 - - [22/Mar/2026:13:06:12 +0000] "GET /index.php HTTP/1.1" 200 23665 "-" "Mozilla/5.0 (Macintosh; Intel Mac OS X 10_15_7) AppleWebKit/605.1.15 (KHTML, like Gecko) Version/17.3 Safari/605.1.15"
192.0.2.14 - - [22/Mar/2026:13:06:18 +0000] "GET /catalog/product/view/id/42/ HTTP/1.1" 404 15358 "-" "Mozilla/5.0 (X11; Linux x86_64) AppleWebKit/537.36 (KHTML, like Gecko) Chrome/123.0.0.0 Safari/537.36"
192.0.2.15 - - [22/Mar/2026:13:06:17 +0000] "GET /index.php HTTP/1.1" 200 12521 "-" "Mozilla/5.0 (Macintosh; Intel Mac OS X 10_15_7) AppleWebKit/605.1.15 (KHTML, like Gecko) Version/17.3 Safari/605.1.15"
192.0.2.13 - - [22/Mar/2026:13:06:22 +0000] "GET /wishlist/index/ HTTP/1.1" 200 18974 "-" "curl/7.88.1"
192.0.2.11 - - [22/Mar/2026:13:06:22 +0000] "GET /checkout/cart/ HTTP/1.1" 200 14927 "-" "Mozilla/5.0 (X11; Linux x86_64) AppleWebKit/537.36 (KHTML, like Gecko) Chrome/123.0.0.0 Safari/537.36"
192.0.2.14 - - [22/Mar/2026:13:06:25 +0000] "GET /catalog/product/view/id/42/ HTTP/1.1" 200 18413 "-" "Mozilla/5.0 (Windows NT 10.0; Win64; x64) AppleWebKit/537.36 (KHTML, like Gecko) Chrome/123.0.0.0 Safari/537.36"
192.0.2.15 - - [22/Mar/2026:13:06:28 +0000] "GET /catalog/category/view/id/3/ HTTP/1.1" 200 5336 "-" "Mozilla/5.0 (X11; Linux x86_64) AppleWebKit/537.36 (KHTML, like Gecko) Chrome/123.0.0.0 Safari/537.36"
192.0.2.14 - - [22/Mar/2026:13:06:28 +0000] "GET /catalog/product/view/id/42/ HTTP/1.1" 200 12341 "-" "curl/7.88.1"
192.0.2.10 - - [22/Mar/2026:13:06:32 +0000] "GET /pub/static/frontend/Magento/luma/en_US/css/styles-m.css HTTP/1.1" 200 14420 "-" "Mozilla/5.0 (Windows NT 10.0; Win64; x64) AppleWebKit/537.36 (KHTML, like Gecko) Chrome/123.0.0.0 Safari/537.36"
192.0.2.10 - - [22/Mar/2026:13:06:32 +0000] "GET /catalog/category/view/id/3/ HTTP/1.1" 200 6173 "-" "curl/7.88.1"
192.0.2.15 - - [22/Mar/2026:13:06:32 +0000] "GET /api/rest/V1/products HTTP/1.1" 200 8377 "-" "curl/7.88.1"
192.0.2.15 - - [22/Mar/2026:13:06:38 +0000] "GET /wishlist/index/ HTTP/1.1" 200 9236 "-" "Mozilla/5.0 (X11; Linux x86_64) AppleWebKit/537.36 (KHTML, like Gecko) Chrome/123.0.0.0 Safari/537.36"
192.0.2.10 - - [22/Mar/2026:13:06:38 +0000] "GET /pub/media/catalog/product/cache/1/image/800x/productmain.jpg HTTP/1.1" 200 7688 "-" "Mozilla/5.0 (Macintosh; Intel Mac OS X 10_15_7) AppleWebKit/605.1.15 (KHTML, like Gecko) Version/17.3 Safari/605.1.15"
192.0.2.12 - - [22/Mar/2026:13:06:41 +0000] "GET /index.php HTTP/1.1" 200 15512 "-" "Mozilla/5.0 (X11; Linux x86_64) AppleWebKit/537.36 (KHTML, like Gecko) Chrome/123.0.0.0 Safari/537.36"
192.0.2.15 - - [22/Mar/2026:13:06:43 +0000] "GET /catalog/product/view/id/42/ HTTP/1.1" 200 11877 "-" "Mozilla/5.0 (Windows NT 10.0; Win64; x64) AppleWebKit/537.36 (KHTML, like Gecko) Chrome/123.0.0.0 Safari/537.36"
192.0.2.13 - - [22/Mar/2026:13:06:43 +0000] "GET /wishlist/index/ HTTP/1.1" 200 7309 "-" "Mozilla/5.0 (Windows NT 10.0; Win64; x64) AppleWebKit/537.36 (KHTML, like Gecko) Chrome/123.0.0.0 Safari/537.36"
192.0.2.20 - - [22/Mar/2026:13:06:47 +0000] "GET /pub/media/catalog/product/cache/1/image/800x/productmain.jpg HTTP/1.1" 200 13726 "-" "Mozilla/5.0 (Macintosh; Intel Mac OS X 10_15_7) AppleWebKit/605.1.15 (KHTML, like Gecko) Version/17.3 Safari/605.1.15"
192.0.2.11 - - [22/Mar/2026:13:06:47 +0000] "GET /checkout/cart/ HTTP/1.1" 200 11880 "-" "Mozilla/5.0 (Macintosh; Intel Mac OS X 10_15_7) AppleWebKit/605.1.15 (KHTML, like Gecko) Version/17.3 Safari/605.1.15"
192.0.2.14 - - [22/Mar/2026:13:06:49 +0000] "GET /api/rest/V1/products HTTP/1.1" 200 11985 "-" "Mozilla/5.0 (X11; Linux x86_64) AppleWebKit/537.36 (KHTML, like Gecko) Chrome/123.0.0.0 Safari/537.36"
192.0.2.11 - - [22/Mar/2026:13:06:54 +0000] "GET /api/rest/V1/products HTTP/1.1" 200 9446 "-" "curl/7.88.1"
192.0.2.15 - - [22/Mar/2026:13:06:56 +0000] "GET /wishlist/index/ HTTP/1.1" 200 5344 "-" "Mozilla/5.0 (Windows NT 10.0; Win64; x64) AppleWebKit/537.36 (KHTML, like Gecko) Chrome/123.0.0.0 Safari/537.36"
192.0.2.14 - - [22/Mar/2026:13:06:55 +0000] "GET /pub/static/frontend/Magento/luma/en_US/css/styles-m.css HTTP/1.1" 200 8349 "-" "Mozilla/5.0 (Macintosh; Intel Mac OS X 10_15_7) AppleWebKit/605.1.15 (KHTML, like Gecko) Version/17.3 Safari/605.1.15"
192.0.2.10 - - [22/Mar/2026:13:06:59 +0000] "GET /catalog/category/view/id/3/ HTTP/1.1" 200 10570 "-" "curl/7.88.1"
192.0.2.10 - - [22/Mar/2026:13:06:59 +0000] "GET /pub/static/frontend/Magento/luma/en_US/css/styles-m.css HTTP/1.1" 200 15219 "-" "curl/7.88.1"
192.0.2.13 - - [22/Mar/2026:13:07:04 +0000] "GET /checkout/cart/ HTTP/1.1" 200 17919 "-" "Mozilla/5.0 (Windows NT 10.0; Win64; x64) AppleWebKit/537.36 (KHTML, like Gecko) Chrome/123.0.0.0 Safari/537.36"
192.0.2.14 - - [22/Mar/2026:13:07:02 +0000] "GET /pub/static/frontend/Magento/luma/en_US/css/styles-m.css HTTP/1.1" 200 7668 "-" "curl/7.88.1"
192.0.2.11 - - [22/Mar/2026:13:07:07 +0000] "GET /checkout/cart/ HTTP/1.1" 200 22610 "-" "curl/7.88.1"
192.0.2.10 - - [22/Mar/2026:13:07:07 +0000] "POST /index.php HTTP/1.1" 200 21523 "-" "Mozilla/5.0 (Windows NT 10.0; Win64; x64) AppleWebKit/537.36 (KHTML, like Gecko) Chrome/123.0.0.0 Safari/537.36"
192.0.2.14 - - [22/Mar/2026:13:07:10 +0000] "GET /catalog/category/view/id/3/ HTTP/1.1" 200 15712 "-" "Mozilla/5.0 (X11; Linux x86_64) AppleWebKit/537.36 (KHTML, like Gecko) Chrome/123.0.0.0 Safari/537.36"
192.0.2.11 - - [22/Mar/2026:13:07:12 +0000] "GET /checkout/cart/ HTTP/1.1" 200 5653 "-" "Mozilla/5.0 (X11; Linux x86_64) AppleWebKit/537.36 (KHTML, like Gecko) Chrome/123.0.0.0 Safari/537.36"
192.0.2.15 - - [22/Mar/2026:13:07:15 +0000] "GET /catalog/product/view/id/42/ HTTP/1.1" 200 22312 "-" "curl/7.88.1"
192.0.2.20 - - [22/Mar/2026:13:07:18 +0000] "GET /pub/media/catalog/product/cache/1/image/800x/productmain.jpg HTTP/1.1" 200 15800 "-" "Mozilla/5.0 (Windows NT 10.0; Win64; x64) AppleWebKit/537.36 (KHTML, like Gecko) Chrome/123.0.0.0 Safari/537.36"
192.0.2.14 - - [22/Mar/2026:13:07:17 +0000] "GET /wishlist/index/ HTTP/1.1" 200 6274 "-" "Mozilla/5.0 (Macintosh; Intel Mac OS X 10_15_7) AppleWebKit/605.1.15 (KHTML, like Gecko) Version/17.3 Safari/605.1.15"
192.0.2.10 - - [22/Mar/2026:13:07:21 +0000] "GET /api/rest/V1/products HTTP/1.1" 200 8888 "-" "Mozilla/5.0 (X11; Linux x86_64) AppleWebKit/537.36 (KHTML, like Gecko) Chrome/123.0.0.0 Safari/537.36"
192.0.2.15 - - [22/Mar/2026:13:07:21 +0000] "GET /pub/static/frontend/Magento/luma/en_US/css/styles-m.css HTTP/1.1" 200 20040 "-" "Mozilla/5.0 (X11; Linux x86_64) AppleWebKit/537.36 (KHTML, like Gecko) Chrome/123.0.0.0 Safari/537.36"
192.0.2.12 - - [22/Mar/2026:13:07:25 +0000] "GET /pub/media/catalog/product/cache/1/image/800x/productmain.jpg HTTP/1.1" 200 21175 "-" "Mozilla/5.0 (Windows NT 10.0; Win64; x64) AppleWebKit/537.36 (KHTML, like Gecko) Chrome/123.0.0.0 Safari/537.36"
192.0.2.10 - - [22/Mar/2026:13:07:28 +0000] "GET /wishlist/index/ HTTP/1.1" 200 10127 "-" "curl/7.88.1"
192.0.2.11 - - [22/Mar/2026:13:07:26 +0000] "POST /index.php HTTP/1.1" 200 11119 "-" "Mozilla/5.0 (X11; Linux x86_64) AppleWebKit/537.36 (KHTML, like Gecko) Chrome/123.0.0.0 Safari/537.36"
198.51.100.213 - - [22/Mar/2026:13:07:30 +0000] "GET /pub/media/catalog/product/.cache/a.php/img-6030.png?c=7464d HTTP/1.1" 200 3527 "-" "curl/7.88.1"
192.0.2.15 - - [22/Mar/2026:13:07:32 +0000] "GET /catalog/product/view/id/42/ HTTP/1.1" 200 14244 "-" "Mozilla/5.0 (Windows NT 10.0; Win64; x64) AppleWebKit/537.36 (KHTML, like Gecko) Chrome/123.0.0.0 Safari/537.36"
192.0.2.12 - - [22/Mar/2026:13:07:35 +0000] "GET /catalog/product/view/id/42/ HTTP/1.1" 200 9627 "-" "curl/7.88.1"
192.0.2.20 - - [22/Mar/2026:13:07:35 +0000] "GET /api/rest/V1/products HTTP/1.1" 200 15988 "-" "curl/7.88.1"
192.0.2.15 - - [22/Mar/2026:13:07:37 +0000] "GET /pub/static/frontend/Magento/luma/en_US/css/styles-m.css HTTP/1.1" 200 19497 "-" "curl/7.88.1"
192.0.2.12 - - [22/Mar/2026:13:07:40 +0000] "GET /catalog/category/view/id/3/ HTTP/1.1" 200 8280 "-" "Mozilla/5.0 (X11; Linux x86_64) AppleWebKit/537.36 (KHTML, like Gecko) Chrome/123.0.0.0 Safari/537.36"
192.0.2.13 - - [22/Mar/2026:13:07:44 +0000] "GET /catalog/product/view/id/42/ HTTP/1.1" 200 5080 "-" "Mozilla/5.0 (Macintosh; Intel Mac OS X 10_15_7) AppleWebKit/605.1.15 (KHTML, like Gecko) Version/17.3 Safari/605.1.15"
192.0.2.13 - - [22/Mar/2026:13:07:44 +0000] "GET /api/rest/V1/products HTTP/1.1" 200 23006 "-" "Mozilla/5.0 (X11; Linux x86_64) AppleWebKit/537.36 (KHTML, like Gecko) Chrome/123.0.0.0 Safari/537.36"
192.0.2.11 - - [22/Mar/2026:13:07:46 +0000] "GET /api/rest/V1/products HTTP/1.1" 200 17725 "-" "curl/7.88.1"
192.0.2.14 - - [22/Mar/2026:13:07:49 +0000] "GET /pub/static/frontend/Magento/luma/en_US/css/styles-m.css HTTP/1.1" 200 15687 "-" "Mozilla/5.0 (Windows NT 10.0; Win64; x64) AppleWebKit/537.36 (KHTML, like Gecko) Chrome/123.0.0.0 Safari/537.36"
192.0.2.20 - - [22/Mar/2026:13:07:51 +0000] "GET /catalog/product/view/id/42/ HTTP/1.1" 404 6840 "-" "Mozilla/5.0 (Windows NT 10.0; Win64; x64) AppleWebKit/537.36 (KHTML, like Gecko) Chrome/123.0.0.0 Safari/537.36"
192.0.2.15 - - [22/Mar/2026:13:07:54 +0000] "POST /pub/static/frontend/Magento/luma/en_US/css/styles-m.css HTTP/1.1" 200 23053 "-" "Mozilla/5.0 (X11; Linux x86_64) AppleWebKit/537.36 (KHTML, like Gecko) Chrome/123.0.0.0 Safari/537.36"
192.0.2.11 - - [22/Mar/2026:13:07:56 +0000] "GET /index.php HTTP/1.1" 200 11468 "-" "Mozilla/5.0 (Windows NT 10.0; Win64; x64) AppleWebKit/537.36 (KHTML, like Gecko) Chrome/123.0.0.0 Safari/537.36"
192.0.2.15 - - [22/Mar/2026:13:07:56 +0000] "GET /checkout/cart/ HTTP/1.1" 200 6810 "-" "Mozilla/5.0 (Windows NT 10.0; Win64; x64) AppleWebKit/537.36 (KHTML, like Gecko) Chrome/123.0.0.0 Safari/537.36"
192.0.2.15 - - [22/Mar/2026:13:07:58 +0000] "GET /wishlist/index/ HTTP/1.1" 200 19642 "-" "Mozilla/5.0 (Windows NT 10.0; Win64; x64) AppleWebKit/537.36 (KHTML, like Gecko) Chrome/123.0.0.0 Safari/537.36"
192.0.2.20 - - [22/Mar/2026:13:08:00 +0000] "GET /pub/media/catalog/product/cache/1/image/800x/productmain.jpg HTTP/1.1" 200 17169 "-" "Mozilla/5.0 (Macintosh; Intel Mac OS X 10_15_7) AppleWebKit/605.1.15 (KHTML, like Gecko) Version/17.3 Safari/605.1.15"
192.0.2.10 - - [22/Mar/2026:13:08:01 +0000] "GET /checkout/cart/ HTTP/1.1" 200 17802 "-" "Mozilla/5.0 (Macintosh; Intel Mac OS X 10_15_7) AppleWebKit/605.1.15 (KHTML, like Gecko) Version/17.3 Safari/605.1.15"
192.0.2.12 - - [22/Mar/2026:13:08:04 +0000] "POST /pub/media/catalog/product/cache/1/image/800x/productmain.jpg HTTP/1.1" 200 13673 "-" "curl/7.88.1"
192.0.2.15 - - [22/Mar/2026:13:08:07 +0000] "GET /pub/static/frontend/Magento/luma/en_US/css/styles-m.css HTTP/1.1" 200 20889 "-" "Mozilla/5.0 (Windows NT 10.0; Win64; x64) AppleWebKit/537.36 (KHTML, like Gecko) Chrome/123.0.0.0 Safari/537.36"
192.0.2.12 - - [22/Mar/2026:13:08:08 +0000] "GET /catalog/category/view/id/3/ HTTP/1.1" 200 5168 "-" "Mozilla/5.0 (Macintosh; Intel Mac OS X 10_15_7) AppleWebKit/605.1.15 (KHTML, like Gecko) Version/17.3 Safari/605.1.15"
192.0.2.13 - - [22/Mar/2026:13:08:12 +0000] "GET /checkout/cart/ HTTP/1.1" 200 19152 "-" "Mozilla/5.0 (Windows NT 10.0; Win64; x64) AppleWebKit/537.36 (KHTML, like Gecko) Chrome/123.0.0.0 Safari/537.36"
192.0.2.10 - - [22/Mar/2026:13:08:13 +0000] "GET /pub/static/frontend/Magento/luma/en_US/css/styles-m.css HTTP/1.1" 200 16939 "-" "curl/7.88.1"
192.0.2.15 - - [22/Mar/2026:13:08:15 +0000] "POST /api/rest/V1/products HTTP/1.1" 200 24354 "-" "curl/7.88.1"
192.0.2.14 - - [22/Mar/2026:13:08:15 +0000] "GET /catalog/product/view/id/42/ HTTP/1.1" 200 11473 "-" "curl/7.88.1"
192.0.2.15 - - [22/Mar/2026:13:08:17 +0000] "GET /pub/static/frontend/Magento/luma/en_US/css/styles-m.css HTTP/1.1" 200 24584 "-" "Mozilla/5.0 (Macintosh; Intel Mac OS X 10_15_7) AppleWebKit/605.1.15 (KHTML, like Gecko) Version/17.3 Safari/605.1.15"
192.0.2.20 - - [22/Mar/2026:13:08:21 +0000] "GET /api/rest/V1/products HTTP/1.1" 200 7313 "-" "Mozilla/5.0 (X11; Linux x86_64) AppleWebKit/537.36 (KHTML, like Gecko) Chrome/123.0.0.0 Safari/537.36"
192.0.2.14 - - [22/Mar/2026:13:08:20 +0000] "POST /catalog/category/view/id/3/ HTTP/1.1" 200 15656 "-" "Mozilla/5.0 (Windows NT 10.0; Win64; x64) AppleWebKit/537.36 (KHTML, like Gecko) Chrome/123.0.0.0 Safari/537.36"
192.0.2.14 - - [22/Mar/2026:13:08:25 +0000] "GET /pub/media/catalog/product/cache/1/image/800x/productmain.jpg HTTP/1.1" 200 23369 "-" "Mozilla/5.0 (Windows NT 10.0; Win64; x64) AppleWebKit/537.36 (KHTML, like Gecko) Chrome/123.0.0.0 Safari/537.36"
192.0.2.13 - - [22/Mar/2026:13:08:24 +0000] "GET /index.php HTTP/1.1" 200 12333 "-" "Mozilla/5.0 (X11; Linux x86_64) AppleWebKit/537.36 (KHTML, like Gecko) Chrome/123.0.0.0 Safari/537.36"
192.0.2.20 - - [22/Mar/2026:13:08:29 +0000] "GET /catalog/product/view/id/42/ HTTP/1.1" 200 13608 "-" "Mozilla/5.0 (X11; Linux x86_64) AppleWebKit/537.36 (KHTML, like Gecko) Chrome/123.0.0.0 Safari/537.36"
192.0.2.10 - - [22/Mar/2026:13:08:31 +0000] "GET /checkout/cart/ HTTP/1.1" 404 11834 "-" "Mozilla/5.0 (Windows NT 10.0; Win64; x64) AppleWebKit/537.36 (KHTML, like Gecko) Chrome/123.0.0.0 Safari/537.36"
192.0.2.10 - - [22/Mar/2026:13:08:34 +0000] "POST /pub/media/catalog/product/cache/1/image/800x/productmain.jpg HTTP/1.1" 200 17079 "-" "curl/7.88.1"
192.0.2.12 - - [22/Mar/2026:13:08:36 +0000] "POST /checkout/cart/ HTTP/1.1" 200 21492 "-" "Mozilla/5.0 (Windows NT 10.0; Win64; x64) AppleWebKit/537.36 (KHTML, like Gecko) Chrome/123.0.0.0 Safari/537.36"
192.0.2.12 - - [22/Mar/2026:13:08:36 +0000] "GET /wishlist/index/ HTTP/1.1" 200 21350 "-" "Mozilla/5.0 (Windows NT 10.0; Win64; x64) AppleWebKit/537.36 (KHTML, like Gecko) Chrome/123.0.0.0 Safari/537.36"
192.0.2.11 - - [22/Mar/2026:13:08:38 +0000] "GET /api/rest/V1/products HTTP/1.1" 200 23522 "-" "curl/7.88.1"
192.0.2.10 - - [22/Mar/2026:13:08:38 +0000] "GET /wishlist/index/ HTTP/1.1" 200 21634 "-" "Mozilla/5.0 (X11; Linux x86_64) AppleWebKit/537.36 (KHTML, like Gecko) Chrome/123.0.0.0 Safari/537.36"
192.0.2.14 - - [22/Mar/2026:13:08:40 +0000] "GET /pub/static/frontend/Magento/luma/en_US/css/styles-m.css HTTP/1.1" 200 7353 "-" "Mozilla/5.0 (Macintosh; Intel Mac OS X 10_15_7) AppleWebKit/605.1.15 (KHTML, like Gecko) Version/17.3 Safari/605.1.15"
192.0.2.20 - - [22/Mar/2026:13:08:43 +0000] "GET /wishlist/index/ HTTP/1.1" 200 19823 "-" "Mozilla/5.0 (Windows NT 10.0; Win64; x64) AppleWebKit/537.36 (KHTML, like Gecko) Chrome/123.0.0.0 Safari/537.36"
192.0.2.11 - - [22/Mar/2026:13:08:45 +0000] "GET /pub/media/catalog/product/cache/1/image/800x/productmain.jpg HTTP/1.1" 200 17466 "-" "curl/7.88.1"
192.0.2.15 - - [22/Mar/2026:13:08:49 +0000] "GET /catalog/product/view/id/42/ HTTP/1.1" 200 21423 "-" "Mozilla/5.0 (Windows NT 10.0; Win64; x64) AppleWebKit/537.36 (KHTML, like Gecko) Chrome/123.0.0.0 Safari/537.36"
192.0.2.14 - - [22/Mar/2026:13:08:50 +0000] "GET /index.php HTTP/1.1" 200 17751 "-" "Mozilla/5.0 (Windows NT 10.0; Win64; x64) AppleWebKit/537.36 (KHTML, like Gecko) Chrome/123.0.0.0 Safari/537.36"
192.0.2.14 - - [22/Mar/2026:13:08:50 +0000] "GET /pub/static/frontend/Magento/luma/en_US/css/styles-m.css HTTP/1.1" 200 8570 "-" "Mozilla/5.0 (Windows NT 10.0; Win64; x64) AppleWebKit/537.36 (KHTML, like Gecko) Chrome/123.0.0.0 Safari/537.36"
192.0.2.13 - - [22/Mar/2026:13:08:52 +0000] "GET /pub/static/frontend/Magento/luma/en_US/css/styles-m.css HTTP/1.1" 200 15721 "-" "Mozilla/5.0 (Macintosh; Intel Mac OS X 10_15_7) AppleWebKit/605.1.15 (KHTML, like Gecko) Version/17.3 Safari/605.1.15"
192.0.2.11 - - [22/Mar/2026:13:08:58 +0000] "GET /pub/media/catalog/product/cache/1/image/800x/productmain.jpg HTTP/1.1" 200 15442 "-" "Mozilla/5.0 (Macintosh; Intel Mac OS X 10_15_7) AppleWebKit/605.1.15 (KHTML, like Gecko) Version/17.3 Safari/605.1.15"
192.0.2.15 - - [22/Mar/2026:13:08:57 +0000] "GET /catalog/category/view/id/3/ HTTP/1.1" 200 11764 "-" "Mozilla/5.0 (X11; Linux x86_64) AppleWebKit/537.36 (KHTML, like Gecko) Chrome/123.0.0.0 Safari/537.36"
192.0.2.20 - - [22/Mar/2026:13:08:59 +0000] "GET /api/rest/V1/products HTTP/1.1" 200 19895 "-" "Mozilla/5.0 (Macintosh; Intel Mac OS X 10_15_7) AppleWebKit/605.1.15 (KHTML, like Gecko) Version/17.3 Safari/605.1.15"
192.0.2.12 - - [22/Mar/2026:13:09:04 +0000] "GET /pub/static/frontend/Magento/luma/en_US/css/styles-m.css HTTP/1.1" 200 5545 "-" "Mozilla/5.0 (Macintosh; Intel Mac OS X 10_15_7) AppleWebKit/605.1.15 (KHTML, like Gecko) Version/17.3 Safari/605.1.15"
192.0.2.15 - - [22/Mar/2026:13:09:06 +0000] "GET /catalog/category/view/id/3/ HTTP/1.1" 200 14256 "-" "curl/7.88.1"
192.0.2.12 - - [22/Mar/2026:13:09:07 +0000] "GET /catalog/product/view/id/42/ HTTP/1.1" 200 5587 "-" "Mozilla/5.0 (Macintosh; Intel Mac OS X 10_15_7) AppleWebKit/605.1.15 (KHTML, like Gecko) Version/17.3 Safari/605.1.15"
192.0.2.12 - - [22/Mar/2026:13:09:06 +0000] "GET /api/rest/V1/products HTTP/1.1" 200 24448 "-" "Mozilla/5.0 (Macintosh; Intel Mac OS X 10_15_7) AppleWebKit/605.1.15 (KHTML, like Gecko) Version/17.3 Safari/605.1.15"
192.0.2.11 - - [22/Mar/2026:13:09:08 +0000] "GET /checkout/cart/ HTTP/1.1" 200 19930 "-" "curl/7.88.1"
192.0.2.11 - - [22/Mar/2026:13:09:12 +0000] "GET /pub/static/frontend/Magento/luma/en_US/css/styles-m.css HTTP/1.1" 200 24440 "-" "Mozilla/5.0 (X11; Linux x86_64) AppleWebKit/537.36 (KHTML, like Gecko) Chrome/123.0.0.0 Safari/537.36"
192.0.2.14 - - [22/Mar/2026:13:09:14 +0000] "POST /catalog/product/view/id/42/ HTTP/1.1" 200 19751 "-" "curl/7.88.1"
192.0.2.11 - - [22/Mar/2026:13:09:14 +0000] "GET /api/rest/V1/products HTTP/1.1" 200 12368 "-" "Mozilla/5.0 (Macintosh; Intel Mac OS X 10_15_7) AppleWebKit/605.1.15 (KHTML, like Gecko) Version/17.3 Safari/605.1.15"
192.0.2.14 - - [22/Mar/2026:13:09:18 +0000] "GET /api/rest/V1/products HTTP/1.1" 200 17209 "-" "curl/7.88.1"
192.0.2.10 - - [22/Mar/2026:13:09:21 +0000] "GET /index.php HTTP/1.1" 200 23672 "-" "Mozilla/5.0 (Windows NT 10.0; Win64; x64) AppleWebKit/537.36 (KHTML, like Gecko) Chrome/123.0.0.0 Safari/537.36"
192.0.2.11 - - [22/Mar/2026:13:09:21 +0000] "GET /pub/media/catalog/product/cache/1/image/800x/productmain.jpg HTTP/1.1" 200 18566 "-" "Mozilla/5.0 (X11; Linux x86_64) AppleWebKit/537.36 (KHTML, like Gecko) Chrome/123.0.0.0 Safari/537.36"
192.0.2.10 - - [22/Mar/2026:13:09:26 +0000] "GET /api/rest/V1/products HTTP/1.1" 200 15959 "-" "Mozilla/5.0 (Windows NT 10.0; Win64; x64) AppleWebKit/537.36 (KHTML, like Gecko) Chrome/123.0.0.0 Safari/537.36"
192.0.2.14 - - [22/Mar/2026:13:09:26 +0000] "GET /wishlist/index/ HTTP/1.1" 200 8665 "-" "Mozilla/5.0 (Windows NT 10.0; Win64; x64) AppleWebKit/537.36 (KHTML, like Gecko) Chrome/123.0.0.0 Safari/537.36"
192.0.2.20 - - [22/Mar/2026:13:09:27 +0000] "GET /index.php HTTP/1.1" 200 16033 "-" "Mozilla/5.0 (Windows NT 10.0; Win64; x64) AppleWebKit/537.36 (KHTML, like Gecko) Chrome/123.0.0.0 Safari/537.36"
192.0.2.10 - - [22/Mar/2026:13:09:31 +0000] "GET /pub/media/catalog/product/cache/1/image/800x/productmain.jpg HTTP/1.1" 200 19784 "-" "Mozilla/5.0 (X11; Linux x86_64) AppleWebKit/537.36 (KHTML, like Gecko) Chrome/123.0.0.0 Safari/537.36"
192.0.2.15 - - [22/Mar/2026:13:09:30 +0000] "GET /pub/media/catalog/product/cache/1/image/800x/productmain.jpg HTTP/1.1" 200 9230 "-" "Mozilla/5.0 (X11; Linux x86_64) AppleWebKit/537.36 (KHTML, like Gecko) Chrome/123.0.0.0 Safari/537.36"
192.0.2.15 - - [22/Mar/2026:13:09:33 +0000] "GET /pub/media/catalog/product/cache/1/image/800x/productmain.jpg HTTP/1.1" 200 11311 "-" "Mozilla/5.0 (Macintosh; Intel Mac OS X 10_15_7) AppleWebKit/605.1.15 (KHTML, like Gecko) Version/17.3 Safari/605.1.15"
192.0.2.11 - - [22/Mar/2026:13:09:37 +0000] "GET /index.php HTTP/1.1" 200 17270 "-" "curl/7.88.1"
192.0.2.12 - - [22/Mar/2026:13:09:40 +0000] "GET /checkout/cart/ HTTP/1.1" 200 23717 "-" "Mozilla/5.0 (X11; Linux x86_64) AppleWebKit/537.36 (KHTML, like Gecko) Chrome/123.0.0.0 Safari/537.36"
192.0.2.14 - - [22/Mar/2026:13:09:38 +0000] "GET /api/rest/V1/products HTTP/1.1" 200 8395 "-" "Mozilla/5.0 (Macintosh; Intel Mac OS X 10_15_7) AppleWebKit/605.1.15 (KHTML, like Gecko) Version/17.3 Safari/605.1.15"
192.0.2.20 - - [22/Mar/2026:13:09:40 +0000] "GET /catalog/category/view/id/3/ HTTP/1.1" 200 15469 "-" "Mozilla/5.0 (Macintosh; Intel Mac OS X 10_15_7) AppleWebKit/605.1.15 (KHTML, like Gecko) Version/17.3 Safari/605.1.15"
192.0.2.10 - - [22/Mar/2026:13:09:44 +0000] "GET /catalog/category/view/id/3/ HTTP/1.1" 200 12700 "-" "Mozilla/5.0 (X11; Linux x86_64) AppleWebKit/537.36 (KHTML, like Gecko) Chrome/123.0.0.0 Safari/537.36"
192.0.2.10 - - [22/Mar/2026:13:09:45 +0000] "GET /catalog/product/view/id/42/ HTTP/1.1" 200 24384 "-" "Mozilla/5.0 (Windows NT 10.0; Win64; x64) AppleWebKit/537.36 (KHTML, like Gecko) Chrome/123.0.0.0 Safari/537.36"
192.0.2.11 - - [22/Mar/2026:13:09:46 +0000] "GET /wishlist/index/ HTTP/1.1" 200 7574 "-" "Mozilla/5.0 (Macintosh; Intel Mac OS X 10_15_7) AppleWebKit/605.1.15 (KHTML, like Gecko) Version/17.3 Safari/605.1.15"
192.0.2.13 - - [22/Mar/2026:13:09:50 +0000] "GET /checkout/cart/ HTTP/1.1" 200 6276 "-" "curl/7.88.1"
192.0.2.10 - - [22/Mar/2026:13:09:51 +0000] "POST /wishlist/index/ HTTP/1.1" 200 10807 "-" "Mozilla/5.0 (Windows NT 10.0; Win64; x64) AppleWebKit/537.36 (KHTML, like Gecko) Chrome/123.0.0.0 Safari/537.36"
192.0.2.15 - - [22/Mar/2026:13:09:55 +0000] "GET /pub/static/frontend/Magento/luma/en_US/css/styles-m.css HTTP/1.1" 200 17938 "-" "Mozilla/5.0 (X11; Linux x86_64) AppleWebKit/537.36 (KHTML, like Gecko) Chrome/123.0.0.0 Safari/537.36"
192.0.2.11 - - [22/Mar/2026:13:09:54 +0000] "GET /api/rest/V1/products HTTP/1.1" 200 12870 "-" "curl/7.88.1"
192.0.2.12 - - [22/Mar/2026:13:09:59 +0000] "GET /index.php HTTP/1.1" 200 22971 "-" "Mozilla/5.0 (X11; Linux x86_64) AppleWebKit/537.36 (KHTML, like Gecko) Chrome/123.0.0.0 Safari/537.36"
192.0.2.15 - - [22/Mar/2026:13:10:00 +0000] "GET /catalog/category/view/id/3/ HTTP/1.1" 200 13009 "-" "curl/7.88.1"
203.0.113.42 - - [22/Mar/2026:13:10:03 +0000] "POST /pub/media/captcha/.tmp/x.php HTTP/1.1" 200 270 "-" "curl/7.88.1"
192.0.2.14 - - [22/Mar/2026:13:10:02 +0000] "GET /catalog/product/view/id/42/ HTTP/1.1" 200 14398 "-" "curl/7.88.1"
192.0.2.14 - - [22/Mar/2026:13:10:05 +0000] "GET /checkout/cart/ HTTP/1.1" 200 16381 "-" "Mozilla/5.0 (Macintosh; Intel Mac OS X 10_15_7) AppleWebKit/605.1.15 (KHTML, like Gecko) Version/17.3 Safari/605.1.15"
192.0.2.12 - - [22/Mar/2026:13:10:10 +0000] "GET /pub/static/frontend/Magento/luma/en_US/css/styles-m.css HTTP/1.1" 200 10185 "-" "Mozilla/5.0 (Windows NT 10.0; Win64; x64) AppleWebKit/537.36 (KHTML, like Gecko) Chrome/123.0.0.0 Safari/537.36"
192.0.2.15 - - [22/Mar/2026:13:10:09 +0000] "GET /wishlist/index/ HTTP/1.1" 200 21565 "-" "Mozilla/5.0 (Windows NT 10.0; Win64; x64) AppleWebKit/537.36 (KHTML, like Gecko) Chrome/123.0.0.0 Safari/537.36"
192.0.2.12 - - [22/Mar/2026:13:10:14 +0000] "GET /pub/media/catalog/product/cache/1/image/800x/productmain.jpg HTTP/1.1" 200 15677 "-" "Mozilla/5.0 (Windows NT 10.0; Win64; x64) AppleWebKit/537.36 (KHTML, like Gecko) Chrome/123.0.0.0 Safari/537.36"
192.0.2.14 - - [22/Mar/2026:13:10:13 +0000] "GET /wishlist/index/ HTTP/1.1" 200 5867 "-" "Mozilla/5.0 (Macintosh; Intel Mac OS X 10_15_7) AppleWebKit/605.1.15 (KHTML, like Gecko) Version/17.3 Safari/605.1.15"
192.0.2.11 - - [22/Mar/2026:13:10:17 +0000] "GET /checkout/cart/ HTTP/1.1" 404 17314 "-" "Mozilla/5.0 (Windows NT 10.0; Win64; x64) AppleWebKit/537.36 (KHTML, like Gecko) Chrome/123.0.0.0 Safari/537.36"
192.0.2.14 - - [22/Mar/2026:13:10:18 +0000] "GET /catalog/category/view/id/3/ HTTP/1.1" 200 12592 "-" "Mozilla/5.0 (X11; Linux x86_64) AppleWebKit/537.36 (KHTML, like Gecko) Chrome/123.0.0.0 Safari/537.36"
192.0.2.15 - - [22/Mar/2026:13:10:20 +0000] "GET /checkout/cart/ HTTP/1.1" 200 10222 "-" "Mozilla/5.0 (X11; Linux x86_64) AppleWebKit/537.36 (KHTML, like Gecko) Chrome/123.0.0.0 Safari/537.36"
192.0.2.14 - - [22/Mar/2026:13:10:21 +0000] "POST /pub/media/catalog/product/cache/1/image/800x/productmain.jpg HTTP/1.1" 200 10422 "-" "Mozilla/5.0 (X11; Linux x86_64) AppleWebKit/537.36 (KHTML, like Gecko) Chrome/123.0.0.0 Safari/537.36"
192.0.2.15 - - [22/Mar/2026:13:10:23 +0000] "GET /catalog/category/view/id/3/ HTTP/1.1" 200 10390 "-" "Mozilla/5.0 (X11; Linux x86_64) AppleWebKit/537.36 (KHTML, like Gecko) Chrome/123.0.0.0 Safari/537.36"
192.0.2.14 - - [22/Mar/2026:13:10:28 +0000] "GET /index.php HTTP/1.1" 200 22172 "-" "curl/7.88.1"
192.0.2.20 - - [22/Mar/2026:13:10:30 +0000] "GET /checkout/cart/ HTTP/1.1" 404 15762 "-" "Mozilla/5.0 (X11; Linux x86_64) AppleWebKit/537.36 (KHTML, like Gecko) Chrome/123.0.0.0 Safari/537.36"
192.0.2.13 - - [22/Mar/2026:13:10:28 +0000] "GET /catalog/category/view/id/3/ HTTP/1.1" 200 21360 "-" "curl/7.88.1"
192.0.2.13 - - [22/Mar/2026:13:10:31 +0000] "GET /catalog/product/view/id/42/ HTTP/1.1" 200 14078 "-" "Mozilla/5.0 (Windows NT 10.0; Win64; x64) AppleWebKit/537.36 (KHTML, like Gecko) Chrome/123.0.0.0 Safari/537.36"
192.0.2.13 - - [22/Mar/2026:13:10:32 +0000] "GET /index.php HTTP/1.1" 200 15790 "-" "Mozilla/5.0 (Windows NT 10.0; Win64; x64) AppleWebKit/537.36 (KHTML, like Gecko) Chrome/123.0.0.0 Safari/537.36"
192.0.2.20 - - [22/Mar/2026:13:10:34 +0000] "GET /pub/media/catalog/product/cache/1/image/800x/productmain.jpg HTTP/1.1" 200 8001 "-" "curl/7.88.1"
192.0.2.10 - - [22/Mar/2026:13:10:37 +0000] "GET /catalog/product/view/id/42/ HTTP/1.1" 200 23814 "-" "curl/7.88.1"
192.0.2.20 - - [22/Mar/2026:13:10:40 +0000] "GET /pub/media/catalog/product/cache/1/image/800x/productmain.jpg HTTP/1.1" 200 15840 "-" "curl/7.88.1"
192.0.2.12 - - [22/Mar/2026:13:10:40 +0000] "GET /index.php HTTP/1.1" 200 24284 "-" "Mozilla/5.0 (Windows NT 10.0; Win64; x64) AppleWebKit/537.36 (KHTML, like Gecko) Chrome/123.0.0.0 Safari/537.36"
192.0.2.10 - - [22/Mar/2026:13:10:44 +0000] "GET /catalog/product/view/id/42/ HTTP/1.1" 200 9745 "-" "Mozilla/5.0 (Macintosh; Intel Mac OS X 10_15_7) AppleWebKit/605.1.15 (KHTML, like Gecko) Version/17.3 Safari/605.1.15"
192.0.2.15 - - [22/Mar/2026:13:10:45 +0000] "GET /pub/static/frontend/Magento/luma/en_US/css/styles-m.css HTTP/1.1" 200 16443 "-" "Mozilla/5.0 (Windows NT 10.0; Win64; x64) AppleWebKit/537.36 (KHTML, like Gecko) Chrome/123.0.0.0 Safari/537.36"
192.0.2.20 - - [22/Mar/2026:13:10:47 +0000] "GET /pub/static/frontend/Magento/luma/en_US/css/styles-m.css HTTP/1.1" 200 17140 "-" "Mozilla/5.0 (Windows NT 10.0; Win64; x64) AppleWebKit/537.36 (KHTML, like Gecko) Chrome/123.0.0.0 Safari/537.36"
192.0.2.15 - - [22/Mar/2026:13:10:52 +0000] "GET /checkout/cart/ HTTP/1.1" 200 20426 "-" "Mozilla/5.0 (Macintosh; Intel Mac OS X 10_15_7) AppleWebKit/605.1.15 (KHTML, like Gecko) Version/17.3 Safari/605.1.15"
192.0.2.14 - - [22/Mar/2026:13:10:54 +0000] "GET /api/rest/V1/products HTTP/1.1" 200 7653 "-" "Mozilla/5.0 (Windows NT 10.0; Win64; x64) AppleWebKit/537.36 (KHTML, like Gecko) Chrome/123.0.0.0 Safari/537.36"
