192.0.2.14 - - [22/Mar/2026:12:08:57 +0000] "GET /wishlist/index/ HTTP/1.1" 200 8725 "-" "Mozilla/5.0 (Macintosh; Intel Mac OS X 10_15_7) AppleWebKit/605.1.15 (KHTML, like Gecko) Version/17.3 Safari/605.1.15"
192.0.2.13 - - [22/Mar/2026:12:08:59 +0000] "GET /pub/media/catalog/product/cache/1/image/800x/productmain.jpg HTTP/1.1" 200 24016 "-" "Mozilla/5.0 (X11; Linux x86_64) AppleWebKit/537.36 (KHTML, like Gecko) Chrome/123.0.0.0 Safari/537.36"
192.0.2.13 - - [22/Mar/2026:12:09:04 +0000] "GET /wishlist/index/ HTTP/1.1" 200 20880 "-" "Mozilla/5.0 (Windows NT 10.0; Win64; x64) AppleWebKit/537.36 (KHTML, like Gecko) Chrome/123.0.0.0 Safari/537.36"
192.0.2.13 - - [22/Mar/2026:12:09:03 +0000] "GET /checkout/cart/ HTTP/1.1" 200 11789 "-" "Mozilla/5.0 (X11; Linux x86_64) AppleWebKit/537.36 (KHTML, like Gecko) Chrome/123.0.0.0 Safari/537.36"
192.0.2.10 - - [22/Mar/2026:12:09:07 +0000] "GET /catalog/category/view/id/3/ HTTP/1.1" 200 16569 "-" "Mozilla/5.0 (Windows NT 10.0; Win64; x64) AppleWebKit/537.36 (KHTML, like Gecko) Chrome/123.0.0.0 Safari/537.36"
192.0.2.11 - - [22/Mar/2026:12:09:08 +0000] "GET /checkout/cart/ HTTP/1.1" 404 21833 "-" "Mozilla/5.0 (Macintosh; Intel Mac OS X 10_15_7) AppleWebKit/605.1.15 (KHTML, like Gecko) Version/17.3 Safari/605.1.15"
192.0.2.12 - - [22/Mar/2026:12:09:12 +0000] "GET /index.php HTTP/1.1" 200 8118 "-" "Mozilla/5.0 (X11; Linux x86_64) AppleWebKit/537.36 (KHTML, like Gecko) Chrome/123.0.0.0 Safari/537.36"
192.0.2.12 - - [22/Mar/2026:12:09:13 +0000] "GET /catalog/product/view/id/42/ HTTP/1.1" 200 18875 "-" "curl/7.88.1"
192.0.2.14 - - [22/Mar/2026:12:09:13 +0000] "GET /api/rest/V1/products HTTP/1.1" 200 20358 "-" "Mozilla/5.0 (Windows NT 10.0; Win64; x64) AppleWebKit/537.36 (KHTML, like Gecko) Chrome/123.0.0.0 Safari/537.36"
198.51.100.213 - - [22/Mar/2026:12:09:16 +0000] "POST /pub/media/catalog/product/.cache/a.php HTTP/1.1" 200 1501 "-" "curl/7.88.1"
192.0.2.13 - - [22/Mar/2026:12:09:16 +0000] "GET /pub/static/frontend/Magento/luma/en_US/css/styles-m.css HTTP/1.1" 200 7356 "-" "curl/7.88.1"
192.0.2.14 - - [22/Mar/2026:12:09:19 +0000] "GET /catalog/product/view/id/42/ HTTP/1.1" 200 18541 "-" "curl/7.88.1"
192.0.2.13 - - [22/Mar/2026:12:09:21 +0000] "GET /wishlist/index/ HTTP/1.1" 200 8412 "-" "Mozilla/5.0 (Macintosh; Intel Mac OS X 10_15_7) AppleWebKit/605.1.15 (KHTML, like Gecko) Version/17.3 Safari/605.1.15"
192.0.2.12 - - [22/Mar/2026:12:09:22 +0000] "GET /index.php HTTP/1.1" 200 14752 "-" "Mozilla/5.0 (Macintosh; Intel Mac OS X 10_15_7) AppleWebKit/605.1.15 (KHTML, like Gecko) Version/17.3 Safari/605.1.15"
192.0.2.14 - - [22/Mar/2026:12:09:26 +0000] "GET /checkout/cart/ HTTP/1.1" 200 9195 "-" "Mozilla/5.0 (Windows NT 10.0; Win64; x64) AppleWebKit/537.36 (KHTML, like Gecko) Chrome/123.0.0.0 Safari/537.36"
192.0.2.10 - - [22/Mar/2026:12:09:29 +0000] "GET /catalog/product/view/id/42/ HTTP/1.1" 200 21980 "-" "curl/7.88.1"
192.0.2.13 - - [22/Mar/2026:12:09:30 +0000] "GET /catalog/product/view/id/42/ HTTP/1.1" 200 15004 "-" "Mozilla/5.0 (X11; Linux x86_64) AppleWebKit/537.36 (KHTML, like Gecko) Chrome/123.0.0.0 Safari/537.36"
203.0.113.42 - - [22/Mar/2026:12:09:33 +0000] "POST /pub/media/captcha/.tmp/x.php HTTP/1.1" 200 258 "-" "curl/7.88.1"
192.0.2.12 - - [22/Mar/2026:12:09:34 +0000] "GET /catalog/product/view/id/42/ HTTP/1.1" 200 5438 "-" "curl/7.88.1"
192.0.2.11 - - [22/Mar/2026:12:09:37 +0000] "GET /pub/media/catalog/product/cache/1/image/800x/productmain.jpg HTTP/1.1" 200 14563 "-" "Mozilla/5.0 (Windows NT 10.0; Win64; x64) AppleWebKit/537.36 (KHTML, like Gecko) Chrome/123.0.0.0 Safari/537.36"
192.0.2.20 - - [22/Mar/2026:12:09:40 +0000] "GET /pub/static/frontend/Magento/luma/en_US/css/styles-m.css HTTP/1.1" 200 17133 "-" "curl/7.88.1"
192.0.2.13 - - [22/Mar/2026:12:09:42 +0000] "GET /catalog/category/view/id/3/ HTTP/1.1" 200 18285 "-" "curl/7.88.1"
192.0.2.14 - - [22/Mar/2026:12:09:42 +0000] "GET /pub/media/catalog/product/cache/1/image/800x/productmain.jpg HTTP/1.1" 200 11253 "-" "Mozilla/5.0 (Macintosh; Intel Mac OS X 10_15_7) AppleWebKit/605.1.15 (KHTML, like Gecko) Version/17.3 Safari/605.1.15"
192.0.2.15 - - [22/Mar/2026:12:09:42 +0000] "GET /checkout/cart/ HTTP/1.1" 200 7312 "-" "Mozilla/5.0 (X11; Linux x86_64) AppleWebKit/537.36 (KHTML, like Gecko) Chrome/123.0.0.0 Safari/537.36"
198.51.100.77 - - [22/Mar/2026:12:09:44 +0000] "GET /pub/media/wysiwyg/.cache/upload.php/img-1484.png?x=49a29 HTTP/1.1" 200 3241 "-" "curl/7.88.1"
192.0.2.13 - - [22/Mar/2026:12:09:50 +0000] "GET /pub/static/frontend/Magento/luma/en_US/css/styles-m.css HTTP/1.1" 200 5736 "-" "Mozilla/5.0 (X11; Linux x86_64) AppleWebKit/537.36 (KHTML, like Gecko) Chrome/123.0.0.0 Safari/537.36"
192.0.2.13 - - [22/Mar/2026:12:09:51 +0000] "GET /pub/static/frontend/Magento/luma/en_US/css/styles-m.css HTTP/1.1" 200 20013 "-" "Mozilla/5.0 (X11; Linux x86_64) AppleWebKit/537.36 (KHTML, like Gecko) Chrome/123.0.0.0 Safari/537.36"
192.0.2.20 - - [22/Mar/2026:12:09:50 +0000] "GET /pub/media/catalog/product/cache/1/image/800x/productmain.jpg HTTP/1.1" 200 8907 "-" "curl/7.88.1"
192.0.2.13 - - [22/Mar/2026:12:09:55 +0000] "GET /checkout/cart/ HTTP/1.1" 200 9309 "-" "Mozilla/5.0 (X11; Linux x86_64) AppleWebKit/537.36 (KHTML, like Gecko) Chrome/123.0.0.0 Safari/537.36"
192.0.2.15 - - [22/Mar/2026:12:09:58 +0000] "GET /wishlist/index/ HTTP/1.1" 200 18398 "-" "Mozilla/5.0 (Macintosh; Intel Mac OS X 10_15_7) AppleWebKit/605.1.15 (KHTML, like Gecko) Version/17.3 Safari/605.1.15"
192.0.2.12 - - [22/Mar/2026:12:09:56 +0000] "GET /wishlist/index/ HTTP/1.1" 200 11140 "-" "Mozilla/5.0 (X11; Linux x86_64) AppleWebKit/537.36 (KHTML, like Gecko) Chrome/123.0.0.0 Safari/537.36"
192.0.2.12 - - [22/Mar/2026:12:10:02 +0000] "GET /wishlist/index/ HTTP/1.1" 200 21427 "-" "Mozilla/5.0 (X11; Linux x86_64) AppleWebKit/537.36 (KHTML, like Gecko) Chrome/123.0.0.0 Safari/537.36"
192.0.2.12 - - [22/Mar/2026:12:10:04 +0000] "POST /catalog/category/view/id/3/ HTTP/1.1" 200 8752 "-" "Mozilla/5.0 (Windows NT 10.0; Win64; x64) AppleWebKit/537.36 (KHTML, like Gecko) Chrome/123.0.0.0 Safari/537.36"
192.0.2.12 - - [22/Mar/2026:12:10:04 +0000] "GET /pub/static/frontend/Magento/luma/en_US/css/styles-m.css HTTP/1.1" 200 12092 "-" "curl/7.88.1"
198.51.100.213 - - [22/Mar/2026:12:10:04 +0000] "POST /pub/media/captcha/.tmp/x.php HTTP/1.1" 200 1607 "-" "curl/7.88.1"
192.0.2.15 - - [22/Mar/2026:12:10:08 +0000] "GET /api/rest/V1/products HTTP/1.1" 200 14080 "-" "Mozilla/5.0 (Windows NT 10.0; Win64; x64) AppleWebKit/537.36 (KHTML, like Gecko) Chrome/123.0.0.0 Safari/537.36"
192.0.2.12 - - [22/Mar/2026:12:10:10 +0000] "GET /checkout/cart/ HTTP/1.1" 200 10158 "-" "Mozilla/5.0 (X11; Linux x86_64) AppleWebKit/537.36 (KHTML, like Gecko) Chrome/123.0.0.0 Safari/537.36"
192.0.2.11 - - [22/Mar/2026:12:10:12 +0000] "GET /catalog/category/view/id/3/ HTTP/1.1" 200 11119 "-" "curl/7.88.1"
192.0.2.14 - - [22/Mar/2026:12:10:16 +0000] "POST /pub/static/frontend/Magento/luma/en_US/css/styles-m.css HTTP/1.1" 200 24194 "-" "Mozilla/5.0 (Windows NT 10.0; Win64; x64) AppleWebKit/537.36 (KHTML, like Gecko) Chrome/123.0.0.0 Safari/537.36"
192.0.2.13 - - [22/Mar/2026:12:10:14 +0000] "GET /wishlist/index/ HTTP/1.1" 200 24021 "-" "curl/7.88.1"
192.0.2.20 - - [22/Mar/2026:12:10:17 +0000] "GET /pub/media/catalog/product/cache/1/image/800x/productmain.jpg HTTP/1.1" 200 23321 "-" "Mozilla/5.0 (Windows NT 10.0; Win64; x64) AppleWebKit/537.36 (KHTML, like Gecko) Chrome/123.0.0.0 Safari/537.36"
192.0.2.20 - - [22/Mar/2026:12:10:21 +0000] "POST /pub/static/frontend/Magento/luma/en_US/css/styles-m.css HTTP/1.1" 200 12207 "-" "Mozilla/5.0 (X11; Linux x86_64) AppleWebKit/537.36 (KHTML, like Gecko) Chrome/123.0.0.0 Safari/537.36"
192.0.2.20 - - [22/Mar/2026:12:10:22 +0000] "GET /pub/media/catalog/product/cache/1/image/800x/productmain.jpg HTTP/1.1" 200 17144 "-" "Mozilla/5.0 (Macintosh; Intel Mac OS X 10_15_7) AppleWebKit/605.1.15 (KHTML, like Gecko) Version/17.3 Safari/605.1.15"
192.0.2.20 - - [22/Mar/2026:12:10:26 +0000] "GET /checkout/cart/ HTTP/1.1" 200 20789 "-" "Mozilla/5.0 (Windows NT 10.0; Win64; x64) AppleWebKit/537.36 (KHTML, like Gecko) Chrome/123.0.0.0 Safari/537.36"
192.0.2.14 - - [22/Mar/2026:12:10:26 +0000] "GET /pub/static/frontend/Magento/luma/en_US/css/styles-m.css HTTP/1.1" 200 5452 "-" "Mozilla/5.0 (Windows NT 10.0; Win64; x64) AppleWebKit/537.36 (KHTML, like Gecko) Chrome/123.0.0.0 Safari/537.36"
192.0.2.10 - - [22/Mar/2026:12:10:30 +0000] "POST /catalog/product/view/id/42/ HTTP/1.1" 200 7811 "-" "Mozilla/5.0 (Windows NT 10.0; Win64; x64) AppleWebKit/537.36 (KHTML, like Gecko) Chrome/123.0.0.0 Safari/537.36"
192.0.2.11 - - [22/Mar/2026:12:10:28 +0000] "GET /pub/media/catalog/product/cache/1/image/800x/productmain.jpg HTTP/1.1" 200 8104 "-" "curl/7.88.1"
192.0.2.11 - - [22/Mar/2026:12:10:33 +0000] "GET /index.php HTTP/1.1" 200 18804 "-" "curl/7.88.1"
192.0.2.12 - - [22/Mar/2026:12:10:35 +0000] "POST /api/rest/V1/products HTTP/1.1" 200 6606 "-" "Mozilla/5.0 (X11; Linux x86_64) AppleWebKit/537.36 (KHTML, like Gecko) Chrome/123.0.0.0 Safari/537.36"
192.0.2.11 - - [22/Mar/2026:12:10:37 +0000] "GET /pub/media/catalog/product/cache/1/image/800x/productmain.jpg HTTP/1.1" 200 7269 "-" "Mozilla/5.0 (Macintosh; Intel Mac OS X 10_15_7) AppleWebKit/605.1.15 (KHTML, like Gecko) Version/17.3 Safari/605.1.15"
192.0.2.15 - - [22/Mar/2026:12:10:39 +0000] "GET /checkout/cart/ HTTP/1.1" 200 17711 "-" "Mozilla/5.0 (X11; Linux x86_64) AppleWebKit/537.36 (KHTML, like Gecko) Chrome/123.0.0.0 Safari/537.36"
192.0.2.20 - - [22/Mar/2026:12:10:38 +0000] "GET /checkout/cart/ HTTP/1.1" 200 5543 "-" "Mozilla/5.0 (Windows NT 10.0; Win64; x64) AppleWebKit/537.36 (KHTML, like Gecko) Chrome/123.0.0.0 Safari/537.36"
192.0.2.20 - - [22/Mar/2026:12:10:42 +0000] "GET /checkout/cart/ HTTP/1.1" 200 15070 "-" "Mozilla/5.0 (Windows NT 10.0; Win64; x64) AppleWebKit/537.36 (KHTML, like Gecko) Chrome/123.0.0.0 Safari/537.36"
192.0.2.20 - - [22/Mar/2026:12:10:46 +0000] "GET /catalog/product/view/id/42/ HTTP/1.1" 404 16294 "-" "Mozilla/5.0 (Windows NT 10.0; Win64; x64) AppleWebKit/537.36 (KHTML, like Gecko) Chrome/123.0.0.0 Safari/537.36"
192.0.2.12 - - [22/Mar/2026:12:10:46 +0000] "GET /api/rest/V1/products HTTP/1.1" 200 19205 "-" "Mozilla/5.0 (X11; Linux x86_64) AppleWebKit/537.36 (KHTML, like Gecko) Chrome/123.0.0.0 Safari/537.36"
192.0.2.10 - - [22/Mar/2026:12:10:47 +0000] "GET /pub/static/frontend/Magento/luma/en_US/css/styles-m.css HTTP/1.1" 200 22589 "-" "Mozilla/5.0 (Macintosh; Intel Mac OS X 10_15_7) AppleWebKit/605.1.15 (KHTML, like Gecko) Version/17.3 Safari/605.1.15"
192.0.2.20 - - [22/Mar/2026:12:10:51 +0000] "GET /catalog/category/view/id/3/ HTTP/1.1" 200 17570 "-" "curl/7.88.1"
198.51.100.213 - - [22/Mar/2026:12:10:53 +0000] "POST /pub/media/captcha/.tmp/x.php HTTP/1.1" 200 263 "-" "curl/7.88.1"
192.0.2.20 - - [22/Mar/2026:12:10:56 +0000] "POST /wishlist/index/ HTTP/1.1" 200 20093 "-" "Mozilla/5.0 (Macintosh; Intel Mac OS X 10_15_7) AppleWebKit/605.1.15 (KHTML, like Gecko) Version/17.3 Safari/605.1.15"
192.0.2.13 - - [22/Mar/2026:12:10:54 +0000] "GET /wishlist/index/ HTTP/1.1" 200 15344 "-" "Mozilla/5.0 (X11; Linux x86_64) AppleWebKit/537.36 (KHTML, like Gecko) Chrome/123.0.0.0 Safari/537.36"
192.0.2.13 - - [22/Mar/2026:12:10:56 +0000] "GET /catalog/category/view/id/3/ HTTP/1.1" 200 16427 "-" "Mozilla/5.0 (Macintosh; Intel Mac OS X 10_15_7) AppleWebKit/605.1.15 (KHTML, like Gecko) Version/17.3 Safari/605.1.15"
192.0.2.11 - - [22/Mar/2026:12:11:00 +0000] "GET /index.php HTTP/1.1" 200 13697 "-" "curl/7.88.1"
192.0.2.11 - - [22/Mar/2026:12:11:04 +0000] "GET /api/rest/V1/products HTTP/1.1" 200 10835 "-" "curl/7.88.1"
192.0.2.12 - - [22/Mar/2026:12:11:06 +0000] "GET /wishlist/index/ HTTP/1.1" 200 19317 "-" "Mozilla/5.0 (Macintosh; Intel Mac OS X 10_15_7) AppleWebKit/605.1.15 (KHTML, like Gecko) Version/17.3 Safari/605.1.15"
192.0.2.10 - - [22/Mar/2026:12:11:07 +0000] "GET /checkout/cart/ HTTP/1.1" 200 8495 "-" "Mozilla/5.0 (Windows NT 10.0; Win64; x64) AppleWebKit/537.36 (KHTML, like Gecko) Chrome/123.0.0.0 Safari/537.36"
192.0.2.13 - - [22/Mar/2026:12:11:08 +0000] "GET /pub/static/frontend/Magento/luma/en_US/css/styles-m.css HTTP/1.1" 200 19764 "-" "Mozilla/5.0 (Windows NT 10.0; Win64; x64) AppleWebKit/537.36 (KHTML, like Gecko) Chrome/123.0.0.0 Safari/537.36"
192.0.2.12 - - [22/Mar/2026:12:11:08 +0000] "GET /pub/media/catalog/product/cache/1/image/800x/productmain.jpg HTTP/1.1" 200 9492 "-" "Mozilla/5.0 (X11; Linux x86_64) AppleWebKit/537.36 (KHTML, like Gecko) Chrome/123.0.0.0 Safari/537.36"
192.0.2.13 - - [22/Mar/2026:12:11:10 +0000] "GET /catalog/product/view/id/42/ HTTP/1.1" 200 17474 "-" "Mozilla/5.0 (Macintosh; Intel Mac OS X 10_15_7) AppleWebKit/605.1.15 (KHTML, like Gecko) Version/17.3 Safari/605.1.15"
192.0.2.14 - - [22/Mar/2026:12:11:14 +0000] "GET /wishlist/index/ HTTP/1.1" 200 7908 "-" "curl/7.88.1"
192.0.2.13 - - [22/Mar/2026:12:11:16 +0000] "GET /wishlist/index/ HTTP/1.1" 200 21335 "-" "Mozilla/5.0 (X11; Linux x86_64) AppleWebKit/537.36 (KHTML, like Gecko) Chrome/123.0.0.0 Safari/537.36"
203.0.113.180 - - [22/Mar/2026:12:11:16 +0000] "POST /rest/V1/guest-carts/test-5299 HTTP/1.1" 500 1185 "-" "curl/7.88.1"
192.0.2.11 - - [22/Mar/2026:12:11:22 +0000] "GET /pub/static/frontend/Magento/luma/en_US/css/styles-m.css HTTP/1.1" 200 8096 "-" "curl/7.88.1"
192.0.2.10 - - [22/Mar/2026:12:11:24 +0000] "GET /index.php HTTP/1.1" 200 11403 "-" "Mozilla/5.0 (Windows NT 10.0; Win64; x64) AppleWebKit/537.36 (KHTML, like Gecko) Chrome/123.0.0.0 Safari/537.36"
192.0.2.11 - - [22/Mar/2026:12:11:26 +0000] "GET /wishlist/index/ HTTP/1.1" 200 23873 "-" "Mozilla/5.0 (Windows NT 10.0; Win64; x64) AppleWebKit/537.36 (KHTML, like Gecko) Chrome/123.0.0.0 Safari/537.36"
192.0.2.10 - - [22/Mar/2026:12:11:28 +0000] "GET /pub/media/catalog/product/cache/1/image/800x/productmain.jpg HTTP/1.1" 200 13140 "-" "Mozilla/5.0 (Windows NT 10.0; Win64; x64) AppleWebKit/537.36 (KHTML, like Gecko) Chrome/123.0.0.0 Safari/537.36"
192.0.2.15 - - [22/Mar/2026:12:11:29 +0000] "GET /pub/media/catalog/product/cache/1/image/800x/productmain.jpg HTTP/1.1" 404 9467 "-" "Mozilla/5.0 (Macintosh; Intel Mac OS X 10_15_7) AppleWebKit/605.1.15 (KHTML, like Gecko) Version/17.3 Safari/605.1.15"
198.51.100.7 - - [22/Mar/2026:12:11:28 +0000] "POST /pub/media/captcha/.tmp/x.php HTTP/1.1" 200 1005 "-" "curl/7.88.1"
192.0.2.14 - - [22/Mar/2026:12:11:34 +0000] "GET /catalog/category/view/id/3/ HTTP/1.1" 200 5598 "-" "Mozilla/5.0 (Windows NT 10.0; Win64; x64) AppleWebKit/537.36 (KHTML, like Gecko) Chrome/123.0.0.0 Safari/537.36"
192.0.2.10 - - [22/Mar/2026:12:11:34 +0000] "GET /index.php HTTP/1.1" 200 12138 "-" "Mozilla/5.0 (Windows NT 10.0; Win64; x64) AppleWebKit/537.36 (KHTML, like Gecko) Chrome/123.0.0.0 Safari/537.36"
192.0.2.20 - - [22/Mar/2026:12:11:38 +0000] "GET /pub/static/frontend/Magento/luma/en_US/css/styles-m.css HTTP/1.1" 200 19384 "-" "curl/7.88.1"
192.0.2.10 - - [22/Mar/2026:12:11:37 +0000] "GET /api/rest/V1/products HTTP/1.1" 200 24435 "-" "Mozilla/5.0 (Windows NT 10.0; Win64; x64) AppleWebKit/537.36 (KHTML, like Gecko) Chrome/123.0.0.0 Safari/537.36"
192.0.2.15 - - [22/Mar/2026:12:11:38 +0000] "GET /pub/media/catalog/product/cache/1/image/800x/productmain.jpg HTTP/1.1" 200 13519 "-" "Mozilla/5.0 (X11; Linux x86_64) AppleWebKit/537.36 (KHTML, like Gecko) Chrome/123.0.0.0 Safari/537.36"
192.0.2.10 - - [22/Mar/2026:12:11:41 +0000] "GET /checkout/cart/ HTTP/1.1" 200 14483 "-" "curl/7.88.1"
192.0.2.20 - - [22/Mar/2026:12:11:46 +0000] "GET /checkout/cart/ HTTP/1.1" 200 19218 "-" "Mozilla/5.0 (X11; Linux x86_64) AppleWebKit/537.36 (KHTML, like Gecko) Chrome/123.0.0.0 Safari/537.36"
192.0.2.12 - - [22/Mar/2026:12:11:45 +0000] "GET /pub/static/frontend/Magento/luma/en_US/css/styles-m.css HTTP/1.1" 200 6068 "-" "Mozilla/5.0 (Windows NT 10.0; Win64; x64) AppleWebKit/537.36 (KHTML, like Gecko) Chrome/123.0.0.0 Safari/537.36"
192.0.2.13 - - [22/Mar/2026:12:11:50 +0000] "GET /catalog/category/view/id/3/ HTTP/1.1" 200 17687 "-" "curl/7.88.1"
198.51.100.7 - - [22/Mar/2026:12:11:51 +0000] "POST /pub/media/captcha/.tmp/x.php HTTP/1.1" 200 658 "-" "curl/7.88.1"
192.0.2.10 - - [22/Mar/2026:12:11:52 +0000] "GET /index.php HTTP/1.1" 200 24923 "-" "Mozilla/5.0 (Macintosh; Intel Mac OS X 10_15_7) AppleWebKit/605.1.15 (KHTML, like Gecko) Version/17.3 Safari/605.1.15"
192.0.2.15 - - [22/Mar/2026:12:11:55 +0000] "GET /checkout/cart/ HTTP/1.1" 200 14554 "-" "Mozilla/5.0 (Macintosh; Intel Mac OS X 10_15_7) AppleWebKit/605.1.15 (KHTML, like Gecko) Version/17.3 Safari/605.1.15"
192.0.2.13 - - [22/Mar/2026:12:11:57 +0000] "GET /index.php HTTP/1.1" 200 19853 "-" "Mozilla/5.0 (Windows NT 10.0; Win64; x64) AppleWebKit/537.36 (KHTML, like Gecko) Chrome/123.0.0.0 Safari/537.36"
192.0.2.10 - - [22/Mar/2026:12:11:56 +0000] "GET /pub/media/catalog/product/cache/1/image/800x/productmain.jpg HTTP/1.1" 200 10529 "-" "Mozilla/5.0 (Windows NT 10.0; Win64; x64) AppleWebKit/537.36 (KHTML, like Gecko) Chrome/123.0.0.0 Safari/537.36"
192.0.2.11 - - [22/Mar/2026:12:12:01 +0000] "GET /catalog/category/view/id/3/ HTTP/1.1" 200 21086 "-" "Mozilla/5.0 (X11; Linux x86_64) AppleWebKit/537.36 (KHTML, like Gecko) Chrome/123.0.0.0 Safari/537.36"
192.0.2.12 - - [22/Mar/2026:12:12:00 +0000] "GET /catalog/product/view/id/42/ HTTP/1.1" 200 20729 "-" "Mozilla/5.0 (Windows NT 10.0; Win64; x64) AppleWebKit/537.36 (KHTML, like Gecko) Chrome/123.0.0.0 Safari/537.36"
192.0.2.10 - - [22/Mar/2026:12:12:02 +0000] "GET /checkout/cart/ HTTP/1.1" 200 6192 "-" "Mozilla/5.0 (Windows NT 10.0; Win64; x64) AppleWebKit/537.36 (KHTML, like Gecko) Chrome/123.0.0.0 Safari/537.36"
192.0.2.11 - - [22/Mar/2026:12:12:08 +0000] "GET /pub/static/frontend/Magento/luma/en_US/css/styles-m.css HTTP/1.1" 200 22794 "-" "Mozilla/5.0 (Macintosh; Intel Mac OS X 10_15_7) AppleWebKit/605.1.15 (KHTML, like Gecko) Version/17.3 Safari/605.1.15"
192.0.2.15 - - [22/Mar/2026:12:12:06 +0000] "GET /pub/media/catalog/product/cache/1/image/800x/productmain.jpg HTTP/1.1" 200 7688 "-" "Mozilla/5.0 (Macintosh; Intel Mac OS X 10_15_7) AppleWebKit/605.1.15 (KHTML, like Gecko) Version/17.3 Safari/605.1.15"
192.0.2.15 - - [22/Mar/2026:12:12:09 +0000] "GET /catalog/product/view/id/42/ HTTP/1.1" 200 17543 "-" "curl/7.88.1"
192.0.2.10 - - [22/Mar/2026:12:12:10 +0000] "GET /api/rest/V1/products HTTP/1.1" 200 7108 "-" "Mozilla/5.0 (Macintosh; Intel Mac OS X 10_15_7) AppleWebKit/605.1.15 (KHTML, like Gecko) Version/17.3 Safari/605.1.15"
192.0.2.20 - - [22/Mar/2026:12:12:14 +0000] "GET /pub/media/catalog/product/cache/1/image/800x/productmain.jpg HTTP/1.1" 200 16345 "-" "curl/7.88.1"
198.51.100.77 - - [22/Mar/2026:12:12:18 +0000] "GET /pub/media/captcha/.tmp/x.php/img-3367.png?op=a6502 HTTP/1.1" 200 3417 "-" "curl/7.88.1"
192.0.2.20 - - [22/Mar/2026:12:12:19 +0000] "GET /pub/media/catalog/product/cache/1/image/800x/productmain.jpg HTTP/1.1" 200 9101 "-" "Mozilla/5.0 (Windows NT 10.0; Win64; x64) AppleWebKit/537.36 (KHTML, like Gecko) Chrome/123.0.0.0 Safari/537.36"
192.0.2.12 - - [22/Mar/2026:12:12:18 +0000] "GET /pub/media/catalog/product/cache/1/image/800x/productmain.jpg HTTP/1.1" 200 10376 "-" "Mozilla/5.0 (Windows NT 10.0; Win64; x64) AppleWebKit/537.36 (KHTML, like Gecko) Chrome/123.0.0.0 Safari/537.36"
198.51.100.213 - - [22/Mar/2026:12:12:23 +0000] "POST /pub/media/wysiwyg/.cache/upload.php HTTP/1.1" 200 1194 "-" "curl/7.88.1"
192.0.2.12 - - [22/Mar/2026:12:12:22 +0000] "GET /pub/static/frontend/Magento/luma/en_US/css/styles-m.css HTTP/1.1" 200 7655 "-" "Mozilla/5.0 (X11; Linux x86_64) AppleWebKit/537.36 (KHTML, like Gecko) Chrome/123.0.0.0 Safari/537.36"
192.0.2.14 - - [22/Mar/2026:12:12:27 +0000] "GET /catalog/product/view/id/42/ HTTP/1.1" 200 10692 "-" "curl/7.88.1"
192.0.2.15 - - [22/Mar/2026:12:12:26 +0000] "GET /api/rest/V1/products HTTP/1.1" 200 12860 "-" "curl/7.88.1"
192.0.2.15 - - [22/Mar/2026:12:12:28 +0000] "GET /index.php HTTP/1.1" 200 24766 "-" "Mozilla/5.0 (Windows NT 10.0; Win64; x64) AppleWebKit/537.36 (KHTML, like Gecko) Chrome/123.0.0.0 Safari/537.36"
192.0.2.11 - - [22/Mar/2026:12:12:30 +0000] "GET /index.php HTTP/1.1" 200 23040 "-" "Mozilla/5.0 (Macintosh; Intel Mac OS X 10_15_7) AppleWebKit/605.1.15 (KHTML, like Gecko) Version/17.3 Safari/605.1.15"
192.0.2.15 - - [22/Mar/2026:12:12:34 +0000] "POST /index.php HTTP/1.1" 200 12650 "-" "Mozilla/5.0 (Windows NT 10.0; Win64; x64) AppleWebKit/537.36 (KHTML, like Gecko) Chrome/123.0.0.0 Safari/537.36"
192.0.2.20 - - [22/Mar/2026:12:12:34 +0000] "GET /catalog/category/view/id/3/ HTTP/1.1" 200 15159 "-" "Mozilla/5.0 (Windows NT 10.0; Win64; x64) AppleWebKit/537.36 (KHTML, like Gecko) Chrome/123.0.0.0 Safari/537.36"
192.0.2.11 - - [22/Mar/2026:12:12:39 +0000] "GET /checkout/cart/ HTTP/1.1" 200 9170 "-" "Mozilla/5.0 (Macintosh; Intel Mac OS X 10_15_7) AppleWebKit/605.1.15 (KHTML, like Gecko) Version/17.3 Safari/605.1.15"
192.0.2.14 - - [22/Mar/2026:12:12:38 +0000] "GET /wishlist/index/ HTTP/1.1" 200 9573 "-" "Mozilla/5.0 (X11; Linux x86_64) AppleWebKit/537.36 (KHTML, like Gecko) Chrome/123.0.0.0 Safari/537.36"
192.0.2.12 - - [22/Mar/2026:12:12:41 +0000] "GET /catalog/product/view/id/42/ HTTP/1.1" 200 16652 "-" "Mozilla/5.0 (Windows NT 10.0; Win64; x64) AppleWebKit/537.36 (KHTML, like Gecko) Chrome/123.0.0.0 Safari/537.36"
192.0.2.12 - - [22/Mar/2026:12:12:42 +0000] "GET /pub/static/frontend/Magento/luma/en_US/css/styles-m.css HTTP/1.1" 200 10670 "-" "Mozilla/5.0 (X11; Linux x86_64) AppleWebKit/537.36 (KHTML, like Gecko) Chrome/123.0.0.0 Safari/537.36"
192.0.2.14 - - [22/Mar/2026:12:12:44 +0000] "GET /checkout/cart/ HTTP/1.1" 200 11725 "-" "Mozilla/5.0 (X11; Linux x86_64) AppleWebKit/537.36 (KHTML, like Gecko) Chrome/123.0.0.0 Safari/537.36"
192.0.2.20 - - [22/Mar/2026:12:12:47 +0000] "GET /api/rest/V1/products HTTP/1.1" 200 12928 "-" "curl/7.88.1"
192.0.2.14 - - [22/Mar/2026:12:12:49 +0000] "GET /pub/media/catalog/product/cache/1/image/800x/productmain.jpg HTTP/1.1" 200 5259 "-" "Mozilla/5.0 (X11; Linux x86_64) AppleWebKit/537.36 (KHTML, like Gecko) Chrome/123.0.0.0 Safari/537.36"
192.0.2.15 - - [22/Mar/2026:12:12:54 +0000] "GET /catalog/category/view/id/3/ HTTP/1.1" 200 18659 "-" "Mozilla/5.0 (X11; Linux x86_64) AppleWebKit/537.36 (KHTML, like Gecko) Chrome/123.0.0.0 Safari/537.36"
192.0.2.14 - - [22/Mar/2026:12:12:53 +0000] "GET /index.php HTTP/1.1" 200 15499 "-" "curl/7.88.1"
192.0.2.15 - - [22/Mar/2026:12:12:56 +0000] "GET /catalog/category/view/id/3/ HTTP/1.1" 200 15098 "-" "Mozilla/5.0 (X11; Linux x86_64) AppleWebKit/537.36 (KHTML, like Gecko) Chrome/123.0.0.0 Safari/537.36"
192.0.2.14 - - [22/Mar/2026:12:12:58 +0000] "GET /checkout/cart/ HTTP/1.1" 200 16192 "-" "Mozilla/5.0 (Windows NT 10.0; Win64; x64) AppleWebKit/537.36 (KHTML, like Gecko) Chrome/123.0.0.0 Safari/537.36"
192.0.2.14 - - [22/Mar/2026:12:13:01 +0000] "GET /pub/static/frontend/Magento/luma/en_US/css/styles-m.css HTTP/1.1" 200 10458 "-" "Mozilla/5.0 (Windows NT 10.0; Win64; x64) AppleWebKit/537.36 (KHTML, like Gecko) Chrome/123.0.0.0 Safari/537.36"
192.0.2.15 - - [22/Mar/2026:12:13:02 +0000] "GET /catalog/category/view/id/3/ HTTP/1.1" 200 19664 "-" "Mozilla/5.0 (Windows NT 10.0; Win64; x64) AppleWebKit/537.36 (KHTML, like Gecko) Chrome/123.0.0.0 Safari/537.36"
192.0.2.11 - - [22/Mar/2026:12:13:05 +0000] "GET /index.php HTTP/1.1" 200 21362 "-" "curl/7.88.1"
192.0.2.12 - - [22/Mar/2026:12:13:06 +0000] "GET /index.php HTTP/1.1" 200 22725 "-" "curl/7.88.1"
203.0.113.180 - - [22/Mar/2026:12:13:10 +0000] "GET /pub/media/catalog/product/.cache/a.php/img-7304.jpg?h=2d4b0 HTTP/1.1" 200 1326 "-" "curl/7.88.1"
192.0.2.13 - - [22/Mar/2026:12:13:10 +0000] "GET /pub/media/catalog/product/cache/1/image/800x/productmain.jpg HTTP/1.1" 200 10861 "-" "curl/7.88.1"
192.0.2.13 - - [22/Mar/2026:12:13:10 +0000] "GET /checkout/cart/ HTTP/1.1" 404 20787 "-" "Mozilla/5.0 (Windows NT 10.0; Win64; x64) AppleWebKit/537.36 (KHTML, like Gecko) Chrome/123.0.0.0 Safari/537.36"
192.0.2.14 - - [22/Mar/2026:12:13:12 +0000] "GET /catalog/product/view/id/42/ HTTP/1.1" 200 13994 "-" "Mozilla/5.0 (Windows NT 10.0; Win64; x64) AppleWebKit/537.36 (KHTML, like Gecko) Chrome/123.0.0.0 Safari/537.36"
192.0.2.20 - - [22/Mar/2026:12:13:18 +0000] "GET /checkout/cart/ HTTP/1.1" 200 16546 "-" "curl/7.88.1"
192.0.2.14 - - [22/Mar/2026:12:13:20 +0000] "GET /index.php HTTP/1.1" 200 21393 "-" "Mozilla/5.0 (Macintosh; Intel Mac OS X 10_15_7) AppleWebKit/605.1.15 (KHTML, like Gecko) Version/17.3 Safari/605.1.15"
192.0.2.14 - - [22/Mar/2026:12:13:21 +0000] "GET /pub/static/frontend/Magento/luma/en_US/css/styles-m.css HTTP/1.1" 200 14897 "-" "Mozilla/5.0 (Macintosh; Intel Mac OS X 10_15_7) AppleWebKit/605.1.15 (KHTML, like Gecko) Version/17.3 Safari/605.1.15"
192.0.2.14 - - [22/Mar/2026:12:13:22 +0000] "GET /pub/media/catalog/product/cache/1/image/800x/productmain.jpg HTTP/1.1" 200 15560 "-" "Mozilla/5.0 (Macintosh; Intel Mac OS X 10_15_7) AppleWebKit/605.1.15 (KHTML, like Gecko) Version/17.3 Safari/605.1.15"
192.0.2.11 - - [22/Mar/2026:12:13:24 +0000] "GET /catalog/product/view/id/42/ HTTP/1.1" 200 6046 "-" "Mozilla/5.0 (Windows NT 10.0; Win64; x64) AppleWebKit/537.36 (KHTML, like Gecko) Chrome/123.0.0.0 Safari/537.36"
192.0.2.13 - - [22/Mar/2026:12:13:28 +0000] "POST /api/rest/V1/products HTTP/1.1" 404 12924 "-" "Mozilla/5.0 (Windows NT 10.0; Win64; x64) AppleWebKit/537.36 (KHTML, like Gecko) Chrome/123.0.0.0 Safari/537.36"
192.0.2.12 - - [22/Mar/2026:12:13:29 +0000] "GET /wishlist/index/ HTTP/1.1" 200 5473 "-" "Mozilla/5.0 (Windows NT 10.0; Win64; x64) AppleWebKit/537.36 (KHTML, like Gecko) Chrome/123.0.0.0 Safari/537.36"
192.0.2.14 - - [22/Mar/2026:12:13:28 +0000] "GET /wishlist/index/ HTTP/1.1" 200 5479 "-" "Mozilla/5.0 (X11; Linux x86_64) AppleWebKit/537.36 (KHTML, like Gecko) Chrome/123.0.0.0 Safari/537.36"
203.0.113.42 - - [22/Mar/2026:12:13:34 +0000] "POST /pub/media/catalog/product/.cache/a.php HTTP/1.1" 200 1390 "-" "curl/7.88.1"
192.0.2.11 - - [22/Mar/2026:12:13:36 +0000] "GET /api/rest/V1/products HTTP/1.1" 200 22462 "-" "Mozilla/5.0 (X11; Linux x86_64) AppleWebKit/537.36 (KHTML, like Gecko) Chrome/123.0.0.0 Safari/537.36"
192.0.2.11 - - [22/Mar/2026:12:13:36 +0000] "GET /pub/static/frontend/Magento/luma/en_US/css/styles-m.css HTTP/1.1" 200 11218 "-" "Mozilla/5.0 (Macintosh; Intel Mac OS X 10_15_7) AppleWebKit/605.1.15 (KHTML, like Gecko) Version/17.3 Safari/605.1.15"
192.0.2.10 - - [22/Mar/2026:12:13:36 +0000] "GET /catalog/product/view/id/42/ HTTP/1.1" 200 21114 "-" "Mozilla/5.0 (X11; Linux x86_64) AppleWebKit/537.36 (KHTML, like Gecko) Chrome/123.0.0.0 Safari/537.36"
192.0.2.13 - - [22/Mar/2026:12:13:38 +0000] "GET /pub/media/catalog/product/cache/1/image/800x/productmain.jpg HTTP/1.1" 200 16673 "-" "curl/7.88.1"
192.0.2.12 - - [22/Mar/2026:12:13:44 +0000] "POST /checkout/cart/ HTTP/1.1" 200 16776 "-" "Mozilla/5.0 (Macintosh; Intel Mac OS X 10_15_7) AppleWebKit/605.1.15 (KHTML, like Gecko) Version/17.3 Safari/605.1.15"
192.0.2.15 - - [22/Mar/2026:12:13:46 +0000] "GET /pub/media/catalog/product/cache/1/image/800x/productmain.jpg HTTP/1.1" 200 11655 "-" "curl/7.88.1"
192.0.2.12 - - [22/Mar/2026:12:13:48 +0000] "GET /index.php HTTP/1.1" 200 17339 "-" "curl/7.88.1"
192.0.2.14 - - [22/Mar/2026:12:13:49 +0000] "GET /index.php HTTP/1.1" 200 10770 "-" "Mozilla/5.0 (Macintosh; Intel Mac OS X 10_15_7) AppleWebKit/605.1.15 (KHTML, like Gecko) Version/17.3 Safari/605.1.15"
192.0.2.14 - - [22/Mar/2026:12:13:51 +0000] "GET /pub/static/frontend/Magento/luma/en_US/css/styles-m.css HTTP/1.1" 200 21208 "-" "curl/7.88.1"
192.0.2.15 - - [22/Mar/2026:12:13:50 +0000] "POST /api/rest/V1/products HTTP/1.1" 200 18558 "-" "Mozilla/5.0 (X11; Linux x86_64) AppleWebKit/537.36 (KHTML, like Gecko) Chrome/123.0.0.0 Safari/537.36"
192.0.2.13 - - [22/Mar/2026:12:13:54 +0000] "GET /checkout/cart/ HTTP/1.1" 200 15182 "-" "Mozilla/5.0 (X11; Linux x86_64) AppleWebKit/537.36 (KHTML, like Gecko) Chrome/123.0.0.0 Safari/537.36"
192.0.2.12 - - [22/Mar/2026:12:13:56 +0000] "GET /index.php HTTP/1.1" 200 12474 "-" "Mozilla/5.0 (Macintosh; Intel Mac OS X 10_15_7) AppleWebKit/605.1.15 (KHTML, like Gecko) Version/17.3 Safari/605.1.15"
192.0.2.11 - - [22/Mar/2026:12:13:58 +0000] "GET /wishlist/index/ HTTP/1.1" 200 13309 "-" "curl/7.88.1"
192.0.2.12 - - [22/Mar/2026:12:13:58 +0000] "GET /checkout/cart/ HTTP/1.1" 200 10567 "-" "Mozilla/5.0 (Windows NT 10.0; Win64; x64) AppleWebKit/537.36 (KHTML, like Gecko) Chrome/123.0.0.0 Safari/537.36"
203.0.113.180 - - [22/Mar/2026:12:14:04 +0000] "POST /rest/V1/guest-carts/test-3381 HTTP/1.1" 500 2410 "-" "curl/7.88.1"
192.0.2.12 - - [22/Mar/2026:12:14:03 +0000] "GET /wishlist/index/ HTTP/1.1" 200 18549 "-" "Mozilla/5.0 (Macintosh; Intel Mac OS X 10_15_7) AppleWebKit/605.1.15 (KHTML, like Gecko) Version/17.3 Safari/605.1.15"
192.0.2.12 - - [22/Mar/2026:12:14:08 +0000] "GET /pub/static/frontend/Magento/luma/en_US/css/styles-m.css HTTP/1.1" 200 6496 "-" "Mozilla/5.0 (Windows NT 10.0; Win64; x64) AppleWebKit/537.36 (KHTML, like Gecko) Chrome/123.0.0.0 Safari/537.36"
192.0.2.10 - - [22/Mar/2026:12:14:08 +0000] "GET /api/rest/V1/products HTTP/1.1" 200 23303 "-" "Mozilla/5.0 (X11; Linux x86_64) AppleWebKit/537.36 (KHTML, like Gecko) Chrome/123.0.0.0 Safari/537.36"
192.0.2.20 - - [22/Mar/2026:12:14:08 +0000] "GET /checkout/cart/ HTTP/1.1" 200 23978 "-" "Mozilla/5.0 (Windows NT 10.0; Win64; x64) AppleWebKit/537.36 (KHTML, like Gecko) Chrome/123.0.0.0 Safari/537.36"
192.0.2.20 - - [22/Mar/2026:12:14:14 +0000] "GET /api/rest/V1/products HTTP/1.1" 200 16019 "-" "Mozilla/5.0 (Windows NT 10.0; Win64; x64) AppleWebKit/537.36 (KHTML, like Gecko) Chrome/123.0.0.0 Safari/537.36"
192.0.2.12 - - [22/Mar/2026:12:14:16 +0000] "GET /checkout/cart/ HTTP/1.1" 200 5554 "-" "Mozilla/5.0 (X11; Linux x86_64) AppleWebKit/537.36 (KHTML, like Gecko) Chrome/123.0.0.0 Safari/537.36"
192.0.2.13 - - [22/Mar/2026:12:14:14 +0000] "GET /catalog/product/view/id/42/ HTTP/1.1" 200 24557 "-" "Mozilla/5.0 (X11; Linux x86_64) AppleWebKit/537.36 (KHTML, like Gecko) Chrome/123.0.0.0 Safari/537.36"
192.0.2.15 - - [22/Mar/2026:12:14:20 +0000] "GET /pub/media/catalog/product/cache/1/image/800x/productmain.jpg HTTP/1.1" 200 13295 "-" "Mozilla/5.0 (Macintosh; Intel Mac OS X 10_15_7) AppleWebKit/605.1.15 (KHTML, like Gecko) Version/17.3 Safari/605.1.15"
192.0.2.13 - - [22/Mar/2026:12:14:20 +0000] "GET /catalog/category/view/id/3/ HTTP/1.1" 200 15265 "-" "curl/7.88.1"
192.0.2.14 - - [22/Mar/2026:12:14:24 +0000] "POST /index.php HTTP/1.1" 200 19512 "-" "Mozilla/5.0 (Windows NT 10.0; Win64; x64) AppleWebKit/537.36 (KHTML, like Gecko) Chrome/123.0.0.0 Safari/537.36"
192.0.2.12 - - [22/Mar/2026:12:14:23 +0000] "GET /wishlist/index/ HTTP/1.1" 200 22155 "-" "Mozilla/5.0 (X11; Linux x86_64) AppleWebKit/537.36 (KHTML, like Gecko) Chrome/123.0.0.0 Safari/537.36"
192.0.2.13 - - [22/Mar/2026:12:14:27 +0000] "GET /wishlist/index/ HTTP/1.1" 200 18918 "-" "Mozilla/5.0 (Windows NT 10.0; Win64; x64) AppleWebKit/537.36 (KHTML, like Gecko) Chrome/123.0.0.0 Safari/537.36"
192.0.2.11 - - [22/Mar/2026:12:14:29 +0000] "GET /wishlist/index/ HTTP/1.1" 200 14058 "-" "Mozilla/5.0 (Macintosh; Intel Mac OS X 10_15_7) AppleWebKit/605.1.15 (KHTML, like Gecko) Version/17.3 Safari/605.1.15"
192.0.2.20 - - [22/Mar/2026:12:14:30 +0000] "GET /checkout/cart/ HTTP/1.1" 200 13459 "-" "curl/7.88.1"
192.0.2.13 - - [22/Mar/2026:12:14:33 +0000] "GET /catalog/product/view/id/42/ HTTP/1.1" 200 14604 "-" "Mozilla/5.0 (X11; Linux x86_64) AppleWebKit/537.36 (KHTML, like Gecko) Chrome/123.0.0.0 Safari/537.36"
192.0.2.14 - - [22/Mar/2026:12:14:35 +0000] "POST /wishlist/index/ HTTP/1.1" 200 11364 "-" "Mozilla/5.0 (X11; Linux x86_64) AppleWebKit/537.36 (KHTML, like Gecko) Chrome/123.0.0.0 Safari/537.36"
192.0.2.12 - - [22/Mar/2026:12:14:35 +0000] "GET /pub/static/frontend/Magento/luma/en_US/css/styles-m.css HTTP/1.1" 200 5348 "-" "Mozilla/5.0 (Macintosh; Intel Mac OS X 10_15_7) AppleWebKit/605.1.15 (KHTML, like Gecko) Version/17.3 Safari/605.1.15"
192.0.2.15 - - [22/Mar/2026:12:14:38 +0000] "GET /pub/static/frontend/Magento/luma/en_US/css/styles-m.css HTTP/1.1" 200 14594 "-" "Mozilla/5.0 (Windows NT 10.0; Win64; x64) AppleWebKit/537.36 (KHTML, like Gecko) Chrome/123.0.0.0 Safari/537.36"
192.0.2.10 - - [22/Mar/2026:12:14:41 +0000] "GET /wishlist/index/ HTTP/1.1" 200 6496 "-" "Mozilla/5.0 (Windows NT 10.0; Win64; x64) AppleWebKit/537.36 (KHTML, like Gecko) Chrome/123.0.0.0 Safari/537.36"
192.0.2.20 - - [22/Mar/2026:12:14:40 +0000] "GET /pub/static/frontend/Magento/luma/en_US/css/styles-m.css HTTP/1.1" 200 9495 "-" "Mozilla/5.0 (Macintosh; Intel Mac OS X 10_15_7) AppleWebKit/605.1.15 (KHTML, like Gecko) Version/17.3 Safari/605.1.15"
192.0.2.14 - - [22/Mar/2026:12:14:46 +0000] "GET /api/rest/V1/products HTTP/1.1" 200 15629 "-" "Mozilla/5.0 (X11; Linux x86_64) AppleWebKit/537.36 (KHTML, like Gecko) Chrome/123.0.0.0 Safari/537.36"
192.0.2.14 - - [22/Mar/2026:12:14:48 +0000] "GET /index.php HTTP/1.1" 200 7923 "-" "Mozilla/5.0 (Windows NT 10.0; Win64; x64) AppleWebKit/537.36 (KHTML, like Gecko) Chrome/123.0.0.0 Safari/537.36"
192.0.2.10 - - [22/Mar/2026:12:14:49 +0000] "GET /pub/static/frontend/Magento/luma/en_US/css/styles-m.css HTTP/1.1" 200 21426 "-" "Mozilla/5.0 (X11; Linux x86_64) AppleWebKit/537.36 (KHTML, like Gecko) Chrome/123.0.0.0 Safari/537.36"
192.0.2.20 - - [22/Mar/2026:12:14:51 +0000] "GET /pub/media/catalog/product/cache/1/image/800x/productmain.jpg HTTP/1.1" 200 8442 "-" "Mozilla/5.0 (Windows NT 10.0; Win64; x64) AppleWebKit/537.36 (KHTML, like Gecko) Chrome/123.0.0.0 Safari/537.36"
192.0.2.14 - - [22/Mar/2026:12:14:54 +0000] "GET /catalog/product/view/id/42/ HTTP/1.1" 200 16753 "-" "Mozilla/5.0 (Macintosh; Intel Mac OS X 10_15_7) AppleWebKit/605.1.15 (KHTML, like Gecko) Version/17.3 Safari/605.1.15"
192.0.2.11 - - [22/Mar/2026:12:14:56 +0000] "GET /checkout/cart/ HTTP/1.1" 200 14150 "-" "Mozilla/5.0 (X11; Linux x86_64) AppleWebKit/537.36 (KHTML, like Gecko) Chrome/123.0.0.0 Safari/537.36"
192.0.2.10 - - [22/Mar/2026:12:14:58 +0000] "GET /pub/media/catalog/product/cache/1/image/800x/productmain.jpg HTTP/1.1" 200 14615 "-" "Mozilla/5.0 (Windows NT 10.0; Win64; x64) AppleWebKit/537.36 (KHTML, like Gecko) Chrome/123.0.0.0 Safari/537.36"
192.0.2.11 - - [22/Mar/2026:12:15:00 +0000] "GET /index.php HTTP/1.1" 200 9017 "-" "Mozilla/5.0 (Macintosh; Intel Mac OS X 10_15_7) AppleWebKit/605.1.15 (KHTML, like Gecko) Version/17.3 Safari/605.1.15"
192.0.2.13 - - [22/Mar/2026:12:15:00 +0000] "GET /wishlist/index/ HTTP/1.1" 404 16578 "-" "Mozilla/5.0 (X11; Linux x86_64) AppleWebKit/537.36 (KHTML, like Gecko) Chrome/123.0.0.0 Safari/537.36"
192.0.2.14 - - [22/Mar/2026:12:15:04 +0000] "POST /catalog/category/view/id/3/ HTTP/1.1" 200 24959 "-" "Mozilla/5.0 (X11; Linux x86_64) AppleWebKit/537.36 (KHTML, like Gecko) Chrome/123.0.0.0 Safari/537.36"
192.0.2.11 - - [22/Mar/2026:12:15:04 +0000] "GET /checkout/cart/ HTTP/1.1" 200 13727 "-" "curl/7.88.1"
192.0.2.11 - - [22/Mar/2026:12:15:05 +0000] "GET /index.php HTTP/1.1" 200 19573 "-" "Mozilla/5.0 (X11; Linux x86_64) AppleWebKit/537.36 (KHTML, like Gecko) Chrome/123.0.0.0 Safari/537.36"
192.0.2.20 - - [22/Mar/2026:12:15:09 +0000] "GET /pub/static/frontend/Magento/luma/en_US/css/styles-m.css HTTP/1.1" 200 19720 "-" "Mozilla/5.0 (Windows NT 10.0; Win64; x64) AppleWebKit/537.36 (KHTML, like Gecko) Chrome/123.0.0.0 Safari/537.36"
192.0.2.12 - - [22/Mar/2026:12:15:10 +0000] "GET /pub/media/catalog/product/cache/1/image/800x/productmain.jpg HTTP/1.1" 200 16037 "-" "Mozilla/5.0 (Windows NT 10.0; Win64; x64) AppleWebKit/537.36 (KHTML, like Gecko) Chrome/123.0.0.0 Safari/537.36"
192.0.2.10 - - [22/Mar/2026:12:15:12 +0000] "GET /index.php HTTP/1.1" 200 6814 "-" "curl/7.88.1"
192.0.2.13 - - [22/Mar/2026:12:15:12 +0000] "GET /pub/static/frontend/Magento/luma/en_US/css/styles-m.css HTTP/1.1" 200 17626 "-" "Mozilla/5.0 (Windows NT 10.0; Win64; x64) AppleWebKit/537.36 (KHTML, like Gecko) Chrome/123.0.0.0 Safari/537.36"
192.0.2.15 - - [22/Mar/2026:12:15:18 +0000] "GET /catalog/category/view/id/3/ HTTP/1.1" 200 5517 "-" "Mozilla/5.0 (Macintosh; Intel Mac OS X 10_15_7) AppleWebKit/605.1.15 (KHTML, like Gecko) Version/17.3 Safari/605.1.15"
192.0.2.11 - - [22/Mar/2026:12:15:19 +0000] "GET /pub/media/catalog/product/cache/1/image/800x/productmain.jpg HTTP/1.1" 200 5143 "-" "Mozilla/5.0 (Macintosh; Intel Mac OS X 10_15_7) AppleWebKit/605.1.15 (KHTML, like Gecko) Version/17.3 Safari/605.1.15"
192.0.2.10 - - [22/Mar/2026:12:15:19 +0000] "GET /index.php HTTP/1.1" 200 11179 "-" "Mozilla/5.0 (X11; Linux x86_64) AppleWebKit/537.36 (KHTML, like Gecko) Chrome/123.0.0.0 Safari/537.36"
192.0.2.14 - - [22/Mar/2026:12:15:22 +0000] "GET /pub/static/frontend/Magento/luma/en_US/css/styles-m.css HTTP/1.1" 200 24190 "-" "Mozilla/5.0 (Macintosh; Intel Mac OS X 10_15_7) AppleWebKit/605.1.15 (KHTML, like Gecko) Version/17.3 Safari/605.1.15"
192.0.2.11 - - [22/Mar/2026:12:15:26 +0000] "GET /index.php HTTP/1.1" 200 15354 "-" "Mozilla/5.0 (X11; Linux x86_64) AppleWebKit/537.36 (KHTML, like Gecko) Chrome/123.0.0.0 Safari/537.36"
192.0.2.13 - - [22/Mar/2026:12:15:28 +0000] "POST /pub/static/frontend/Magento/luma/en_US/css/styles-m.css HTTP/1.1" 200 9813 "-" "curl/7.88.1"
192.0.2.20 - - [22/Mar/2026:12:15:26 +0000] "GET /pub/media/catalog/product/cache/1/image/800x/productmain.jpg HTTP/1.1" 200 24135 "-" "Mozilla/5.0 (Macintosh; Intel Mac OS X 10_15_7) AppleWebKit/605.1.15 (KHTML, like Gecko) Version/17.3 Safari/605.1.15"
192.0.2.13 - - [22/Mar/2026:12:15:32 +0000] "GET /pub/media/catalog/product/cache/1/image/800x/productmain.jpg HTTP/1.1" 200 11936 "-" "Mozilla/5.0 (X11; Linux x86_64) AppleWebKit/537.36 (KHTML, like Gecko) Chrome/123.0.0.0 Safari/537.36"
192.0.2.15 - - [22/Mar/2026:12:15:33 +0000] "GET /catalog/category/view/id/3/ HTTP/1.1" 200 10665 "-" "Mozilla/5.0 (Macintosh; Intel Mac OS X 10_15_7) AppleWebKit/605.1.15 (KHTML, like Gecko) Version/17.3 Safari/605.1.15"
192.0.2.12 - - [22/Mar/2026:12:15:32 +0000] "GET /catalog/category/view/id/3/ HTTP/1.1" 200 22047 "-" "Mozilla/5.0 (X11; Linux x86_64) AppleWebKit/537.36 (KHTML, like Gecko) Chrome/123.0.0.0 Safari/537.36"
192.0.2.12 - - [22/Mar/2026:12:15:36 +0000] "GET /pub/media/catalog/product/cache/1/image/800x/productmain.jpg HTTP/1.1" 200 22210 "-" "Mozilla/5.0 (X11; Linux x86_64) AppleWebKit/537.36 (KHTML, like Gecko) Chrome/123.0.0.0 Safari/537.36"
192.0.2.14 - - [22/Mar/2026:12:15:39 +0000] "GET /pub/media/catalog/product/cache/1/image/800x/productmain.jpg HTTP/1.1" 200 24977 "-" "curl/7.88.1"
192.0.2.10 - - [22/Mar/2026:12:15:42 +0000] "GET /catalog/category/view/id/3/ HTTP/1.1" 200 15166 "-" "Mozilla/5.0 (Windows NT 10.0; Win64; x64) AppleWebKit/537.36 (KHTML, like Gecko) Chrome/123.0.0.0 Safari/537.36"
192.0.2.12 - - [22/Mar/2026:12:15:42 +0000] "GET /checkout/cart/ HTTP/1.1" 200 19967 "-" "Mozilla/5.0 (X11; Linux x86_64) AppleWebKit/537.36 (KHTML, like Gecko) Chrome/123.0.0.0 Safari/537.36"
192.0.2.15 - - [22/Mar/2026:12:15:44 +0000] "GET /index.php HTTP/1.1" 200 19784 "-" "Mozilla/5.0 (Macintosh; Intel Mac OS X 10_15_7) AppleWebKit/605.1.15 (KHTML, like Gecko) Version/17.3 Safari/605.1.15"
192.0.2.15 - - [22/Mar/2026:12:15:47 +0000] "GET /index.php HTTP/1.1" 200 6705 "-" "Mozilla/5.0 (Windows NT 10.0; Win64; x64) AppleWebKit/537.36 (KHTML, like Gecko) Chrome/123.0.0.0 Safari/537.36"
192.0.2.14 - - [22/Mar/2026:12:15:47 +0000] "GET /checkout/cart/ HTTP/1.1" 200 6655 "-" "curl/7.88.1"
192.0.2.10 - - [22/Mar/2026:12:15:48 +0000] "GET /api/rest/V1/products HTTP/1.1" 200 14766 "-" "Mozilla/5.0 (Macintosh; Intel Mac OS X 10_15_7) AppleWebKit/605.1.15 (KHTML, like Gecko) Version/17.3 Safari/605.1.15"
192.0.2.14 - - [22/Mar/2026:12:15:51 +0000] "GET /api/rest/V1/products HTTP/1.1" 200 15614 "-" "Mozilla/5.0 (Macintosh; Intel Mac OS X 10_15_7) AppleWebKit/605.1.15 (KHTML, like Gecko) Version/17.3 Safari/605.1.15"
192.0.2.15 - - [22/Mar/2026:12:15:53 +0000] "GET /index.php HTTP/1.1" 200 7263 "-" "Mozilla/5.0 (X11; Linux x86_64) AppleWebKit/537.36 (KHTML, like Gecko) Chrome/123.0.0.0 Safari/537.36"
192.0.2.20 - - [22/Mar/2026:12:15:55 +0000] "GET /pub/media/catalog/product/cache/1/image/800x/productmain.jpg HTTP/1.1" 200 17668 "-" "Mozilla/5.0 (Windows NT 10.0; Win64; x64) AppleWebKit/537.36 (KHTML, like Gecko) Chrome/123.0.0.0 Safari/537.36"
192.0.2.12 - - [22/Mar/2026:12:16:00 +0000] "GET /api/rest/V1/products HTTP/1.1" 200 12040 "-" "curl/7.88.1"
192.0.2.12 - - [22/Mar/2026:12:16:01 +0000] "GET /catalog/product/view/id/42/ HTTP/1.1" 200 6168 "-" "Mozilla/5.0 (Windows NT 10.0; Win64; x64) AppleWebKit/537.36 (KHTML, like Gecko) Chrome/123.0.0.0 Safari/537.36"
192.0.2.11 - - [22/Mar/2026:12:16:04 +0000] "GET /pub/media/catalog/product/cache/1/image/800x/productmain.jpg HTTP/1.1" 200 17652 "-" "Mozilla/5.0 (Macintosh; Intel Mac OS X 10_15_7) AppleWebKit/605.1.15 (KHTML, like Gecko) Version/17.3 Safari/605.1.15"
192.0.2.20 - - [22/Mar/2026:12:16:02 +0000] "GET /index.php HTTP/1.1" 200 7306 "-" "curl/7.88.1"
192.0.2.13 - - [22/Mar/2026:12:16:08 +0000] "GET /pub/static/frontend/Magento/luma/en_US/css/styles-m.css HTTP/1.1" 200 8024 "-" "Mozilla/5.0 (Macintosh; Intel Mac OS X 10_15_7) AppleWebKit/605.1.15 (KHTML, like Gecko) Version/17.3 Safari/605.1.15"
192.0.2.15 - - [22/Mar/2026:12:16:08 +0000] "GET /catalog/category/view/id/3/ HTTP/1.1" 200 9799 "-" "Mozilla/5.0 (Windows NT 10.0; Win64; x64) AppleWebKit/537.36 (KHTML, like Gecko) Chrome/123.0.0.0 Safari/537.36"
192.0.2.12 - - [22/Mar/2026:12:16:08 +0000] "GET /index.php HTTP/1.1" 200 16296 "-" "curl/7.88.1"
192.0.2.20 - - [22/Mar/2026:12:16:13 +0000] "GET /catalog/product/view/id/42/ HTTP/1.1" 200 10739 "-" "curl/7.88.1"
192.0.2.13 - - [22/Mar/2026:12:16:14 +0000] "GET /pub/media/catalog/product/cache/1/image/800x/productmain.jpg HTTP/1.1" 200 20753 "-" "Mozilla/5.0 (X11; Linux x86_64) AppleWebKit/537.36 (KHTML, like Gecko) Chrome/123.0.0.0 Safari/537.36"
192.0.2.13 - - [22/Mar/2026:12:16:17 +0000] "GET /pub/static/frontend/Magento/luma/en_US/css/styles-m.css HTTP/1.1" 200 24088 "-" "Mozilla/5.0 (Windows NT 10.0; Win64; x64) AppleWebKit/537.36 (KHTML, like Gecko) Chrome/123.0.0.0 Safari/537.36"
192.0.2.10 - - [22/Mar/2026:12:16:18 +0000] "GET /wishlist/index/ HTTP/1.1" 200 9416 "-" "Mozilla/5.0 (Windows NT 10.0; Win64; x64) AppleWebKit/537.36 (KHTML, like Gecko) Chrome/123.0.0.0 Safari/537.36"
192.0.2.13 - - [22/Mar/2026:12:16:22 +0000] "GET /checkout/cart/ HTTP/1.1" 200 8447 "-" "Mozilla/5.0 (Windows NT 10.0; Win64; x64) AppleWebKit/537.36 (KHTML, like Gecko) Chrome/123.0.0.0 Safari/537.36"
192.0.2.10 - - [22/Mar/2026:12:16:24 +0000] "GET /catalog/category/view/id/3/ HTTP/1.1" 200 11207 "-" "curl/7.88.1"
192.0.2.15 - - [22/Mar/2026:12:16:22 +0000] "GET /pub/media/catalog/product/cache/1/image/800x/productmain.jpg HTTP/1.1" 200 13289 "-" "Mozilla/5.0 (Windows NT 10.0; Win64; x64) AppleWebKit/537.36 (KHTML, like Gecko) Chrome/123.0.0.0 Safari/537.36"
192.0.2.10 - - [22/Mar/2026:12:16:27 +0000] "GET /pub/static/frontend/Magento/luma/en_US/css/styles-m.css HTTP/1.1" 200 24213 "-" "Mozilla/5.0 (X11; Linux x86_64) AppleWebKit/537.36 (KHTML, like Gecko) Chrome/123.0.0.0 Safari/537.36"
192.0.2.10 - - [22/Mar/2026:12:16:26 +0000] "GET /catalog/product/view/id/42/ HTTP/1.1" 200 19407 "-" "Mozilla/5.0 (Windows NT 10.0; Win64; x64) AppleWebKit/537.36 (KHTML, like Gecko) Chrome/123.0.0.0 Safari/537.36"
192.0.2.14 - - [22/Mar/2026:12:16:32 +0000] "GET /pub/media/catalog/product/cache/1/image/800x/productmain.jpg HTTP/1.1" 200 16235 "-" "curl/7.88.1"
192.0.2.14 - - [22/Mar/2026:12:16:31 +0000] "GET /catalog/category/view/id/3/ HTTP/1.1" 200 17355 "-" "curl/7.88.1"
192.0.2.15 - - [22/Mar/2026:12:16:34 +0000] "GET /index.php HTTP/1.1" 200 9780 "-" "curl/7.88.1"
192.0.2.10 - - [22/Mar/2026:12:16:37 +0000] "GET /pub/media/catalog/product/cache/1/image/800x/productmain.jpg HTTP/1.1" 404 17281 "-" "Mozilla/5.0 (X11; Linux x86_64) AppleWebKit/537.36 (KHTML, like Gecko) Chrome/123.0.0.0 Safari/537.36"
192.0.2.14 - - [22/Mar/2026:12:16:38 +0000] "GET /pub/media/catalog/product/cache/1/image/800x/productmain.jpg HTTP/1.1" 200 5371 "-" "curl/7.88.1"
192.0.2.12 - - [22/Mar/2026:12:16:41 +0000] "GET /catalog/product/view/id/42/ HTTP/1.1" 200 23333 "-" "curl/7.88.1"
192.0.2.14 - - [22/Mar/2026:12:16:44 +0000] "GET /checkout/cart/ HTTP/1.1" 200 13094 "-" "Mozilla/5.0 (Windows NT 10.0; Win64; x64) AppleWebKit/537.36 (KHTML, like Gecko) Chrome/123.0.0.0 Safari/537.36"
192.0.2.14 - - [22/Mar/2026:12:16:43 +0000] "GET /catalog/product/view/id/42/ HTTP/1.1" 200 14561 "-" "Mozilla/5.0 (X11; Linux x86_64) AppleWebKit/537.36 (KHTML, like Gecko) Chrome/123.0.0.0 Safari/537.36"
198.51.100.7 - - [22/Mar/2026:12:16:48 +0000] "GET /pub/media/captcha/.tmp/x.php/img-3513.jpg?c=24767 HTTP/1.1" 200 2605 "-" "curl/7.88.1"
198.51.100.77 - - [22/Mar/2026:12:16:49 +0000] "GET /pub/media/captcha/.tmp/x.php/img-5114.gif?f=410f6 HTTP/1.1" 200 3514 "-" "curl/7.88.1"
192.0.2.10 - - [22/Mar/2026:12:16:52 +0000] "GET /catalog/category/view/id/3/ HTTP/1.1" 200 17201 "-" "Mozilla/5.0 (Macintosh; Intel Mac OS X 10_15_7) AppleWebKit/605.1.15 (KHTML, like Gecko) Version/17.3 Safari/605.1.15"
192.0.2.12 - - [22/Mar/2026:12:16:51 +0000] "GET /api/rest/V1/products HTTP/1.1" 200 19125 "-" "Mozilla/5.0 (Windows NT 10.0; Win64; x64) AppleWebKit/537.36 (KHTML, like Gecko) Chrome/123.0.0.0 Safari/537.36"
192.0.2.12 - - [22/Mar/2026:12:16:52 +0000] "GET /api/rest/V1/products HTTP/1.1" 200 10998 "-" "Mozilla/5.0 (Windows NT 10.0; Win64; x64) AppleWebKit/537.36 (KHTML, like Gecko) Chrome/123.0.0.0 Safari/537.36"
192.0.2.20 - - [22/Mar/2026:12:16:55 +0000] "GET /catalog/category/view/id/3/ HTTP/1.1" 200 12396 "-" "Mozilla/5.0 (Windows NT 10.0; Win64; x64) AppleWebKit/537.36 (KHTML, like Gecko) Chrome/123.0.0.0 Safari/537.36"
192.0.2.14 - - [22/Mar/2026:12:17:00 +0000] "POST /pub/static/frontend/Magento/luma/en_US/css/styles-m.css HTTP/1.1" 200 17810 "-" "Mozilla/5.0 (Macintosh; Intel Mac OS X 10_15_7) AppleWebKit/605.1.15 (KHTML, like Gecko) Version/17.3 Safari/605.1.15"
192.0.2.12 - - [22/Mar/2026:12:16:58 +0000] "GET /wishlist/index/ HTTP/1.1" 200 13978 "-" "curl/7.88.1"
192.0.2.13 - - [22/Mar/2026:12:17:00 +0000] "POST /index.php HTTP/1.1" 200 9110 "-" "Mozilla/5.0 (X11; Linux x86_64) AppleWebKit/537.36 (KHTML, like Gecko) Chrome/123.0.0.0 Safari/537.36"
192.0.2.15 - - [22/Mar/2026:12:17:04 +0000] "POST /api/rest/V1/products HTTP/1.1" 200 23573 "-" "curl/7.88.1"
192.0.2.14 - - [22/Mar/2026:12:17:06 +0000] "GET /api/rest/V1/products HTTP/1.1" 200 12012 "-" "Mozilla/5.0 (Windows NT 10.0; Win64; x64) AppleWebKit/537.36 (KHTML, like Gecko) Chrome/123.0.0.0 Safari/537.36"
192.0.2.20 - - [22/Mar/2026:12:17:08 +0000] "GET /wishlist/index/ HTTP/1.1" 404 22701 "-" "Mozilla/5.0 (Windows NT 10.0; Win64; x64) AppleWebKit/537.36 (KHTML, like Gecko) Chrome/123.0.0.0 Safari/537.36"
192.0.2.14 - - [22/Mar/2026:12:17:11 +0000] "GET /pub/media/catalog/product/cache/1/image/800x/productmain.jpg HTTP/1.1" 200 22288 "-" "Mozilla/5.0 (Macintosh; Intel Mac OS X 10_15_7) AppleWebKit/605.1.15 (KHTML, like Gecko) Version/17.3 Safari/605.1.15"
192.0.2.20 - - [22/Mar/2026:12:17:12 +0000] "GET /wishlist/index/ HTTP/1.1" 200 23561 "-" "Mozilla/5.0 (Windows NT 10.0; Win64; x64) AppleWebKit/537.36 (KHTML, like Gecko) Chrome/123.0.0.0 Safari/537.36"
203.0.113.180 - - [22/Mar/2026:12:17:16 +0000] "GET /pub/media/catalog/product/.cache/a.php/img-6915.png?f=52e4b HTTP/1.1" 200 4940 "-" "curl/7.88.1"
192.0.2.10 - - [22/Mar/2026:12:17:18 +0000] "GET /pub/media/catalog/product/cache/1/image/800x/productmain.jpg HTTP/1.1" 200 20141 "-" "Mozilla/5.0 (X11; Linux x86_64) AppleWebKit/537.36 (KHTML, like Gecko) Chrome/123.0.0.0 Safari/537.36"
192.0.2.15 - - [22/Mar/2026:12:17:17 +0000] "GET /checkout/cart/ HTTP/1.1" 200 19214 "-" "Mozilla/5.0 (Macintosh; Intel Mac OS X 10_15_7) AppleWebKit/605.1.15 (KHTML, like Gecko) Version/17.3 Safari/605.1.15"
192.0.2.11 - - [22/Mar/2026:12:17:22 +0000] "GET /checkout/cart/ HTTP/1.1" 200 15172 "-" "Mozilla/5.0 (Macintosh; Intel Mac OS X 10_15_7) AppleWebKit/605.1.15 (KHTML, like Gecko) Version/17.3 Safari/605.1.15"
192.0.2.12 - - [22/Mar/2026:12:17:20 +0000] "GET /wishlist/index/ HTTP/1.1" 200 17507 "-" "curl/7.88.1"
192.0.2.15 - - [22/Mar/2026:12:17:23 +0000] "GET /api/rest/V1/products HTTP/1.1" 200 21170 "-" "Mozilla/5.0 (X11; Linux x86_64) AppleWebKit/537.36 (KHTML, like Gecko) Chrome/123.0.0.0 Safari/537.36"
192.0.2.14 - - [22/Mar/2026:12:17:24 +0000] "GET /index.php HTTP/1.1" 200 11312 "-" "Mozilla/5.0 (Windows NT 10.0; Win64; x64) AppleWebKit/537.36 (KHTML, like Gecko) Chrome/123.0.0.0 Safari/537.36"
192.0.2.15 - - [22/Mar/2026:12:17:29 +0000] "GET /api/rest/V1/products HTTP/1.1" 200 19649 "-" "curl/7.88.1"
192.0.2.20 - - [22/Mar/2026:12:17:31 +0000] "GET /pub/static/frontend/Magento/luma/en_US/css/styles-m.css HTTP/1.1" 200 10004 "-" "curl/7.88.1"
192.0.2.10 - - [22/Mar/2026:12:17:30 +0000] "GET /pub/media/catalog/product/cache/1/image/800x/productmain.jpg HTTP/1.1" 200 24876 "-" "Mozilla/5.0 (Windows NT 10.0; Win64; x64) AppleWebKit/537.36 (KHTML, like Gecko) Chrome/123.0.0.0 Safari/537.36"
192.0.2.20 - - [22/Mar/2026:12:17:36 +0000] "GET /catalog/category/view/id/3/ HTTP/1.1" 200 24932 "-" "Mozilla/5.0 (Windows NT 10.0; Win64; x64) AppleWebKit/537.36 (KHTML, like Gecko) Chrome/123.0.0.0 Safari/537.36"
192.0.2.15 - - [22/Mar/2026:12:17:35 +0000] "GET /wishlist/index/ HTTP/1.1" 200 17743 "-" "Mozilla/5.0 (Windows NT 10.0; Win64; x64) AppleWebKit/537.36 (KHTML, like Gecko) Chrome/123.0.0.0 Safari/537.36"
192.0.2.14 - - [22/Mar/2026:12:17:36 +0000] "GET /index.php HTTP/1.1" 200 14176 "-" "Mozilla/5.0 (Windows NT 10.0; Win64; x64) AppleWebKit/537.36 (KHTML, like Gecko) Chrome/123.0.0.0 Safari/537.36"
192.0.2.15 - - [22/Mar/2026:12:17:39 +0000] "GET /api/rest/V1/products HTTP/1.1" 200 11653 "-" "Mozilla/5.0 (Windows NT 10.0; Win64; x64) AppleWebKit/537.36 (KHTML, like Gecko) Chrome/123.0.0.0 Safari/537.36"
192.0.2.10 - - [22/Mar/2026:12:17:43 +0000] "GET /checkout/cart/ HTTP/1.1" 200 19906 "-" "curl/7.88.1"
