192.0.2.20 - - [22/Mar/2026:13:10:55 +0000] "GET /pub/static/frontend/Magento/luma/en_US/css/styles-m.css HTTP/1.1" 404 9943 "-" "curl/7.88.1"
192.0.2.20 - - [22/Mar/2026:13:10:58 +0000] "GET /checkout/cart/ HTTP/1.1" 200 12960 "-" "curl/7.88.1"
192.0.2.11 - - [22/Mar/2026:13:10:59 +0000] "GET /index.php HTTP/1.1" 200 22596 "-" "curl/7.88.1"
192.0.2.12 - - [22/Mar/2026:13:11:02 +0000] "GET /wishlist/index/ HTTP/1.1" 200 15961 "-" "Mozilla/5.0 (Macintosh; Intel Mac OS X 10_15_7) AppleWebKit/605.1.15 (KHTML, like Gecko) Version/17.3 Safari/605.1.15"
192.0.2.14 - - [22/Mar/2026:13:11:01 +0000] "GET /pub/static/frontend/Magento/luma/en_US/css/styles-m.css HTTP/1.1" 404 7593 "-" "Mozilla/5.0 (Windows NT 10.0; Win64; x64) AppleWebKit/537.36 (KHTML, like Gecko) Chrome/123.0.0.0 Safari/537.36"
192.0.2.12 - - [22/Mar/2026:13:11:05 +0000] "GET /checkout/cart/ HTTP/1.1" 200 6125 "-" "Mozilla/5.0 (Windows NT 10.0; Win64; x64) AppleWebKit/537.36 (KHTML, like Gecko) Chrome/123.0.0.0 Safari/537.36"
192.0.2.13 - - [22/Mar/2026:13:11:08 +0000] "GET /index.php HTTP/1.1" 200 11188 "-" "Mozilla/5.0 (Macintosh; Intel Mac OS X 10_15_7) AppleWebKit/605.1.15 (KHTML, like Gecko) Version/17.3 Safari/605.1.15"
192.0.2.10 - - [22/Mar/2026:13:11:10 +0000] "GET /pub/static/frontend/Magento/luma/en_US/css/styles-m.css HTTP/1.1" 200 15895 "-" "Mozilla/5.0 (Windows NT 10.0; Win64; x64) AppleWebKit/537.36 (KHTML, like Gecko) Chrome/123.0.0.0 Safari/537.36"
192.0.2.11 - - [22/Mar/2026:13:11:12 +0000] "GET /pub/media/catalog/product/cache/1/image/800x/productmain.jpg HTTP/1.1" 200 20367 "-" "curl/7.88.1"
192.0.2.15 - - [22/Mar/2026:13:11:13 +0000] "GET /wishlist/index/ HTTP/1.1" 200 19699 "-" "curl/7.88.1"
192.0.2.11 - - [22/Mar/2026:13:11:12 +0000] "GET /pub/static/frontend/Magento/luma/en_US/css/styles-m.css HTTP/1.1" 200 5815 "-" "curl/7.88.1"
192.0.2.10 - - [22/Mar/2026:13:11:14 +0000] "GET /api/rest/V1/products HTTP/1.1" 200 11930 "-" "curl/7.88.1"
192.0.2.14 - - [22/Mar/2026:13:11:16 +0000] "GET /api/rest/V1/products HTTP/1.1" 200 6393 "-" "Mozilla/5.0 (X11; Linux x86_64) AppleWebKit/537.36 (KHTML, like Gecko) Chrome/123.0.0.0 Safari/537.36"
192.0.2.13 - - [22/Mar/2026:13:11:18 +0000] "GET /pub/static/frontend/Magento/luma/en_US/css/styles-m.css HTTP/1.1" 200 24762 "-" "Mozilla/5.0 (Windows NT 10.0; Win64; x64) AppleWebKit/537.36 (KHTML, like Gecko) Chrome/123.0.0.0 Safari/537.36"
192.0.2.13 - - [22/Mar/2026:13:11:24 +0000] "GET /index.php HTTP/1.1" 200 21955 "-" "Mozilla/5.0 (Windows NT 10.0; Win64; x64) AppleWebKit/537.36 (KHTML, like Gecko) Chrome/123.0.0.0 Safari/537.36"
198.51.100.213 - - [22/Mar/2026:13:11:25 +0000] "GET /pub/media/catalog/product/.cache/a.php/img-3431.png?f=20b7f HTTP/1.1" 200 2556 "-" "curl/7.88.1"
198.51.100.7 - - [22/Mar/2026:13:11:26 +0000] "POST /rest/V1/guest-carts/test-6899 HTTP/1.1" 200 2721 "-" "curl/7.88.1"
192.0.2.14 - - [22/Mar/2026:13:11:29 +0000] "GET /api/rest/V1/products HTTP/1.1" 200 15587 "-" "curl/7.88.1"
198.51.100.7 - - [22/Mar/2026:13:11:29 +0000] "GET /pub/media/wysiwyg/.cache/upload.php/img-1308.png?c=7929a HTTP/1.1" 200 2686 "-" "curl/7.88.1"
192.0.2.15 - - [22/Mar/2026:13:11:32 +0000] "GET /checkout/cart/ HTTP/1.1" 200 22698 "-" "Mozilla/5.0 (Macintosh; Intel Mac OS X 10_15_7) AppleWebKit/605.1.15 (KHTML, like Gecko) Version/17.3 Safari/605.1.15"
192.0.2.14 - - [22/Mar/2026:13:11:32 +0000] "GET /pub/media/catalog/product/cache/1/image/800x/productmain.jpg HTTP/1.1" 200 11043 "-" "Mozilla/5.0 (Macintosh; Intel Mac OS X 10_15_7) AppleWebKit/605.1.15 (KHTML, like Gecko) Version/17.3 Safari/605.1.15"
192.0.2.12 - - [22/Mar/2026:13:11:37 +0000] "GET /wishlist/index/ HTTP/1.1" 200 8146 "-" "curl/7.88.1"
192.0.2.13 - - [22/Mar/2026:13:11:37 +0000] "GET /checkout/cart/ HTTP/1.1" 200 14699 "-" "Mozilla/5.0 (Windows NT 10.0; Win64; x64) AppleWebKit/537.36 (KHTML, like Gecko) Chrome/123.0.0.0 Safari/537.36"
192.0.2.20 - - [22/Mar/2026:13:11:40 +0000] "GET /catalog/product/view/id/42/ HTTP/1.1" 200 6468 "-" "Mozilla/5.0 (Macintosh; Intel Mac OS X 10_15_7) AppleWebKit/605.1.15 (KHTML, like Gecko) Version/17.3 Safari/605.1.15"
192.0.2.10 - - [22/Mar/2026:13:11:41 +0000] "GET /checkout/cart/ HTTP/1.1" 200 18297 "-" "Mozilla/5.0 (X11; Linux x86_64) AppleWebKit/537.36 (KHTML, like Gecko) Chrome/123.0.0.0 Safari/537.36"
192.0.2.10 - - [22/Mar/2026:13:11:44 +0000] "GET /checkout/cart/ HTTP/1.1" 200 22643 "-" "Mozilla/5.0 (Windows NT 10.0; Win64; x64) AppleWebKit/537.36 (KHTML, like Gecko) Chrome/123.0.0.0 Safari/537.36"
192.0.2.11 - - [22/Mar/2026:13:11:45 +0000] "GET /pub/media/catalog/product/cache/1/image/800x/productmain.jpg HTTP/1.1" 404 22119 "-" "Mozilla/5.0 (Macintosh; Intel Mac OS X 10_15_7) AppleWebKit/605.1.15 (KHTML, like Gecko) Version/17.3 Safari/605.1.15"
192.0.2.13 - - [22/Mar/2026:13:11:46 +0000] "GET /pub/media/catalog/product/cache/1/image/800x/productmain.jpg HTTP/1.1" 200 15109 "-" "curl/7.88.1"
192.0.2.99 - - [22/Mar/2026:13:11:49 +0000] "POST /pub/media/captcha/.tmp/x.php HTTP/1.1" 200 398 "-" "curl/7.88.1"
192.0.2.12 - - [22/Mar/2026:13:11:50 +0000] "GET /checkout/cart/ HTTP/1.1" 200 17716 "-" "Mozilla/5.0 (Windows NT 10.0; Win64; x64) AppleWebKit/537.36 (KHTML, like Gecko) Chrome/123.0.0.0 Safari/537.36"
192.0.2.11 - - [22/Mar/2026:13:11:54 +0000] "GET /checkout/cart/ HTTP/1.1" 200 9953 "-" "Mozilla/5.0 (X11; Linux x86_64) AppleWebKit/537.36 (KHTML, like Gecko) Chrome/123.0.0.0 Safari/537.36"
192.0.2.20 - - [22/Mar/2026:13:11:56 +0000] "GET /index.php HTTP/1.1" 200 19530 "-" "Mozilla/5.0 (Macintosh; Intel Mac OS X 10_15_7) AppleWebKit/605.1.15 (KHTML, like Gecko) Version/17.3 Safari/605.1.15"
192.0.2.20 - - [22/Mar/2026:13:11:57 +0000] "POST /index.php HTTP/1.1" 200 20213 "-" "Mozilla/5.0 (X11; Linux x86_64) AppleWebKit/537.36 (KHTML, like Gecko) Chrome/123.0.0.0 Safari/537.36"
192.0.2.15 - - [22/Mar/2026:13:12:02 +0000] "GET /catalog/category/view/id/3/ HTTP/1.1" 200 15281 "-" "Mozilla/5.0 (X11; Linux x86_64) AppleWebKit/537.36 (KHTML, like Gecko) Chrome/123.0.0.0 Safari/537.36"
192.0.2.13 - - [22/Mar/2026:13:12:04 +0000] "POST /catalog/product/view/id/42/ HTTP/1.1" 200 23783 "-" "Mozilla/5.0 (Windows NT 10.0; Win64; x64) AppleWebKit/537.36 (KHTML, like Gecko) Chrome/123.0.0.0 Safari/537.36"
192.0.2.14 - - [22/Mar/2026:13:12:04 +0000] "GET /wishlist/index/ HTTP/1.1" 200 12142 "-" "Mozilla/5.0 (Macintosh; Intel Mac OS X 10_15_7) AppleWebKit/605.1.15 (KHTML, like Gecko) Version/17.3 Safari/605.1.15"
192.0.2.11 - - [22/Mar/2026:13:12:04 +0000] "GET /index.php HTTP/1.1" 200 6929 "-" "Mozilla/5.0 (Windows NT 10.0; Win64; x64) AppleWebKit/537.36 (KHTML, like Gecko) Chrome/123.0.0.0 Safari/537.36"
192.0.2.10 - - [22/Mar/2026:13:12:09 +0000] "GET /pub/media/catalog/product/cache/1/image/800x/productmain.jpg HTTP/1.1" 200 15349 "-" "Mozilla/5.0 (Windows NT 10.0; Win64; x64) AppleWebKit/537.36 (KHTML, like Gecko) Chrome/123.0.0.0 Safari/537.36"
192.0.2.20 - - [22/Mar/2026:13:12:11 +0000] "GET /api/rest/V1/products HTTP/1.1" 200 17059 "-" "Mozilla/5.0 (Windows NT 10.0; Win64; x64) AppleWebKit/537.36 (KHTML, like Gecko) Chrome/123.0.0.0 Safari/537.36"
192.0.2.10 - - [22/Mar/2026:13:12:12 +0000] "GET /api/rest/V1/products HTTP/1.1" 200 6406 "-" "Mozilla/5.0 (Windows NT 10.0; Win64; x64) AppleWebKit/537.36 (KHTML, like Gecko) Chrome/123.0.0.0 Safari/537.36"
192.0.2.15 - - [22/Mar/2026:13:12:16 +0000] "GET /pub/media/catalog/product/cache/1/image/800x/productmain.jpg HTTP/1.1" 200 18492 "-" "Mozilla/5.0 (X11; Linux x86_64) AppleWebKit/537.36 (KHTML, like Gecko) Chrome/123.0.0.0 Safari/537.36"
192.0.2.10 - - [22/Mar/2026:13:12:16 +0000] "POST /catalog/category/view/id/3/ HTTP/1.1" 200 20642 "-" "curl/7.88.1"
192.0.2.12 - - [22/Mar/2026:13:12:18 +0000] "GET /index.php HTTP/1.1" 200 8327 "-" "Mozilla/5.0 (Windows NT 10.0; Win64; x64) AppleWebKit/537.36 (KHTML, like Gecko) Chrome/123.0.0.0 Safari/537.36"
192.0.2.15 - - [22/Mar/2026:13:12:20 +0000] "POST /index.php HTTP/1.1" 200 11846 "-" "curl/7.88.1"
203.0.113.180 - - [22/Mar/2026:13:12:21 +0000] "GET /pub/media/catalog/product/.cache/a.php/img-5030.gif?cmd=9bc3c HTTP/1.1" 200 4971 "-" "curl/7.88.1"
192.0.2.10 - - [22/Mar/2026:13:12:23 +0000] "GET /wishlist/index/ HTTP/1.1" 200 22879 "-" "Mozilla/5.0 (X11; Linux x86_64) AppleWebKit/537.36 (KHTML, like Gecko) Chrome/123.0.0.0 Safari/537.36"
192.0.2.15 - - [22/Mar/2026:13:12:26 +0000] "GET /catalog/product/view/id/42/ HTTP/1.1" 200 23797 "-" "Mozilla/5.0 (Windows NT 10.0; Win64; x64) AppleWebKit/537.36 (KHTML, like Gecko) Chrome/123.0.0.0 Safari/537.36"
192.0.2.14 - - [22/Mar/2026:13:12:26 +0000] "GET /wishlist/index/ HTTP/1.1" 200 23109 "-" "curl/7.88.1"
192.0.2.20 - - [22/Mar/2026:13:12:30 +0000] "GET /index.php HTTP/1.1" 200 8166 "-" "Mozilla/5.0 (X11; Linux x86_64) AppleWebKit/537.36 (KHTML, like Gecko) Chrome/123.0.0.0 Safari/537.36"
192.0.2.15 - - [22/Mar/2026:13:12:34 +0000] "GET /catalog/category/view/id/3/ HTTP/1.1" 200 7876 "-" "Mozilla/5.0 (Windows NT 10.0; Win64; x64) AppleWebKit/537.36 (KHTML, like Gecko) Chrome/123.0.0.0 Safari/537.36"
192.0.2.12 - - [22/Mar/2026:13:12:34 +0000] "GET /api/rest/V1/products HTTP/1.1" 200 19715 "-" "curl/7.88.1"
192.0.2.11 - - [22/Mar/2026:13:12:36 +0000] "GET /pub/media/catalog/product/cache/1/image/800x/productmain.jpg HTTP/1.1" 200 20710 "-" "curl/7.88.1"
192.0.2.20 - - [22/Mar/2026:13:12:40 +0000] "GET /wishlist/index/ HTTP/1.1" 200 14945 "-" "Mozilla/5.0 (X11; Linux x86_64) AppleWebKit/537.36 (KHTML, like Gecko) Chrome/123.0.0.0 Safari/537.36"
192.0.2.14 - - [22/Mar/2026:13:12:42 +0000] "GET /checkout/cart/ HTTP/1.1" 200 5635 "-" "Mozilla/5.0 (Windows NT 10.0; Win64; x64) AppleWebKit/537.36 (KHTML, like Gecko) Chrome/123.0.0.0 Safari/537.36"
192.0.2.20 - - [22/Mar/2026:13:12:41 +0000] "GET /pub/static/frontend/Magento/luma/en_US/css/styles-m.css HTTP/1.1" 200 19744 "-" "curl/7.88.1"
192.0.2.20 - - [22/Mar/2026:13:12:46 +0000] "GET /catalog/category/view/id/3/ HTTP/1.1" 404 14891 "-" "Mozilla/5.0 (X11; Linux x86_64) AppleWebKit/537.36 (KHTML, like Gecko) Chrome/123.0.0.0 Safari/537.36"
192.0.2.20 - - [22/Mar/2026:13:12:45 +0000] "GET /wishlist/index/ HTTP/1.1" 200 14876 "-" "Mozilla/5.0 (Windows NT 10.0; Win64; x64) AppleWebKit/537.36 (KHTML, like Gecko) Chrome/123.0.0.0 Safari/537.36"
192.0.2.10 - - [22/Mar/2026:13:12:50 +0000] "GET /index.php HTTP/1.1" 200 23016 "-" "Mozilla/5.0 (X11; Linux x86_64) AppleWebKit/537.36 (KHTML, like Gecko) Chrome/123.0.0.0 Safari/537.36"
192.0.2.12 - - [22/Mar/2026:13:12:48 +0000] "GET /catalog/category/view/id/3/ HTTP/1.1" 200 20059 "-" "Mozilla/5.0 (Macintosh; Intel Mac OS X 10_15_7) AppleWebKit/605.1.15 (KHTML, like Gecko) Version/17.3 Safari/605.1.15"
192.0.2.10 - - [22/Mar/2026:13:12:53 +0000] "GET /wishlist/index/ HTTP/1.1" 200 6406 "-" "Mozilla/5.0 (X11; Linux x86_64) AppleWebKit/537.36 (KHTML, like Gecko) Chrome/123.0.0.0 Safari/537.36"
192.0.2.20 - - [22/Mar/2026:13:12:55 +0000] "GET /api/rest/V1/products HTTP/1.1" 200 7752 "-" "curl/7.88.1"
192.0.2.12 - - [22/Mar/2026:13:12:58 +0000] "GET /index.php HTTP/1.1" 200 22685 "-" "Mozilla/5.0 (Windows NT 10.0; Win64; x64) AppleWebKit/537.36 (KHTML, like Gecko) Chrome/123.0.0.0 Safari/537.36"
192.0.2.15 - - [22/Mar/2026:13:12:57 +0000] "GET /catalog/category/view/id/3/ HTTP/1.1" 200 14312 "-" "Mozilla/5.0 (Windows NT 10.0; Win64; x64) AppleWebKit/537.36 (KHTML, like Gecko) Chrome/123.0.0.0 Safari/537.36"
192.0.2.13 - - [22/Mar/2026:13:13:02 +0000] "GET /api/rest/V1/products HTTP/1.1" 200 17057 "-" "curl/7.88.1"
192.0.2.15 - - [22/Mar/2026:13:13:01 +0000] "GET /api/rest/V1/products HTTP/1.1" 200 8273 "-" "Mozilla/5.0 (Windows NT 10.0; Win64; x64) AppleWebKit/537.36 (KHTML, like Gecko) Chrome/123.0.0.0 Safari/537.36"
192.0.2.13 - - [22/Mar/2026:13:13:02 +0000] "GET /index.php HTTP/1.1" 200 16694 "-" "Mozilla/5.0 (Windows NT 10.0; Win64; x64) AppleWebKit/537.36 (KHTML, like Gecko) Chrome/123.0.0.0 Safari/537.36"
192.0.2.12 - - [22/Mar/2026:13:13:05 +0000] "GET /wishlist/index/ HTTP/1.1" 200 24179 "-" "Mozilla/5.0 (Macintosh; Intel Mac OS X 10_15_7) AppleWebKit/605.1.15 (KHTML, like Gecko) Version/17.3 Safari/605.1.15"
192.0.2.12 - - [22/Mar/2026:13:13:06 +0000] "GET /index.php HTTP/1.1" 200 8519 "-" "Mozilla/5.0 (Windows NT 10.0; Win64; x64) AppleWebKit/537.36 (KHTML, like Gecko) Chrome/123.0.0.0 Safari/537.36"
192.0.2.11 - - [22/Mar/2026:13:13:10 +0000] "GET /pub/static/frontend/Magento/luma/en_US/css/styles-m.css HTTP/1.1" 404 16807 "-" "Mozilla/5.0 (X11; Linux x86_64) AppleWebKit/537.36 (KHTML, like Gecko) Chrome/123.0.0.0 Safari/537.36"
192.0.2.12 - - [22/Mar/2026:13:13:11 +0000] "GET /checkout/cart/ HTTP/1.1" 200 11303 "-" "curl/7.88.1"
192.0.2.10 - - [22/Mar/2026:13:13:16 +0000] "GET /checkout/cart/ HTTP/1.1" 200 12733 "-" "Mozilla/5.0 (Windows NT 10.0; Win64; x64) AppleWebKit/537.36 (KHTML, like Gecko) Chrome/123.0.0.0 Safari/537.36"
192.0.2.10 - - [22/Mar/2026:13:13:18 +0000] "GET /pub/media/catalog/product/cache/1/image/800x/productmain.jpg HTTP/1.1" 200 12679 "-" "curl/7.88.1"
203.0.113.180 - - [22/Mar/2026:13:13:16 +0000] "POST /rest/V1/guest-carts/test-2816 HTTP/1.1" 200 2094 "-" "curl/7.88.1"
192.0.2.14 - - [22/Mar/2026:13:13:20 +0000] "GET /catalog/product/view/id/42/ HTTP/1.1" 200 8251 "-" "Mozilla/5.0 (Macintosh; Intel Mac OS X 10_15_7) AppleWebKit/605.1.15 (KHTML, like Gecko) Version/17.3 Safari/605.1.15"
192.0.2.14 - - [22/Mar/2026:13:13:21 +0000] "GET /api/rest/V1/products HTTP/1.1" 200 14675 "-" "Mozilla/5.0 (X11; Linux x86_64) AppleWebKit/537.36 (KHTML, like Gecko) Chrome/123.0.0.0 Safari/537.36"
192.0.2.13 - - [22/Mar/2026:13:13:25 +0000] "GET /pub/media/catalog/product/cache/1/image/800x/productmain.jpg HTTP/1.1" 200 6033 "-" "Mozilla/5.0 (Macintosh; Intel Mac OS X 10_15_7) AppleWebKit/605.1.15 (KHTML, like Gecko) Version/17.3 Safari/605.1.15"
198.51.100.77 - - [22/Mar/2026:13:13:26 +0000] "POST /rest/V1/guest-carts/test-1687 HTTP/1.1" 500 2444 "-" "curl/7.88.1"
192.0.2.10 - - [22/Mar/2026:13:13:29 +0000] "GET /catalog/product/view/id/42/ HTTP/1.1" 200 21049 "-" "curl/7.88.1"
192.0.2.11 - - [22/Mar/2026:13:13:29 +0000] "GET /index.php HTTP/1.1" 200 22356 "-" "Mozilla/5.0 (Macintosh; Intel Mac OS X 10_15_7) AppleWebKit/605.1.15 (KHTML, like Gecko) Version/17.3 Safari/605.1.15"
192.0.2.15 - - [22/Mar/2026:13:13:33 +0000] "GET /pub/media/catalog/product/cache/1/image/800x/productmain.jpg HTTP/1.1" 200 5600 "-" "Mozilla/5.0 (Windows NT 10.0; Win64; x64) AppleWebKit/537.36 (KHTML, like Gecko) Chrome/123.0.0.0 Safari/537.36"
192.0.2.20 - - [22/Mar/2026:13:13:36 +0000] "GET /api/rest/V1/products HTTP/1.1" 200 6022 "-" "curl/7.88.1"
192.0.2.13 - - [22/Mar/2026:13:13:36 +0000] "GET /index.php HTTP/1.1" 200 18895 "-" "Mozilla/5.0 (Macintosh; Intel Mac OS X 10_15_7) AppleWebKit/605.1.15 (KHTML, like Gecko) Version/17.3 Safari/605.1.15"
192.0.2.10 - - [22/Mar/2026:13:13:40 +0000] "GET /api/rest/V1/products HTTP/1.1" 200 12713 "-" "Mozilla/5.0 (Windows NT 10.0; Win64; x64) AppleWebKit/537.36 (KHTML, like Gecko) Chrome/123.0.0.0 Safari/537.36"
192.0.2.13 - - [22/Mar/2026:13:13:42 +0000] "GET /catalog/product/view/id/42/ HTTP/1.1" 200 13985 "-" "curl/7.88.1"
192.0.2.14 - - [22/Mar/2026:13:13:44 +0000] "GET /catalog/product/view/id/42/ HTTP/1.1" 200 5371 "-" "curl/7.88.1"
192.0.2.15 - - [22/Mar/2026:13:13:44 +0000] "GET /pub/static/frontend/Magento/luma/en_US/css/styles-m.css HTTP/1.1" 200 19364 "-" "Mozilla/5.0 (X11; Linux x86_64) AppleWebKit/537.36 (KHTML, like Gecko) Chrome/123.0.0.0 Safari/537.36"
192.0.2.10 - - [22/Mar/2026:13:13:45 +0000] "GET /api/rest/V1/products HTTP/1.1" 200 6940 "-" "curl/7.88.1"
192.0.2.13 - - [22/Mar/2026:13:13:48 +0000] "GET /pub/static/frontend/Magento/luma/en_US/css/styles-m.css HTTP/1.1" 200 11536 "-" "curl/7.88.1"
192.0.2.12 - - [22/Mar/2026:13:13:51 +0000] "GET /index.php HTTP/1.1" 200 15776 "-" "Mozilla/5.0 (Windows NT 10.0; Win64; x64) AppleWebKit/537.36 (KHTML, like Gecko) Chrome/123.0.0.0 Safari/537.36"
192.0.2.10 - - [22/Mar/2026:13:13:51 +0000] "GET /catalog/product/view/id/42/ HTTP/1.1" 200 7338 "-" "curl/7.88.1"
192.0.2.15 - - [22/Mar/2026:13:13:53 +0000] "GET /pub/media/catalog/product/cache/1/image/800x/productmain.jpg HTTP/1.1" 200 6574 "-" "Mozilla/5.0 (Macintosh; Intel Mac OS X 10_15_7) AppleWebKit/605.1.15 (KHTML, like Gecko) Version/17.3 Safari/605.1.15"
192.0.2.15 - - [22/Mar/2026:13:13:56 +0000] "GET /api/rest/V1/products HTTP/1.1" 200 15863 "-" "Mozilla/5.0 (Macintosh; Intel Mac OS X 10_15_7) AppleWebKit/605.1.15 (KHTML, like Gecko) Version/17.3 Safari/605.1.15"
192.0.2.12 - - [22/Mar/2026:13:13:59 +0000] "GET /api/rest/V1/products HTTP/1.1" 200 22053 "-" "Mozilla/5.0 (Macintosh; Intel Mac OS X 10_15_7) AppleWebKit/605.1.15 (KHTML, like Gecko) Version/17.3 Safari/605.1.15"
192.0.2.11 - - [22/Mar/2026:13:14:00 +0000] "GET /pub/media/catalog/product/cache/1/image/800x/productmain.jpg HTTP/1.1" 404 15491 "-" "curl/7.88.1"
192.0.2.10 - - [22/Mar/2026:13:14:03 +0000] "GET /pub/static/frontend/Magento/luma/en_US/css/styles-m.css HTTP/1.1" 200 16621 "-" "Mozilla/5.0 (Windows NT 10.0; Win64; x64) AppleWebKit/537.36 (KHTML, like Gecko) Chrome/123.0.0.0 Safari/537.36"
192.0.2.20 - - [22/Mar/2026:13:14:06 +0000] "POST /pub/media/catalog/product/cache/1/image/800x/productmain.jpg HTTP/1.1" 200 11510 "-" "Mozilla/5.0 (X11; Linux x86_64) AppleWebKit/537.36 (KHTML, like Gecko) Chrome/123.0.0.0 Safari/537.36"
192.0.2.11 - - [22/Mar/2026:13:14:05 +0000] "GET /catalog/product/view/id/42/ HTTP/1.1" 200 21619 "-" "Mozilla/5.0 (Windows NT 10.0; Win64; x64) AppleWebKit/537.36 (KHTML, like Gecko) Chrome/123.0.0.0 Safari/537.36"
192.0.2.14 - - [22/Mar/2026:13:14:07 +0000] "GET /catalog/product/view/id/42/ HTTP/1.1" 200 21296 "-" "Mozilla/5.0 (Macintosh; Intel Mac OS X 10_15_7) AppleWebKit/605.1.15 (KHTML, like Gecko) Version/17.3 Safari/605.1.15"
192.0.2.10 - - [22/Mar/2026:13:14:11 +0000] "GET /checkout/cart/ HTTP/1.1" 200 22326 "-" "curl/7.88.1"
192.0.2.11 - - [22/Mar/2026:13:14:12 +0000] "GET /pub/static/frontend/Magento/luma/en_US/css/styles-m.css HTTP/1.1" 200 24218 "-" "Mozilla/5.0 (Windows NT 10.0; Win64; x64) AppleWebKit/537.36 (KHTML, like Gecko) Chrome/123.0.0.0 Safari/537.36"
192.0.2.14 - - [22/Mar/2026:13:14:12 +0000] "GET /pub/static/frontend/Magento/luma/en_US/css/styles-m.css HTTP/1.1" 200 15640 "-" "curl/7.88.1"
192.0.2.10 - - [22/Mar/2026:13:14:18 +0000] "GET /api/rest/V1/products HTTP/1.1" 200 16893 "-" "Mozilla/5.0 (Macintosh; Intel Mac OS X 10_15_7) AppleWebKit/605.1.15 (KHTML, like Gecko) Version/17.3 Safari/605.1.15"
192.0.2.14 - - [22/Mar/2026:13:14:20 +0000] "GET /checkout/cart/ HTTP/1.1" 200 6732 "-" "curl/7.88.1"
192.0.2.10 - - [22/Mar/2026:13:14:18 +0000] "POST /catalog/product/view/id/42/ HTTP/1.1" 200 22568 "-" "Mozilla/5.0 (Macintosh; Intel Mac OS X 10_15_7) AppleWebKit/605.1.15 (KHTML, like Gecko) Version/17.3 Safari/605.1.15"
192.0.2.20 - - [22/Mar/2026:13:14:21 +0000] "GET /pub/media/catalog/product/cache/1/image/800x/productmain.jpg HTTP/1.1" 200 23108 "-" "Mozilla/5.0 (Windows NT 10.0; Win64; x64) AppleWebKit/537.36 (KHTML, like Gecko) Chrome/123.0.0.0 Safari/537.36"
192.0.2.12 - - [22/Mar/2026:13:14:23 +0000] "GET /api/rest/V1/products HTTP/1.1" 200 8438 "-" "curl/7.88.1"
192.0.2.11 - - [22/Mar/2026:13:14:27 +0000] "GET /catalog/product/view/id/42/ HTTP/1.1" 200 6798 "-" "curl/7.88.1"
192.0.2.20 - - [22/Mar/2026:13:14:27 +0000] "GET /checkout/cart/ HTTP/1.1" 200 17501 "-" "curl/7.88.1"
192.0.2.14 - - [22/Mar/2026:13:14:29 +0000] "GET /checkout/cart/ HTTP/1.1" 200 7393 "-" "Mozilla/5.0 (Macintosh; Intel Mac OS X 10_15_7) AppleWebKit/605.1.15 (KHTML, like Gecko) Version/17.3 Safari/605.1.15"
192.0.2.14 - - [22/Mar/2026:13:14:33 +0000] "POST /wishlist/index/ HTTP/1.1" 200 6514 "-" "Mozilla/5.0 (X11; Linux x86_64) AppleWebKit/537.36 (KHTML, like Gecko) Chrome/123.0.0.0 Safari/537.36"
192.0.2.13 - - [22/Mar/2026:13:14:36 +0000] "GET /catalog/category/view/id/3/ HTTP/1.1" 200 21678 "-" "Mozilla/5.0 (X11; Linux x86_64) AppleWebKit/537.36 (KHTML, like Gecko) Chrome/123.0.0.0 Safari/537.36"
192.0.2.20 - - [22/Mar/2026:13:14:36 +0000] "GET /catalog/category/view/id/3/ HTTP/1.1" 200 10386 "-" "Mozilla/5.0 (X11; Linux x86_64) AppleWebKit/537.36 (KHTML, like Gecko) Chrome/123.0.0.0 Safari/537.36"
192.0.2.20 - - [22/Mar/2026:13:14:39 +0000] "GET /index.php HTTP/1.1" 200 16802 "-" "Mozilla/5.0 (Windows NT 10.0; Win64; x64) AppleWebKit/537.36 (KHTML, like Gecko) Chrome/123.0.0.0 Safari/537.36"
192.0.2.20 - - [22/Mar/2026:13:14:40 +0000] "GET /catalog/category/view/id/3/ HTTP/1.1" 200 10145 "-" "Mozilla/5.0 (X11; Linux x86_64) AppleWebKit/537.36 (KHTML, like Gecko) Chrome/123.0.0.0 Safari/537.36"
192.0.2.11 - - [22/Mar/2026:13:14:43 +0000] "GET /pub/media/catalog/product/cache/1/image/800x/productmain.jpg HTTP/1.1" 200 20059 "-" "curl/7.88.1"
192.0.2.10 - - [22/Mar/2026:13:14:44 +0000] "GET /wishlist/index/ HTTP/1.1" 200 24487 "-" "Mozilla/5.0 (X11; Linux x86_64) AppleWebKit/537.36 (KHTML, like Gecko) Chrome/123.0.0.0 Safari/537.36"
192.0.2.14 - - [22/Mar/2026:13:14:47 +0000] "GET /api/rest/V1/products HTTP/1.1" 200 24222 "-" "Mozilla/5.0 (X11; Linux x86_64) AppleWebKit/537.36 (KHTML, like Gecko) Chrome/123.0.0.0 Safari/537.36"
192.0.2.11 - - [22/Mar/2026:13:14:46 +0000] "GET /api/rest/V1/products HTTP/1.1" 200 7401 "-" "Mozilla/5.0 (Windows NT 10.0; Win64; x64) AppleWebKit/537.36 (KHTML, like Gecko) Chrome/123.0.0.0 Safari/537.36"
192.0.2.15 - - [22/Mar/2026:13:14:51 +0000] "GET /catalog/category/view/id/3/ HTTP/1.1" 200 19362 "-" "curl/7.88.1"
192.0.2.15 - - [22/Mar/2026:13:14:50 +0000] "GET /index.php HTTP/1.1" 200 15442 "-" "Mozilla/5.0 (Windows NT 10.0; Win64; x64) AppleWebKit/537.36 (KHTML, like Gecko) Chrome/123.0.0.0 Safari/537.36"
192.0.2.15 - - [22/Mar/2026:13:14:54 +0000] "GET /pub/static/frontend/Magento/luma/en_US/css/styles-m.css HTTP/1.1" 200 14855 "-" "Mozilla/5.0 (Windows NT 10.0; Win64; x64) AppleWebKit/537.36 (KHTML, like Gecko) Chrome/123.0.0.0 Safari/537.36"
192.0.2.13 - - [22/Mar/2026:13:14:58 +0000] "GET /catalog/product/view/id/42/ HTTP/1.1" 200 12829 "-" "Mozilla/5.0 (Macintosh; Intel Mac OS X 10_15_7) AppleWebKit/605.1.15 (KHTML, like Gecko) Version/17.3 Safari/605.1.15"
192.0.2.20 - - [22/Mar/2026:13:14:57 +0000] "GET /api/rest/V1/products HTTP/1.1" 200 8521 "-" "Mozilla/5.0 (X11; Linux x86_64) AppleWebKit/537.36 (KHTML, like Gecko) Chrome/123.0.0.0 Safari/537.36"
192.0.2.20 - - [22/Mar/2026:13:15:01 +0000] "GET /pub/media/catalog/product/cache/1/image/800x/productmain.jpg HTTP/1.1" 200 8273 "-" "Mozilla/5.0 (X11; Linux x86_64) AppleWebKit/537.36 (KHTML, like Gecko) Chrome/123.0.0.0 Safari/537.36"
192.0.2.14 - - [22/Mar/2026:13:15:04 +0000] "GET /pub/static/frontend/Magento/luma/en_US/css/styles-m.css HTTP/1.1" 200 7179 "-" "curl/7.88.1"
192.0.2.14 - - [22/Mar/2026:13:15:05 +0000] "GET /checkout/cart/ HTTP/1.1" 200 22883 "-" "Mozilla/5.0 (Windows NT 10.0; Win64; x64) AppleWebKit/537.36 (KHTML, like Gecko) Chrome/123.0.0.0 Safari/537.36"
192.0.2.12 - - [22/Mar/2026:13:15:06 +0000] "GET /pub/static/frontend/Magento/luma/en_US/css/styles-m.css HTTP/1.1" 200 23418 "-" "curl/7.88.1"
192.0.2.15 - - [22/Mar/2026:13:15:07 +0000] "GET /catalog/category/view/id/3/ HTTP/1.1" 200 22418 "-" "Mozilla/5.0 (Windows NT 10.0; Win64; x64) AppleWebKit/537.36 (KHTML, like Gecko) Chrome/123.0.0.0 Safari/537.36"
192.0.2.14 - - [22/Mar/2026:13:15:10 +0000] "GET /pub/media/catalog/product/cache/1/image/800x/productmain.jpg HTTP/1.1" 200 15049 "-" "curl/7.88.1"
192.0.2.10 - - [22/Mar/2026:13:15:12 +0000] "GET /api/rest/V1/products HTTP/1.1" 200 11750 "-" "Mozilla/5.0 (X11; Linux x86_64) AppleWebKit/537.36 (KHTML, like Gecko) Chrome/123.0.0.0 Safari/537.36"
192.0.2.12 - - [22/Mar/2026:13:15:15 +0000] "GET /catalog/category/view/id/3/ HTTP/1.1" 200 20060 "-" "curl/7.88.1"
192.0.2.13 - - [22/Mar/2026:13:15:15 +0000] "GET /checkout/cart/ HTTP/1.1" 200 7853 "-" "Mozilla/5.0 (X11; Linux x86_64) AppleWebKit/537.36 (KHTML, like Gecko) Chrome/123.0.0.0 Safari/537.36"
192.0.2.13 - - [22/Mar/2026:13:15:16 +0000] "GET /pub/static/frontend/Magento/luma/en_US/css/styles-m.css HTTP/1.1" 200 14188 "-" "Mozilla/5.0 (Windows NT 10.0; Win64; x64) AppleWebKit/537.36 (KHTML, like Gecko) Chrome/123.0.0.0 Safari/537.36"
192.0.2.99 - - [22/Mar/2026:13:15:22 +0000] "POST /pub/media/wysiwyg/.cache/upload.php HTTP/1.1" 200 611 "-" "curl/7.88.1"
192.0.2.15 - - [22/Mar/2026:13:15:24 +0000] "GET /catalog/product/view/id/42/ HTTP/1.1" 200 14738 "-" "Mozilla/5.0 (Windows NT 10.0; Win64; x64) AppleWebKit/537.36 (KHTML, like Gecko) Chrome/123.0.0.0 Safari/537.36"
192.0.2.20 - - [22/Mar/2026:13:15:24 +0000] "GET /pub/media/catalog/product/cache/1/image/800x/productmain.jpg HTTP/1.1" 200 17898 "-" "Mozilla/5.0 (X11; Linux x86_64) AppleWebKit/537.36 (KHTML, like Gecko) Chrome/123.0.0.0 Safari/537.36"
192.0.2.14 - - [22/Mar/2026:13:15:27 +0000] "GET /index.php HTTP/1.1" 200 15726 "-" "Mozilla/5.0 (X11; Linux x86_64) AppleWebKit/537.36 (KHTML, like Gecko) Chrome/123.0.0.0 Safari/537.36"
192.0.2.11 - - [22/Mar/2026:13:15:30 +0000] "GET /pub/static/frontend/Magento/luma/en_US/css/styles-m.css HTTP/1.1" 200 5538 "-" "Mozilla/5.0 (X11; Linux x86_64) AppleWebKit/537.36 (KHTML, like Gecko) Chrome/123.0.0.0 Safari/537.36"
192.0.2.14 - - [22/Mar/2026:13:15:31 +0000] "GET /catalog/product/view/id/42/ HTTP/1.1" 200 10751 "-" "Mozilla/5.0 (X11; Linux x86_64) AppleWebKit/537.36 (KHTML, like Gecko) Chrome/123.0.0.0 Safari/537.36"
192.0.2.11 - - [22/Mar/2026:13:15:32 +0000] "GET /index.php HTTP/1.1" 200 11767 "-" "Mozilla/5.0 (Windows NT 10.0; Win64; x64) AppleWebKit/537.36 (KHTML, like Gecko) Chrome/123.0.0.0 Safari/537.36"
192.0.2.11 - - [22/Mar/2026:13:15:35 +0000] "GET /catalog/product/view/id/42/ HTTP/1.1" 200 24624 "-" "Mozilla/5.0 (Macintosh; Intel Mac OS X 10_15_7) AppleWebKit/605.1.15 (KHTML, like Gecko) Version/17.3 Safari/605.1.15"
192.0.2.10 - - [22/Mar/2026:13:15:34 +0000] "GET /pub/media/catalog/product/cache/1/image/800x/productmain.jpg HTTP/1.1" 200 13975 "-" "Mozilla/5.0 (Macintosh; Intel Mac OS X 10_15_7) AppleWebKit/605.1.15 (KHTML, like Gecko) Version/17.3 Safari/605.1.15"
192.0.2.14 - - [22/Mar/2026:13:15:37 +0000] "GET /catalog/product/view/id/42/ HTTP/1.1" 200 17574 "-" "Mozilla/5.0 (Macintosh; Intel Mac OS X 10_15_7) AppleWebKit/605.1.15 (KHTML, like Gecko) Version/17.3 Safari/605.1.15"
192.0.2.10 - - [22/Mar/2026:13:15:40 +0000] "GET /index.php HTTP/1.1" 200 15874 "-" "Mozilla/5.0 (X11; Linux x86_64) AppleWebKit/537.36 (KHTML, like Gecko) Chrome/123.0.0.0 Safari/537.36"
192.0.2.11 - - [22/Mar/2026:13:15:43 +0000] "POST /wishlist/index/ HTTP/1.1" 200 21304 "-" "Mozilla/5.0 (Macintosh; Intel Mac OS X 10_15_7) AppleWebKit/605.1.15 (KHTML, like Gecko) Version/17.3 Safari/605.1.15"
192.0.2.13 - - [22/Mar/2026:13:15:45 +0000] "GET /api/rest/V1/products HTTP/1.1" 404 13678 "-" "Mozilla/5.0 (Windows NT 10.0; Win64; x64) AppleWebKit/537.36 (KHTML, like Gecko) Chrome/123.0.0.0 Safari/537.36"
192.0.2.15 - - [22/Mar/2026:13:15:48 +0000] "GET /catalog/category/view/id/3/ HTTP/1.1" 404 10947 "-" "Mozilla/5.0 (Windows NT 10.0; Win64; x64) AppleWebKit/537.36 (KHTML, like Gecko) Chrome/123.0.0.0 Safari/537.36"
192.0.2.11 - - [22/Mar/2026:13:15:46 +0000] "GET /checkout/cart/ HTTP/1.1" 200 15276 "-" "Mozilla/5.0 (Windows NT 10.0; Win64; x64) AppleWebKit/537.36 (KHTML, like Gecko) Chrome/123.0.0.0 Safari/537.36"
192.0.2.20 - - [22/Mar/2026:13:15:49 +0000] "GET /pub/static/frontend/Magento/luma/en_US/css/styles-m.css HTTP/1.1" 200 22367 "-" "curl/7.88.1"
192.0.2.11 - - [22/Mar/2026:13:15:53 +0000] "GET /pub/media/catalog/product/cache/1/image/800x/productmain.jpg HTTP/1.1" 200 8023 "-" "Mozilla/5.0 (X11; Linux x86_64) AppleWebKit/537.36 (KHTML, like Gecko) Chrome/123.0.0.0 Safari/537.36"
192.0.2.15 - - [22/Mar/2026:13:15:55 +0000] "GET /catalog/product/view/id/42/ HTTP/1.1" 200 9930 "-" "Mozilla/5.0 (X11; Linux x86_64) AppleWebKit/537.36 (KHTML, like Gecko) Chrome/123.0.0.0 Safari/537.36"
192.0.2.12 - - [22/Mar/2026:13:15:54 +0000] "GET /catalog/product/view/id/42/ HTTP/1.1" 200 23013 "-" "curl/7.88.1"
198.51.100.7 - - [22/Mar/2026:13:15:57 +0000] "GET /pub/media/wysiwyg/.cache/upload.php/img-6819.gif?cmd=33f5e HTTP/1.1" 200 1298 "-" "curl/7.88.1"
192.0.2.20 - - [22/Mar/2026:13:16:02 +0000] "GET /checkout/cart/ HTTP/1.1" 200 7410 "-" "Mozilla/5.0 (X11; Linux x86_64) AppleWebKit/537.36 (KHTML, like Gecko) Chrome/123.0.0.0 Safari/537.36"
192.0.2.20 - - [22/Mar/2026:13:16:04 +0000] "GET /catalog/product/view/id/42/ HTTP/1.1" 200 14632 "-" "Mozilla/5.0 (Windows NT 10.0; Win64; x64) AppleWebKit/537.36 (KHTML, like Gecko) Chrome/123.0.0.0 Safari/537.36"
192.0.2.12 - - [22/Mar/2026:13:16:02 +0000] "GET /wishlist/index/ HTTP/1.1" 200 23386 "-" "Mozilla/5.0 (X11; Linux x86_64) AppleWebKit/537.36 (KHTML, like Gecko) Chrome/123.0.0.0 Safari/537.36"
192.0.2.15 - - [22/Mar/2026:13:16:06 +0000] "GET /api/rest/V1/products HTTP/1.1" 200 23004 "-" "Mozilla/5.0 (Macintosh; Intel Mac OS X 10_15_7) AppleWebKit/605.1.15 (KHTML, like Gecko) Version/17.3 Safari/605.1.15"
192.0.2.14 - - [22/Mar/2026:13:16:09 +0000] "GET /pub/static/frontend/Magento/luma/en_US/css/styles-m.css HTTP/1.1" 200 10768 "-" "Mozilla/5.0 (Windows NT 10.0; Win64; x64) AppleWebKit/537.36 (KHTML, like Gecko) Chrome/123.0.0.0 Safari/537.36"
192.0.2.15 - - [22/Mar/2026:13:16:12 +0000] "GET /pub/media/catalog/product/cache/1/image/800x/productmain.jpg HTTP/1.1" 200 10713 "-" "Mozilla/5.0 (Macintosh; Intel Mac OS X 10_15_7) AppleWebKit/605.1.15 (KHTML, like Gecko) Version/17.3 Safari/605.1.15"
192.0.2.12 - - [22/Mar/2026:13:16:13 +0000] "GET /pub/media/catalog/product/cache/1/image/800x/productmain.jpg HTTP/1.1" 404 21212 "-" "Mozilla/5.0 (Macintosh; Intel Mac OS X 10_15_7) AppleWebKit/605.1.15 (KHTML, like Gecko) Version/17.3 Safari/605.1.15"
192.0.2.12 - - [22/Mar/2026:13:16:13 +0000] "GET /index.php HTTP/1.1" 200 14155 "-" "Mozilla/5.0 (Windows NT 10.0; Win64; x64) AppleWebKit/537.36 (KHTML, like Gecko) Chrome/123.0.0.0 Safari/537.36"
192.0.2.15 - - [22/Mar/2026:13:16:18 +0000] "GET /index.php HTTP/1.1" 200 24352 "-" "Mozilla/5.0 (X11; Linux x86_64) AppleWebKit/537.36 (KHTML, like Gecko) Chrome/123.0.0.0 Safari/537.36"
192.0.2.12 - - [22/Mar/2026:13:16:18 +0000] "GET /catalog/category/view/id/3/ HTTP/1.1" 200 7270 "-" "Mozilla/5.0 (X11; Linux x86_64) AppleWebKit/537.36 (KHTML, like Gecko) Chrome/123.0.0.0 Safari/537.36"
192.0.2.13 - - [22/Mar/2026:13:16:22 +0000] "GET /checkout/cart/ HTTP/1.1" 200 14284 "-" "Mozilla/5.0 (X11; Linux x86_64) AppleWebKit/537.36 (KHTML, like Gecko) Chrome/123.0.0.0 Safari/537.36"
192.0.2.13 - - [22/Mar/2026:13:16:20 +0000] "GET /pub/static/frontend/Magento/luma/en_US/css/styles-m.css HTTP/1.1" 200 8463 "-" "Mozilla/5.0 (Windows NT 10.0; Win64; x64) AppleWebKit/537.36 (KHTML, like Gecko) Chrome/123.0.0.0 Safari/537.36"
192.0.2.15 - - [22/Mar/2026:13:16:22 +0000] "GET /checkout/cart/ HTTP/1.1" 200 5394 "-" "curl/7.88.1"
203.0.113.42 - - [22/Mar/2026:13:16:27 +0000] "POST /pub/media/wysiwyg/.cache/upload.php HTTP/1.1" 200 959 "-" "curl/7.88.1"
192.0.2.12 - - [22/Mar/2026:13:16:27 +0000] "GET /catalog/category/view/id/3/ HTTP/1.1" 200 21542 "-" "curl/7.88.1"
192.0.2.15 - - [22/Mar/2026:13:16:30 +0000] "GET /api/rest/V1/products HTTP/1.1" 200 15299 "-" "curl/7.88.1"
192.0.2.14 - - [22/Mar/2026:13:16:34 +0000] "GET /wishlist/index/ HTTP/1.1" 200 6885 "-" "Mozilla/5.0 (Macintosh; Intel Mac OS X 10_15_7) AppleWebKit/605.1.15 (KHTML, like Gecko) Version/17.3 Safari/605.1.15"
192.0.2.15 - - [22/Mar/2026:13:16:36 +0000] "GET /api/rest/V1/products HTTP/1.1" 200 21013 "-" "Mozilla/5.0 (Macintosh; Intel Mac OS X 10_15_7) AppleWebKit/605.1.15 (KHTML, like Gecko) Version/17.3 Safari/605.1.15"
203.0.113.180 - - [22/Mar/2026:13:16:38 +0000] "POST /pub/media/wysiwyg/.cache/upload.php HTTP/1.1" 200 1609 "-" "curl/7.88.1"
192.0.2.13 - - [22/Mar/2026:13:16:38 +0000] "GET /pub/static/frontend/Magento/luma/en_US/css/styles-m.css HTTP/1.1" 200 6898 "-" "Mozilla/5.0 (Macintosh; Intel Mac OS X 10_15_7) AppleWebKit/605.1.15 (KHTML, like Gecko) Version/17.3 Safari/605.1.15"
192.0.2.20 - - [22/Mar/2026:13:16:40 +0000] "GET /api/rest/V1/products HTTP/1.1" 200 22062 "-" "curl/7.88.1"
192.0.2.11 - - [22/Mar/2026:13:16:44 +0000] "GET /index.php HTTP/1.1" 200 11221 "-" "Mozilla/5.0 (Windows NT 10.0; Win64; x64) AppleWebKit/537.36 (KHTML, like Gecko) Chrome/123.0.0.0 Safari/537.36"
192.0.2.12 - - [22/Mar/2026:13:16:42 +0000] "GET /checkout/cart/ HTTP/1.1" 200 21353 "-" "curl/7.88.1"
192.0.2.14 - - [22/Mar/2026:13:16:46 +0000] "GET /index.php HTTP/1.1" 200 19824 "-" "curl/7.88.1"
192.0.2.13 - - [22/Mar/2026:13:16:50 +0000] "GET /pub/static/frontend/Magento/luma/en_US/css/styles-m.css HTTP/1.1" 200 9478 "-" "Mozilla/5.0 (Windows NT 10.0; Win64; x64) AppleWebKit/537.36 (KHTML, like Gecko) Chrome/123.0.0.0 Safari/537.36"
203.0.113.180 - - [22/Mar/2026:13:16:51 +0000] "POST /pub/media/captcha/.tmp/x.php HTTP/1.1" 200 678 "-" "curl/7.88.1"
192.0.2.14 - - [22/Mar/2026:13:16:54 +0000] "GET /pub/static/frontend/Magento/luma/en_US/css/styles-m.css HTTP/1.1" 200 14172 "-" "Mozilla/5.0 (X11; Linux x86_64) AppleWebKit/537.36 (KHTML, like Gecko) Chrome/123.0.0.0 Safari/537.36"
192.0.2.12 - - [22/Mar/2026:13:16:54 +0000] "GET /checkout/cart/ HTTP/1.1" 200 20614 "-" "curl/7.88.1"
192.0.2.20 - - [22/Mar/2026:13:16:56 +0000] "GET /api/rest/V1/products HTTP/1.1" 200 20250 "-" "curl/7.88.1"
192.0.2.15 - - [22/Mar/2026:13:16:57 +0000] "GET /wishlist/index/ HTTP/1.1" 200 23691 "-" "Mozilla/5.0 (Macintosh; Intel Mac OS X 10_15_7) AppleWebKit/605.1.15 (KHTML, like Gecko) Version/17.3 Safari/605.1.15"
192.0.2.13 - - [22/Mar/2026:13:17:01 +0000] "GET /wishlist/index/ HTTP/1.1" 200 13667 "-" "curl/7.88.1"
192.0.2.20 - - [22/Mar/2026:13:17:04 +0000] "GET /pub/static/frontend/Magento/luma/en_US/css/styles-m.css HTTP/1.1" 200 24035 "-" "curl/7.88.1"
192.0.2.13 - - [22/Mar/2026:13:17:02 +0000] "GET /catalog/category/view/id/3/ HTTP/1.1" 200 6734 "-" "Mozilla/5.0 (Windows NT 10.0; Win64; x64) AppleWebKit/537.36 (KHTML, like Gecko) Chrome/123.0.0.0 Safari/537.36"
192.0.2.14 - - [22/Mar/2026:13:17:04 +0000] "GET /checkout/cart/ HTTP/1.1" 200 17551 "-" "Mozilla/5.0 (Windows NT 10.0; Win64; x64) AppleWebKit/537.36 (KHTML, like Gecko) Chrome/123.0.0.0 Safari/537.36"
192.0.2.12 - - [22/Mar/2026:13:17:06 +0000] "GET /checkout/cart/ HTTP/1.1" 200 8595 "-" "Mozilla/5.0 (Windows NT 10.0; Win64; x64) AppleWebKit/537.36 (KHTML, like Gecko) Chrome/123.0.0.0 Safari/537.36"
192.0.2.13 - - [22/Mar/2026:13:17:08 +0000] "GET /catalog/category/view/id/3/ HTTP/1.1" 200 13306 "-" "Mozilla/5.0 (Macintosh; Intel Mac OS X 10_15_7) AppleWebKit/605.1.15 (KHTML, like Gecko) Version/17.3 Safari/605.1.15"
192.0.2.14 - - [22/Mar/2026:13:17:13 +0000] "GET /checkout/cart/ HTTP/1.1" 404 22760 "-" "Mozilla/5.0 (Windows NT 10.0; Win64; x64) AppleWebKit/537.36 (KHTML, like Gecko) Chrome/123.0.0.0 Safari/537.36"
192.0.2.15 - - [22/Mar/2026:13:17:12 +0000] "GET /api/rest/V1/products HTTP/1.1" 404 13472 "-" "curl/7.88.1"
192.0.2.14 - - [22/Mar/2026:13:17:14 +0000] "GET /pub/media/catalog/product/cache/1/image/800x/productmain.jpg HTTP/1.1" 200 12418 "-" "Mozilla/5.0 (Windows NT 10.0; Win64; x64) AppleWebKit/537.36 (KHTML, like Gecko) Chrome/123.0.0.0 Safari/537.36"
192.0.2.11 - - [22/Mar/2026:13:17:16 +0000] "GET /checkout/cart/ HTTP/1.1" 200 18194 "-" "curl/7.88.1"
192.0.2.13 - - [22/Mar/2026:13:17:21 +0000] "GET /catalog/product/view/id/42/ HTTP/1.1" 200 6129 "-" "curl/7.88.1"
192.0.2.13 - - [22/Mar/2026:13:17:20 +0000] "GET /catalog/product/view/id/42/ HTTP/1.1" 200 11419 "-" "Mozilla/5.0 (Windows NT 10.0; Win64; x64) AppleWebKit/537.36 (KHTML, like Gecko) Chrome/123.0.0.0 Safari/537.36"
192.0.2.10 - - [22/Mar/2026:13:17:25 +0000] "GET /catalog/category/view/id/3/ HTTP/1.1" 200 10105 "-" "Mozilla/5.0 (Macintosh; Intel Mac OS X 10_15_7) AppleWebKit/605.1.15 (KHTML, like Gecko) Version/17.3 Safari/605.1.15"
192.0.2.10 - - [22/Mar/2026:13:17:26 +0000] "POST /api/rest/V1/products HTTP/1.1" 200 10298 "-" "curl/7.88.1"
192.0.2.14 - - [22/Mar/2026:13:17:26 +0000] "GET /index.php HTTP/1.1" 200 5956 "-" "Mozilla/5.0 (X11; Linux x86_64) AppleWebKit/537.36 (KHTML, like Gecko) Chrome/123.0.0.0 Safari/537.36"
192.0.2.15 - - [22/Mar/2026:13:17:29 +0000] "GET /catalog/category/view/id/3/ HTTP/1.1" 200 18938 "-" "curl/7.88.1"
192.0.2.12 - - [22/Mar/2026:13:17:33 +0000] "GET /catalog/category/view/id/3/ HTTP/1.1" 200 9344 "-" "Mozilla/5.0 (Windows NT 10.0; Win64; x64) AppleWebKit/537.36 (KHTML, like Gecko) Chrome/123.0.0.0 Safari/537.36"
192.0.2.14 - - [22/Mar/2026:13:17:34 +0000] "GET /checkout/cart/ HTTP/1.1" 200 9108 "-" "Mozilla/5.0 (Windows NT 10.0; Win64; x64) AppleWebKit/537.36 (KHTML, like Gecko) Chrome/123.0.0.0 Safari/537.36"
192.0.2.11 - - [22/Mar/2026:13:17:38 +0000] "GET /catalog/product/view/id/42/ HTTP/1.1" 200 5451 "-" "Mozilla/5.0 (Windows NT 10.0; Win64; x64) AppleWebKit/537.36 (KHTML, like Gecko) Chrome/123.0.0.0 Safari/537.36"
192.0.2.20 - - [22/Mar/2026:13:17:39 +0000] "GET /pub/media/catalog/product/cache/1/image/800x/productmain.jpg HTTP/1.1" 200 20595 "-" "Mozilla/5.0 (Windows NT 10.0; Win64; x64) AppleWebKit/537.36 (KHTML, like Gecko) Chrome/123.0.0.0 Safari/537.36"
192.0.2.14 - - [22/Mar/2026:13:17:40 +0000] "GET /api/rest/V1/products HTTP/1.1" 200 20256 "-" "curl/7.88.1"
192.0.2.14 - - [22/Mar/2026:13:17:40 +0000] "GET /index.php HTTP/1.1" 200 11874 "-" "Mozilla/5.0 (Macintosh; Intel Mac OS X 10_15_7) AppleWebKit/605.1.15 (KHTML, like Gecko) Version/17.3 Safari/605.1.15"
198.51.100.7 - - [22/Mar/2026:13:17:42 +0000] "GET /pub/media/captcha/.tmp/x.php/img-609.png?op=fc510 HTTP/1.1" 200 1108 "-" "curl/7.88.1"
192.0.2.12 - - [22/Mar/2026:13:17:47 +0000] "GET /checkout/cart/ HTTP/1.1" 200 17964 "-" "Mozilla/5.0 (Macintosh; Intel Mac OS X 10_15_7) AppleWebKit/605.1.15 (KHTML, like Gecko) Version/17.3 Safari/605.1.15"
192.0.2.13 - - [22/Mar/2026:13:17:48 +0000] "GET /index.php HTTP/1.1" 200 13534 "-" "Mozilla/5.0 (X11; Linux x86_64) AppleWebKit/537.36 (KHTML, like Gecko) Chrome/123.0.0.0 Safari/537.36"
192.0.2.12 - - [22/Mar/2026:13:17:49 +0000] "GET /catalog/category/view/id/3/ HTTP/1.1" 200 9306 "-" "curl/7.88.1"
192.0.2.11 - - [22/Mar/2026:13:17:54 +0000] "GET /index.php HTTP/1.1" 200 21022 "-" "curl/7.88.1"
192.0.2.14 - - [22/Mar/2026:13:17:55 +0000] "GET /pub/media/catalog/product/cache/1/image/800x/productmain.jpg HTTP/1.1" 200 20146 "-" "curl/7.88.1"
192.0.2.12 - - [22/Mar/2026:13:17:54 +0000] "GET /pub/static/frontend/Magento/luma/en_US/css/styles-m.css HTTP/1.1" 200 18726 "-" "curl/7.88.1"
192.0.2.13 - - [22/Mar/2026:13:18:00 +0000] "GET /checkout/cart/ HTTP/1.1" 200 16728 "-" "Mozilla/5.0 (X11; Linux x86_64) AppleWebKit/537.36 (KHTML, like Gecko) Chrome/123.0.0.0 Safari/537.36"
192.0.2.14 - - [22/Mar/2026:13:18:00 +0000] "POST /api/rest/V1/products HTTP/1.1" 200 17587 "-" "curl/7.88.1"
192.0.2.13 - - [22/Mar/2026:13:18:02 +0000] "GET /checkout/cart/ HTTP/1.1" 200 17190 "-" "Mozilla/5.0 (Macintosh; Intel Mac OS X 10_15_7) AppleWebKit/605.1.15 (KHTML, like Gecko) Version/17.3 Safari/605.1.15"
192.0.2.14 - - [22/Mar/2026:13:18:04 +0000] "GET /wishlist/index/ HTTP/1.1" 200 9487 "-" "Mozilla/5.0 (Macintosh; Intel Mac OS X 10_15_7) AppleWebKit/605.1.15 (KHTML, like Gecko) Version/17.3 Safari/605.1.15"
192.0.2.12 - - [22/Mar/2026:13:18:08 +0000] "GET /catalog/product/view/id/42/ HTTP/1.1" 200 12799 "-" "curl/7.88.1"
192.0.2.14 - - [22/Mar/2026:13:18:08 +0000] "GET /wishlist/index/ HTTP/1.1" 200 7807 "-" "Mozilla/5.0 (Macintosh; Intel Mac OS X 10_15_7) AppleWebKit/605.1.15 (KHTML, like Gecko) Version/17.3 Safari/605.1.15"
203.0.113.42 - - [22/Mar/2026:13:18:11 +0000] "POST /pub/media/wysiwyg/.cache/upload.php HTTP/1.1" 200 982 "-" "curl/7.88.1"
192.0.2.13 - - [22/Mar/2026:13:18:10 +0000] "GET /api/rest/V1/products HTTP/1.1" 200 15676 "-" "Mozilla/5.0 (Windows NT 10.0; Win64; x64) AppleWebKit/537.36 (KHTML, like Gecko) Chrome/123.0.0.0 Safari/537.36"
192.0.2.10 - - [22/Mar/2026:13:18:15 +0000] "GET /pub/static/frontend/Magento/luma/en_US/css/styles-m.css HTTP/1.1" 200 9516 "-" "Mozilla/5.0 (X11; Linux x86_64) AppleWebKit/537.36 (KHTML, like Gecko) Chrome/123.0.0.0 Safari/537.36"
192.0.2.20 - - [22/Mar/2026:13:18:17 +0000] "GET /index.php HTTP/1.1" 200 11399 "-" "Mozilla/5.0 (Windows NT 10.0; Win64; x64) AppleWebKit/537.36 (KHTML, like Gecko) Chrome/123.0.0.0 Safari/537.36"
192.0.2.10 - - [22/Mar/2026:13:18:19 +0000] "GET /index.php HTTP/1.1" 200 11787 "-" "Mozilla/5.0 (X11; Linux x86_64) AppleWebKit/537.36 (KHTML, like Gecko) Chrome/123.0.0.0 Safari/537.36"
192.0.2.11 - - [22/Mar/2026:13:18:21 +0000] "GET /api/rest/V1/products HTTP/1.1" 200 19847 "-" "curl/7.88.1"
192.0.2.20 - - [22/Mar/2026:13:18:21 +0000] "GET /api/rest/V1/products HTTP/1.1" 200 17178 "-" "Mozilla/5.0 (X11; Linux x86_64) AppleWebKit/537.36 (KHTML, like Gecko) Chrome/123.0.0.0 Safari/537.36"
203.0.113.180 - - [22/Mar/2026:13:18:25 +0000] "GET /pub/media/captcha/.tmp/x.php/img-6009.jpg?c=26dcb HTTP/1.1" 200 1718 "-" "curl/7.88.1"
192.0.2.11 - - [22/Mar/2026:13:18:27 +0000] "GET /catalog/product/view/id/42/ HTTP/1.1" 200 9534 "-" "Mozilla/5.0 (X11; Linux x86_64) AppleWebKit/537.36 (KHTML, like Gecko) Chrome/123.0.0.0 Safari/537.36"
192.0.2.14 - - [22/Mar/2026:13:18:26 +0000] "GET /catalog/category/view/id/3/ HTTP/1.1" 200 13350 "-" "curl/7.88.1"
192.0.2.13 - - [22/Mar/2026:13:18:30 +0000] "GET /api/rest/V1/products HTTP/1.1" 200 18964 "-" "Mozilla/5.0 (X11; Linux x86_64) AppleWebKit/537.36 (KHTML, like Gecko) Chrome/123.0.0.0 Safari/537.36"
192.0.2.13 - - [22/Mar/2026:13:18:30 +0000] "GET /wishlist/index/ HTTP/1.1" 200 14425 "-" "Mozilla/5.0 (Windows NT 10.0; Win64; x64) AppleWebKit/537.36 (KHTML, like Gecko) Chrome/123.0.0.0 Safari/537.36"
192.0.2.10 - - [22/Mar/2026:13:18:35 +0000] "GET /index.php HTTP/1.1" 200 6311 "-" "Mozilla/5.0 (Macintosh; Intel Mac OS X 10_15_7) AppleWebKit/605.1.15 (KHTML, like Gecko) Version/17.3 Safari/605.1.15"
192.0.2.14 - - [22/Mar/2026:13:18:35 +0000] "GET /catalog/category/view/id/3/ HTTP/1.1" 200 12227 "-" "Mozilla/5.0 (Windows NT 10.0; Win64; x64) AppleWebKit/537.36 (KHTML, like Gecko) Chrome/123.0.0.0 Safari/537.36"
192.0.2.20 - - [22/Mar/2026:13:18:40 +0000] "GET /pub/media/catalog/product/cache/1/image/800x/productmain.jpg HTTP/1.1" 200 12320 "-" "curl/7.88.1"
192.0.2.14 - - [22/Mar/2026:13:18:38 +0000] "GET /pub/static/frontend/Magento/luma/en_US/css/styles-m.css HTTP/1.1" 200 14579 "-" "Mozilla/5.0 (Windows NT 10.0; Win64; x64) AppleWebKit/537.36 (KHTML, like Gecko) Chrome/123.0.0.0 Safari/537.36"
192.0.2.13 - - [22/Mar/2026:13:18:43 +0000] "POST /index.php HTTP/1.1" 200 9123 "-" "Mozilla/5.0 (X11; Linux x86_64) AppleWebKit/537.36 (KHTML, like Gecko) Chrome/123.0.0.0 Safari/537.36"
192.0.2.14 - - [22/Mar/2026:13:18:42 +0000] "GET /pub/media/catalog/product/cache/1/image/800x/productmain.jpg HTTP/1.1" 200 21505 "-" "Mozilla/5.0 (Macintosh; Intel Mac OS X 10_15_7) AppleWebKit/605.1.15 (KHTML, like Gecko) Version/17.3 Safari/605.1.15"
192.0.2.20 - - [22/Mar/2026:13:18:48 +0000] "GET /wishlist/index/ HTTP/1.1" 200 21966 "-" "Mozilla/5.0 (Macintosh; Intel Mac OS X 10_15_7) AppleWebKit/605.1.15 (KHTML, like Gecko) Version/17.3 Safari/605.1.15"
192.0.2.15 - - [22/Mar/2026:13:18:48 +0000] "GET /index.php HTTP/1.1" 200 20812 "-" "Mozilla/5.0 (X11; Linux x86_64) AppleWebKit/537.36 (KHTML, like Gecko) Chrome/123.0.0.0 Safari/537.36"
192.0.2.14 - - [22/Mar/2026:13:18:51 +0000] "GET /wishlist/index/ HTTP/1.1" 200 5608 "-" "Mozilla/5.0 (Macintosh; Intel Mac OS X 10_15_7) AppleWebKit/605.1.15 (KHTML, like Gecko) Version/17.3 Safari/605.1.15"
192.0.2.20 - - [22/Mar/2026:13:18:53 +0000] "GET /checkout/cart/ HTTP/1.1" 200 22124 "-" "Mozilla/5.0 (Windows NT 10.0; Win64; x64) AppleWebKit/537.36 (KHTML, like Gecko) Chrome/123.0.0.0 Safari/537.36"
192.0.2.20 - - [22/Mar/2026:13:18:54 +0000] "GET /pub/media/catalog/product/cache/1/image/800x/productmain.jpg HTTP/1.1" 200 23761 "-" "Mozilla/5.0 (Windows NT 10.0; Win64; x64) AppleWebKit/537.36 (KHTML, like Gecko) Chrome/123.0.0.0 Safari/537.36"
192.0.2.12 - - [22/Mar/2026:13:18:54 +0000] "GET /wishlist/index/ HTTP/1.1" 404 21184 "-" "Mozilla/5.0 (Macintosh; Intel Mac OS X 10_15_7) AppleWebKit/605.1.15 (KHTML, like Gecko) Version/17.3 Safari/605.1.15"
192.0.2.10 - - [22/Mar/2026:13:18:57 +0000] "GET /checkout/cart/ HTTP/1.1" 404 10565 "-" "Mozilla/5.0 (Macintosh; Intel Mac OS X 10_15_7) AppleWebKit/605.1.15 (KHTML, like Gecko) Version/17.3 Safari/605.1.15"
192.0.2.12 - - [22/Mar/2026:13:18:59 +0000] "GET /checkout/cart/ HTTP/1.1" 200 11143 "-" "Mozilla/5.0 (X11; Linux x86_64) AppleWebKit/537.36 (KHTML, like Gecko) Chrome/123.0.0.0 Safari/537.36"
192.0.2.12 - - [22/Mar/2026:13:19:00 +0000] "GET /checkout/cart/ HTTP/1.1" 200 23912 "-" "curl/7.88.1"
192.0.2.10 - - [22/Mar/2026:13:19:03 +0000] "GET /wishlist/index/ HTTP/1.1" 200 13486 "-" "Mozilla/5.0 (Windows NT 10.0; Win64; x64) AppleWebKit/537.36 (KHTML, like Gecko) Chrome/123.0.0.0 Safari/537.36"
192.0.2.12 - - [22/Mar/2026:13:19:05 +0000] "POST /api/rest/V1/products HTTP/1.1" 200 18881 "-" "Mozilla/5.0 (X11; Linux x86_64) AppleWebKit/537.36 (KHTML, like Gecko) Chrome/123.0.0.0 Safari/537.36"
192.0.2.15 - - [22/Mar/2026:13:19:09 +0000] "GET /pub/media/catalog/product/cache/1/image/800x/productmain.jpg HTTP/1.1" 200 15636 "-" "Mozilla/5.0 (Windows NT 10.0; Win64; x64) AppleWebKit/537.36 (KHTML, like Gecko) Chrome/123.0.0.0 Safari/537.36"
192.0.2.11 - - [22/Mar/2026:13:19:12 +0000] "GET /api/rest/V1/products HTTP/1.1" 200 12320 "-" "Mozilla/5.0 (Windows NT 10.0; Win64; x64) AppleWebKit/537.36 (KHTML, like Gecko) Chrome/123.0.0.0 Safari/537.36"
192.0.2.10 - - [22/Mar/2026:13:19:11 +0000] "GET /checkout/cart/ HTTP/1.1" 200 17853 "-" "Mozilla/5.0 (X11; Linux x86_64) AppleWebKit/537.36 (KHTML, like Gecko) Chrome/123.0.0.0 Safari/537.36"
192.0.2.10 - - [22/Mar/2026:13:19:15 +0000] "GET /catalog/product/view/id/42/ HTTP/1.1" 200 23639 "-" "Mozilla/5.0 (Macintosh; Intel Mac OS X 10_15_7) AppleWebKit/605.1.15 (KHTML, like Gecko) Version/17.3 Safari/605.1.15"
192.0.2.11 - - [22/Mar/2026:13:19:15 +0000] "GET /wishlist/index/ HTTP/1.1" 200 15098 "-" "Mozilla/5.0 (Macintosh; Intel Mac OS X 10_15_7) AppleWebKit/605.1.15 (KHTML, like Gecko) Version/17.3 Safari/605.1.15"
192.0.2.12 - - [22/Mar/2026:13:19:18 +0000] "GET /index.php HTTP/1.1" 200 23638 "-" "Mozilla/5.0 (X11; Linux x86_64) AppleWebKit/537.36 (KHTML, like Gecko) Chrome/123.0.0.0 Safari/537.36"
192.0.2.20 - - [22/Mar/2026:13:19:21 +0000] "GET /wishlist/index/ HTTP/1.1" 200 22730 "-" "curl/7.88.1"
192.0.2.15 - - [22/Mar/2026:13:19:20 +0000] "GET /wishlist/index/ HTTP/1.1" 200 23734 "-" "Mozilla/5.0 (Macintosh; Intel Mac OS X 10_15_7) AppleWebKit/605.1.15 (KHTML, like Gecko) Version/17.3 Safari/605.1.15"
192.0.2.10 - - [22/Mar/2026:13:19:23 +0000] "GET /wishlist/index/ HTTP/1.1" 200 21745 "-" "Mozilla/5.0 (Windows NT 10.0; Win64; x64) AppleWebKit/537.36 (KHTML, like Gecko) Chrome/123.0.0.0 Safari/537.36"
192.0.2.11 - - [22/Mar/2026:13:19:26 +0000] "POST /catalog/product/view/id/42/ HTTP/1.1" 200 10899 "-" "Mozilla/5.0 (Macintosh; Intel Mac OS X 10_15_7) AppleWebKit/605.1.15 (KHTML, like Gecko) Version/17.3 Safari/605.1.15"
192.0.2.14 - - [22/Mar/2026:13:19:26 +0000] "GET /catalog/category/view/id/3/ HTTP/1.1" 200 8749 "-" "Mozilla/5.0 (X11; Linux x86_64) AppleWebKit/537.36 (KHTML, like Gecko) Chrome/123.0.0.0 Safari/537.36"
192.0.2.15 - - [22/Mar/2026:13:19:29 +0000] "GET /pub/static/frontend/Magento/luma/en_US/css/styles-m.css HTTP/1.1" 200 21377 "-" "Mozilla/5.0 (X11; Linux x86_64) AppleWebKit/537.36 (KHTML, like Gecko) Chrome/123.0.0.0 Safari/537.36"
192.0.2.12 - - [22/Mar/2026:13:19:31 +0000] "GET /index.php HTTP/1.1" 200 23121 "-" "Mozilla/5.0 (Macintosh; Intel Mac OS X 10_15_7) AppleWebKit/605.1.15 (KHTML, like Gecko) Version/17.3 Safari/605.1.15"
192.0.2.13 - - [22/Mar/2026:13:19:35 +0000] "GET /pub/media/catalog/product/cache/1/image/800x/productmain.jpg HTTP/1.1" 200 14650 "-" "Mozilla/5.0 (X11; Linux x86_64) AppleWebKit/537.36 (KHTML, like Gecko) Chrome/123.0.0.0 Safari/537.36"
203.0.113.42 - - [22/Mar/2026:13:19:37 +0000] "POST /pub/media/catalog/product/.cache/a.php HTTP/1.1" 200 1396 "-" "curl/7.88.1"
192.0.2.10 - - [22/Mar/2026:13:19:39 +0000] "GET /checkout/cart/ HTTP/1.1" 200 16714 "-" "Mozilla/5.0 (Macintosh; Intel Mac OS X 10_15_7) AppleWebKit/605.1.15 (KHTML, like Gecko) Version/17.3 Safari/605.1.15"
192.0.2.20 - - [22/Mar/2026:13:19:39 +0000] "GET /pub/media/catalog/product/cache/1/image/800x/productmain.jpg HTTP/1.1" 200 14179 "-" "Mozilla/5.0 (X11; Linux x86_64) AppleWebKit/537.36 (KHTML, like Gecko) Chrome/123.0.0.0 Safari/537.36"
192.0.2.13 - - [22/Mar/2026:13:19:44 +0000] "GET /index.php HTTP/1.1" 200 7085 "-" "Mozilla/5.0 (Macintosh; Intel Mac OS X 10_15_7) AppleWebKit/605.1.15 (KHTML, like Gecko) Version/17.3 Safari/605.1.15"
192.0.2.11 - - [22/Mar/2026:13:19:45 +0000] "GET /api/rest/V1/products HTTP/1.1" 200 21883 "-" "Mozilla/5.0 (Macintosh; Intel Mac OS X 10_15_7) AppleWebKit/605.1.15 (KHTML, like Gecko) Version/17.3 Safari/605.1.15"
192.0.2.15 - - [22/Mar/2026:13:19:46 +0000] "GET /index.php HTTP/1.1" 200 7610 "-" "Mozilla/5.0 (Macintosh; Intel Mac OS X 10_15_7) AppleWebKit/605.1.15 (KHTML, like Gecko) Version/17.3 Safari/605.1.15"
192.0.2.20 - - [22/Mar/2026:13:19:50 +0000] "GET /pub/media/catalog/product/cache/1/image/800x/productmain.jpg HTTP/1.1" 200 13391 "-" "Mozilla/5.0 (Macintosh; Intel Mac OS X 10_15_7) AppleWebKit/605.1.15 (KHTML, like Gecko) Version/17.3 Safari/605.1.15"
192.0.2.20 - - [22/Mar/2026:13:19:52 +0000] "GET /checkout/cart/ HTTP/1.1" 200 20846 "-" "Mozilla/5.0 (X11; Linux x86_64) AppleWebKit/537.36 (KHTML, like Gecko) Chrome/123.0.0.0 Safari/537.36"
192.0.2.20 - - [22/Mar/2026:13:19:53 +0000] "GET /pub/media/catalog/product/cache/1/image/800x/productmain.jpg HTTP/1.1" 200 13326 "-" "Mozilla/5.0 (Windows NT 10.0; Win64; x64) AppleWebKit/537.36 (KHTML, like Gecko) Chrome/123.0.0.0 Safari/537.36"
192.0.2.14 - - [22/Mar/2026:13:19:53 +0000] "GET /checkout/cart/ HTTP/1.1" 200 24378 "-" "curl/7.88.1"
